Archive member included to satisfy reference by file (symbol)

app/libapp.a(spi_flash_en25.c.obj)
                              (--whole-archive)
app/libapp.a(main.c.obj)      (--whole-archive)
zephyr/libzephyr.a(crc32_sw.c.obj)
                              (--whole-archive)
zephyr/libzephyr.a(crc16_sw.c.obj)
                              (--whole-archive)
zephyr/libzephyr.a(crc8_sw.c.obj)
                              (--whole-archive)
zephyr/libzephyr.a(crc7_sw.c.obj)
                              (--whole-archive)
zephyr/libzephyr.a(dec.c.obj)
                              (--whole-archive)
zephyr/libzephyr.a(fdtable.c.obj)
                              (--whole-archive)
zephyr/libzephyr.a(hex.c.obj)
                              (--whole-archive)
zephyr/libzephyr.a(mempool.c.obj)
                              (--whole-archive)
zephyr/libzephyr.a(notify.c.obj)
                              (--whole-archive)
zephyr/libzephyr.a(printk.c.obj)
                              (--whole-archive)
zephyr/libzephyr.a(onoff.c.obj)
                              (--whole-archive)
zephyr/libzephyr.a(rb.c.obj)  (--whole-archive)
zephyr/libzephyr.a(sem.c.obj)
                              (--whole-archive)
zephyr/libzephyr.a(thread_entry.c.obj)
                              (--whole-archive)
zephyr/libzephyr.a(timeutil.c.obj)
                              (--whole-archive)
zephyr/libzephyr.a(work_q.c.obj)
                              (--whole-archive)
zephyr/libzephyr.a(heap.c.obj)
                              (--whole-archive)
zephyr/libzephyr.a(heap-validate.c.obj)
                              (--whole-archive)
zephyr/libzephyr.a(prf.c.obj)
                              (--whole-archive)
zephyr/libzephyr.a(configs.c.obj)
                              (--whole-archive)
zephyr/libzephyr.a(soc.c.obj)
                              (--whole-archive)
zephyr/libzephyr.a(power.c.obj)
                              (--whole-archive)
zephyr/libzephyr.a(validate_base_addresses.c.obj)
                              (--whole-archive)
zephyr/libzephyr.a(validate_enabled_instances.c.obj)
                              (--whole-archive)
zephyr/libzephyr.a(log_list.c.obj)
                              (--whole-archive)
zephyr/libzephyr.a(log_core.c.obj)
                              (--whole-archive)
zephyr/libzephyr.a(log_msg.c.obj)
                              (--whole-archive)
zephyr/libzephyr.a(log_output.c.obj)
                              (--whole-archive)
zephyr/libzephyr.a(log_backend_uart.c.obj)
                              (--whole-archive)
zephyr/libzephyr.a(power.c.obj)
                              (--whole-archive)
zephyr/libzephyr.a(device.c.obj)
                              (--whole-archive)
zephyr/libzephyr.a(reboot.c.obj)
                              (--whole-archive)
zephyr/libzephyr.a(policy_residency.c.obj)
                              (--whole-archive)
zephyr/libzephyr.a(uart_console.c.obj)
                              (--whole-archive)
zephyr/libzephyr.a(clock_control_nrf.c.obj)
                              (--whole-archive)
zephyr/libzephyr.a(sys_clock_init.c.obj)
                              (--whole-archive)
zephyr/libzephyr.a(nrf_rtc_timer.c.obj)
                              (--whole-archive)
zephyr/libzephyr.a(secure_services_ns.c.obj)
                              (--whole-archive)
zephyr/arch/common/libarch__common.a(sw_isr_common.c.obj)
                              (--whole-archive)
zephyr/arch/arch/arm/core/aarch32/libarch__arm__core__aarch32.a(swap.c.obj)
                              (--whole-archive)
zephyr/arch/arch/arm/core/aarch32/libarch__arm__core__aarch32.a(swap_helper.S.obj)
                              (--whole-archive)
zephyr/arch/arch/arm/core/aarch32/libarch__arm__core__aarch32.a(irq_manage.c.obj)
                              (--whole-archive)
zephyr/arch/arch/arm/core/aarch32/libarch__arm__core__aarch32.a(thread.c.obj)
                              (--whole-archive)
zephyr/arch/arch/arm/core/aarch32/libarch__arm__core__aarch32.a(cpu_idle.S.obj)
                              (--whole-archive)
zephyr/arch/arch/arm/core/aarch32/libarch__arm__core__aarch32.a(fatal.c.obj)
                              (--whole-archive)
zephyr/arch/arch/arm/core/aarch32/libarch__arm__core__aarch32.a(nmi.c.obj)
                              (--whole-archive)
zephyr/arch/arch/arm/core/aarch32/libarch__arm__core__aarch32.a(nmi_on_reset.S.obj)
                              (--whole-archive)
zephyr/arch/arch/arm/core/aarch32/libarch__arm__core__aarch32.a(prep_c.c.obj)
                              (--whole-archive)
zephyr/arch/arch/arm/core/aarch32/libarch__arm__core__aarch32.a(isr_wrapper.S.obj)
                              (--whole-archive)
zephyr/arch/arch/arm/core/aarch32/cortex_m/libarch__arm__core__aarch32__cortex_m.a(vector_table.S.obj)
                              (--whole-archive)
zephyr/arch/arch/arm/core/aarch32/cortex_m/libarch__arm__core__aarch32__cortex_m.a(reset.S.obj)
[...]
Memory Configuration

Name             Origin             Length             Attributes
FLASH            0x000000000000c000 0x00000000000f4000 xr
SRAM             0x0000000020010000 0x0000000000030000 xw
IDT_LIST         0x0000000020040000 0x0000000000000800 xw
*default*        0x0000000000000000 0xffffffffffffffff

Linker script and memory map

LOAD zephyr/CMakeFiles/zephyr_final.dir/misc/empty_file.c.obj
LOAD zephyr/CMakeFiles/zephyr_final.dir/isr_tables.c.obj
                0x0000000000000020                _region_min_align = 0x20

.rel.plt        0x000000000000c000        0x0
 *(SORT_BY_ALIGNMENT(.rel.plt))
                [!provide]                        PROVIDE (__rel_iplt_start = .)
 *(SORT_BY_ALIGNMENT(.rel.iplt))
 .rel.iplt      0x000000000000c000        0x0 zephyr/CMakeFiles/zephyr_final.dir/isr_tables.c.obj
                [!provide]                        PROVIDE (__rel_iplt_end = .)

.rela.plt       0x0000000000000000        0x0
 *(SORT_BY_ALIGNMENT(.rela.plt))
                [!provide]                        PROVIDE (__rela_iplt_start = .)
 *(SORT_BY_ALIGNMENT(.rela.iplt))
                [!provide]                        PROVIDE (__rela_iplt_end = .)

.rel.dyn
 *(SORT_BY_ALIGNMENT(.rel.*))

.rela.dyn
 *(SORT_BY_ALIGNMENT(.rela.*))

/DISCARD/
 *(SORT_BY_ALIGNMENT(.plt))
 *(SORT_BY_ALIGNMENT(.iplt))
 *(SORT_BY_ALIGNMENT(.got.plt))
 *(SORT_BY_ALIGNMENT(.igot.plt))
 *(SORT_BY_ALIGNMENT(.got))
 *(SORT_BY_ALIGNMENT(.igot))
 *(SORT_BY_ALIGNMENT(.irq_info*))
 *(SORT_BY_ALIGNMENT(.intList*))
 *(SORT_BY_ALIGNMENT(.note.GNU-stack))
                0x000000000000c000                _image_rom_start = 0xc000

rom_start       0x000000000000c000      0x23c
                0x0000000000000000                . = 0x0
                0x0000000000000000                . = ALIGN (0x4)
                0x0000000000000000                . = ALIGN (0x80)
                0x0000000000000000                . = ALIGN (0x200)
                0x000000000000c000                _vector_start = .
 *(SORT_BY_ALIGNMENT(.exc_vector_table))
 *(SORT_BY_ALIGNMENT(.exc_vector_table.*))
 .exc_vector_table._vector_table_section
                0x000000000000c000       0x40 zephyr/arch/arch/arm/core/aarch32/cortex_m/libarch__arm__core__aarch32__cortex_m.a(vector_table.S.obj)
                0x000000000000c000                _vector_table
 *(SORT_BY_ALIGNMENT(.gnu.linkonce.irq_vector_table*))
 .gnu.linkonce.irq_vector_table*
                0x000000000000c040      0x104 zephyr/CMakeFiles/zephyr_final.dir/isr_tables.c.obj
                0x000000000000c040                _irq_vector_table
 *(SORT_BY_ALIGNMENT(.vectors))
                0x000000000000c144                _vector_end = .
 *(SORT_BY_ALIGNMENT(.openocd_dbg))
 *(SORT_BY_ALIGNMENT(.openocd_dbg.*))
                0x0000000000000200                . = 0x200
 *fill*         0x000000000000c144       0xbc 
                0x000000000000c200                _fw_info_start = .
 *(SORT_BY_NAME(SORT_BY_ALIGNMENT(.firmware_info*)))
 .firmware_info
                0x000000000000c200       0x3c modules/nrf/subsys/fw_info/lib..__nrf__subsys__fw_info.a(fw_info.c.obj)
                0x000000000000c200                m_firmware_info
                0x000000000000003c                _fw_info_size = ABSOLUTE ((. - _fw_info_start))

text            0x000000000000c23c     0x5516
                0x000000000000c23c                _image_text_start = .
 *(SORT_BY_ALIGNMENT(.text))
 .text          0x000000000000c23c       0x30 /opt/gnuarmemb/gcc-arm-none-eabi-8-2019-q3-update/bin/../lib/gcc/arm-none-eabi/8.3.1/thumb/v8-m.main/nofp/libgcc.a(_aeabi_uldivmod.o)
                0x000000000000c23c                __aeabi_uldivmod
 .text          0x000000000000c26c      0x2c8 /opt/gnuarmemb/gcc-arm-none-eabi-8-2019-q3-update/bin/../lib/gcc/arm-none-eabi/8.3.1/thumb/v8-m.main/nofp/libgcc.a(_udivmoddi4.o)
                0x000000000000c26c                __udivmoddi4
 .text          0x000000000000c534        0x4 /opt/gnuarmemb/gcc-arm-none-eabi-8-2019-q3-update/bin/../lib/gcc/arm-none-eabi/8.3.1/thumb/v8-m.main/nofp/libgcc.a(_dvmd_tls.o)
                0x000000000000c534                __aeabi_ldiv0
                0x000000000000c534                __aeabi_idiv0
 *(SORT_BY_ALIGNMENT(.text.*))
 .text.flash_at45_get_parameters
                0x000000000000c538        0x8 app/libapp.a(spi_flash_en25.c.obj)
 .text.read_status_register
                0x000000000000c540       0x78 app/libapp.a(spi_flash_en25.c.obj)
 .text.perform_erase_op
                0x000000000000c5b8       0x7c app/libapp.a(spi_flash_en25.c.obj)
 .text.spi_flash_at45_write
                0x000000000000c634       0xd8 app/libapp.a(spi_flash_en25.c.obj)
 .text.power_down_op
                0x000000000000c70c       0x6c app/libapp.a(spi_flash_en25.c.obj)
 .text.spi_flash_at45_init
                0x000000000000c778      0x1cc app/libapp.a(spi_flash_en25.c.obj)
 .text.spi_flash_at45_erase
                0x000000000000c944      0x158 app/libapp.a(spi_flash_en25.c.obj)
 .text.spi_flash_at45_read
                0x000000000000ca9c       0xa4 app/libapp.a(spi_flash_en25.c.obj)
 .text.main     0x000000000000cb40       0x88 app/libapp.a(main.c.obj)
                0x000000000000cb40                main
 .text.char_out
                0x000000000000cbc8       0x10 zephyr/libzephyr.a(printk.c.obj)
 .text.print_digits.part.0
                0x000000000000cbd8       0x94 zephyr/libzephyr.a(printk.c.obj)
 .text.__printk_hook_install
                0x000000000000cc6c        0xc zephyr/libzephyr.a(printk.c.obj)
                0x000000000000cc6c                __printk_hook_install
 .text.vprintk  0x000000000000cc78       0x1c zephyr/libzephyr.a(printk.c.obj)
                0x000000000000cc78                vprintk
 .text.process_event
                0x000000000000cc94      0x1bc zephyr/libzephyr.a(onoff.c.obj)
 .text.nordicsemi_nrf91_init
                0x000000000000ce50       0x28 zephyr/libzephyr.a(soc.c.obj)
 .text.arch_busy_wait
                0x000000000000ce78       0x14 zephyr/libzephyr.a(soc.c.obj)
                0x000000000000ce78                arch_busy_wait
 .text.log_generic
                0x000000000000ce8c       0x5c zephyr/libzephyr.a(log_core.c.obj)
                0x000000000000ce8c                log_generic
 .text.log_core_init
                0x000000000000cee8       0x18 zephyr/libzephyr.a(log_core.c.obj)
                0x000000000000cee8                log_core_init
 .text.log_source_name_get
                0x000000000000cf00       0x1c zephyr/libzephyr.a(log_core.c.obj)
                0x000000000000cf00                log_source_name_get
 .text.log_backend_enable
                0x000000000000cf1c       0x34 zephyr/libzephyr.a(log_core.c.obj)
                0x000000000000cf1c                log_backend_enable
 .text.log_init
                0x000000000000cf50       0x4c zephyr/libzephyr.a(log_core.c.obj)
                0x000000000000cf50                log_init
 .text.z_impl_log_panic
                0x000000000000cf9c       0x40 zephyr/libzephyr.a(log_core.c.obj)
                0x000000000000cf9c                z_impl_log_panic
 .text.print_formatted
                0x000000000000cfdc       0x24 zephyr/libzephyr.a(log_output.c.obj)
 .text.prefix_print
                0x000000000000d000      0x11c zephyr/libzephyr.a(log_output.c.obj)
 .text.postfix_print
                0x000000000000d11c       0x3c zephyr/libzephyr.a(log_output.c.obj)
 .text.hexdump_line_print
                0x000000000000d158       0xd8 zephyr/libzephyr.a(log_output.c.obj)
 .text.log_output_string
                0x000000000000d230       0x70 zephyr/libzephyr.a(log_output.c.obj)
                0x000000000000d230                log_output_string
 .text.log_output_hexdump
                0x000000000000d2a0       0x74 zephyr/libzephyr.a(log_output.c.obj)
                0x000000000000d2a0                log_output_hexdump
 .text.log_output_timestamp_freq_set
                0x000000000000d314       0x30 zephyr/libzephyr.a(log_output.c.obj)
                0x000000000000d314                log_output_timestamp_freq_set
 .text.char_out
                0x000000000000d344       0x24 zephyr/libzephyr.a(log_backend_uart.c.obj)
 .text.panic    0x000000000000d368        0xc zephyr/libzephyr.a(log_backend_uart.c.obj)
 .text.log_backend_uart_init
                0x000000000000d374       0x18 zephyr/libzephyr.a(log_backend_uart.c.obj)
 .text.sync_hexdump
                0x000000000000d38c       0x20 zephyr/libzephyr.a(log_backend_uart.c.obj)
 .text.sync_string
                0x000000000000d3ac       0x1c zephyr/libzephyr.a(log_backend_uart.c.obj)
 .text.sys_pm_create_device_list
                0x000000000000d3c8       0x98 zephyr/libzephyr.a(device.c.obj)
                0x000000000000d3c8                sys_pm_create_device_list
 .text.uart_console_init
                0x000000000000d460       0x2c zephyr/libzephyr.a(uart_console.c.obj)
 .text.console_out
                0x000000000000d48c       0x28 zephyr/libzephyr.a(uart_console.c.obj)
 .text.onoff_stop
                0x000000000000d4b4       0x48 zephyr/libzephyr.a(clock_control_nrf.c.obj)
 .text.onoff_start
                0x000000000000d4fc       0x54 zephyr/libzephyr.a(clock_control_nrf.c.obj)
 .text.clk_init
                0x000000000000d550       0x60 zephyr/libzephyr.a(clock_control_nrf.c.obj)
 .text.clkstarted_handle.constprop.10
                0x000000000000d5b0       0x34 zephyr/libzephyr.a(clock_control_nrf.c.obj)
 .text.generic_hfclk_start
                0x000000000000d5e4       0x64 zephyr/libzephyr.a(clock_control_nrf.c.obj)
 .text.clock_event_handler
                0x000000000000d648       0x1c zephyr/libzephyr.a(clock_control_nrf.c.obj)
 .text.generic_hfclk_stop
                0x000000000000d664       0x24 zephyr/libzephyr.a(clock_control_nrf.c.obj)
 .text.api_blocking_start
                0x000000000000d688       0x38 zephyr/libzephyr.a(clock_control_nrf.c.obj)
 .text.z_nrf_clock_control_lf_on
                0x000000000000d6c0       0xfc zephyr/libzephyr.a(clock_control_nrf.c.obj)
                0x000000000000d6c0                z_nrf_clock_control_lf_on
 .text.handle_next_cycle_case
                0x000000000000d7bc       0x28 zephyr/libzephyr.a(nrf_rtc_timer.c.obj)
 .text.rtc_nrf_isr
                0x000000000000d7e4       0x2c zephyr/libzephyr.a(nrf_rtc_timer.c.obj)
                0x000000000000d7e4                rtc_nrf_isr
 .text.z_clock_driver_init
                0x000000000000d810       0x54 zephyr/libzephyr.a(nrf_rtc_timer.c.obj)
                0x000000000000d810                z_clock_driver_init
 .text.z_clock_set_timeout
                0x000000000000d864       0xcc zephyr/libzephyr.a(nrf_rtc_timer.c.obj)
                0x000000000000d864                z_clock_set_timeout
 .text.z_clock_elapsed
                0x000000000000d930       0x34 zephyr/libzephyr.a(nrf_rtc_timer.c.obj)
                0x000000000000d930                z_clock_elapsed
 .text.z_timer_cycle_get_32
                0x000000000000d964       0x34 zephyr/libzephyr.a(nrf_rtc_timer.c.obj)
                0x000000000000d964                z_timer_cycle_get_32
 .text.arch_swap
                0x000000000000d998       0x34 zephyr/arch/arch/arm/core/aarch32/libarch__arm__core__aarch32.a(swap.c.obj)
                0x000000000000d998                arch_swap
 .text.z_arm_pendsv
                0x000000000000d9cc       0x58 zephyr/arch/arch/arm/core/aarch32/libarch__arm__core__aarch32.a(swap_helper.S.obj)
                0x000000000000d9cc                z_arm_pendsv
 .text.z_arm_svc
                0x000000000000da24       0x20 zephyr/arch/arch/arm/core/aarch32/libarch__arm__core__aarch32.a(swap_helper.S.obj)
                0x000000000000da24                z_arm_svc
 .text.arch_irq_enable
                0x000000000000da44       0x20 zephyr/arch/arch/arm/core/aarch32/libarch__arm__core__aarch32.a(irq_manage.c.obj)
                0x000000000000da44                arch_irq_enable
 .text.arch_irq_disable
                0x000000000000da64       0x28 zephyr/arch/arch/arm/core/aarch32/libarch__arm__core__aarch32.a(irq_manage.c.obj)
                0x000000000000da64                arch_irq_disable
 .text.arch_irq_is_enabled
                0x000000000000da8c       0x1c zephyr/arch/arch/arm/core/aarch32/libarch__arm__core__aarch32.a(irq_manage.c.obj)
                0x000000000000da8c                arch_irq_is_enabled
 .text.z_arm_irq_priority_set
                0x000000000000daa8       0x30 zephyr/arch/arch/arm/core/aarch32/libarch__arm__core__aarch32.a(irq_manage.c.obj)
                0x000000000000daa8                z_arm_irq_priority_set
 .text.arch_new_thread
                0x000000000000dad8       0x38 zephyr/arch/arch/arm/core/aarch32/libarch__arm__core__aarch32.a(thread.c.obj)
                0x000000000000dad8                arch_new_thread
 .text.arch_switch_to_main_thread
                0x000000000000db10       0x34 zephyr/arch/arch/arm/core/aarch32/libarch__arm__core__aarch32.a(thread.c.obj)
                0x000000000000db10                arch_switch_to_main_thread
 .text.z_arm_cpu_idle_init
                0x000000000000db44        0xc zephyr/arch/arch/arm/core/aarch32/libarch__arm__core__aarch32.a(cpu_idle.S.obj)
                0x000000000000db44                z_arm_cpu_idle_init
 .text.arch_cpu_idle
                0x000000000000db50       0x1c zephyr/arch/arch/arm/core/aarch32/libarch__arm__core__aarch32.a(cpu_idle.S.obj)
                0x000000000000db50                arch_cpu_idle
 .text.arch_cpu_atomic_idle
                0x000000000000db6c       0x14 zephyr/arch/arch/arm/core/aarch32/libarch__arm__core__aarch32.a(cpu_idle.S.obj)
                0x000000000000db6c                arch_cpu_atomic_idle
 .text.z_arm_fatal_error
                0x000000000000db80       0xa0 zephyr/arch/arch/arm/core/aarch32/libarch__arm__core__aarch32.a(fatal.c.obj)
                0x000000000000db80                z_arm_fatal_error
 .text.z_SysNmiOnReset
                0x000000000000dc20        0x8 zephyr/arch/arch/arm/core/aarch32/libarch__arm__core__aarch32.a(nmi_on_reset.S.obj)
                0x000000000000dc20                z_SysNmiOnReset
 .text.z_arm_prep_c
                0x000000000000dc28       0x44 zephyr/arch/arch/arm/core/aarch32/libarch__arm__core__aarch32.a(prep_c.c.obj)
                0x000000000000dc28                z_arm_prep_c
 .text._isr_wrapper
                0x000000000000dc6c       0x40 zephyr/arch/arch/arm/core/aarch32/libarch__arm__core__aarch32.a(isr_wrapper.S.obj)
                0x000000000000dc6c                _isr_wrapper
 .text._reset_section
                0x000000000000dcac       0x30 zephyr/arch/arch/arm/core/aarch32/cortex_m/libarch__arm__core__aarch32__cortex_m.a(reset.S.obj)
                0x000000000000dcac                z_arm_reset
                0x000000000000dcac                __start
 .text.__fault  0x000000000000dcdc       0x14 zephyr/arch/arch/arm/core/aarch32/cortex_m/libarch__arm__core__aarch32__cortex_m.a(fault_s.S.obj)
                0x000000000000dcdc                z_arm_bus_fault
                0x000000000000dcdc                z_arm_usage_fault
                0x000000000000dcdc                z_arm_mpu_fault
                0x000000000000dcdc                z_arm_exc_spurious
                0x000000000000dcdc                z_arm_debug_monitor
                0x000000000000dcdc                z_arm_hard_fault
 .text.mem_manage_fault.isra.2
                0x000000000000dcf0      0x110 zephyr/arch/arch/arm/core/aarch32/cortex_m/libarch__arm__core__aarch32__cortex_m.a(fault.c.obj)
 .text.bus_fault.isra.3
                0x000000000000de00      0x12c zephyr/arch/arch/arm/core/aarch32/cortex_m/libarch__arm__core__aarch32__cortex_m.a(fault.c.obj)
 .text.usage_fault.isra.4
                0x000000000000df2c      0x128 zephyr/arch/arch/arm/core/aarch32/cortex_m/libarch__arm__core__aarch32__cortex_m.a(fault.c.obj)
 .text.z_arm_fault
                0x000000000000e054      0x1e4 zephyr/arch/arch/arm/core/aarch32/cortex_m/libarch__arm__core__aarch32__cortex_m.a(fault.c.obj)
                0x000000000000e054                z_arm_fault
 .text.z_arm_fault_init
                0x000000000000e238       0x18 zephyr/arch/arch/arm/core/aarch32/cortex_m/libarch__arm__core__aarch32__cortex_m.a(fault.c.obj)
                0x000000000000e238                z_arm_fault_init
 .text._HandlerModeExit
                0x000000000000e250       0x1c zephyr/arch/arch/arm/core/aarch32/cortex_m/libarch__arm__core__aarch32__cortex_m.a(exc_exit.S.obj)
                0x000000000000e250                z_arm_exc_exit
                0x000000000000e250                z_arm_int_exit
 .text.sys_arch_reboot
                0x000000000000e26c       0x24 zephyr/arch/arch/arm/core/aarch32/cortex_m/libarch__arm__core__aarch32__cortex_m.a(scb.c.obj)
                0x000000000000e26c                sys_arch_reboot
 .text.z_arm_interrupt_init
                0x000000000000e290       0x18 zephyr/arch/arch/arm/core/aarch32/cortex_m/libarch__arm__core__aarch32__cortex_m.a(irq_init.c.obj)
                0x000000000000e290                z_arm_interrupt_init
 .text.z_impl_k_thread_abort
                0x000000000000e2a8       0x58 zephyr/arch/arch/arm/core/aarch32/cortex_m/libarch__arm__core__aarch32__cortex_m.a(thread_abort.c.obj)
                0x000000000000e2a8                z_impl_k_thread_abort
 .text.z_arm_configure_static_mpu_regions
                0x000000000000e300       0x54 zephyr/arch/arch/arm/core/aarch32/cortex_m/mpu/libarch__arm__core__aarch32__cortex_m__mpu.a(arm_core_mpu.c.obj)
                0x000000000000e300                z_arm_configure_static_mpu_regions
 .text.region_init
                0x000000000000e354       0x30 zephyr/arch/arch/arm/core/aarch32/cortex_m/mpu/libarch__arm__core__aarch32__cortex_m__mpu.a(arm_mpu.c.obj)
 .text.region_allocate_and_init
                0x000000000000e384       0x40 zephyr/arch/arch/arm/core/aarch32/cortex_m/mpu/libarch__arm__core__aarch32__cortex_m__mpu.a(arm_mpu.c.obj)
 .text.mpu_configure_regions_and_partition.constprop.1
                0x000000000000e3c4      0x184 zephyr/arch/arch/arm/core/aarch32/cortex_m/mpu/libarch__arm__core__aarch32__cortex_m__mpu.a(arm_mpu.c.obj)
 .text.arm_core_mpu_enable
                0x000000000000e548       0x14 zephyr/arch/arch/arm/core/aarch32/cortex_m/mpu/libarch__arm__core__aarch32__cortex_m__mpu.a(arm_mpu.c.obj)
                0x000000000000e548                arm_core_mpu_enable
 .text.arm_core_mpu_disable
                0x000000000000e55c       0x10 zephyr/arch/arch/arm/core/aarch32/cortex_m/mpu/libarch__arm__core__aarch32__cortex_m__mpu.a(arm_mpu.c.obj)
                0x000000000000e55c                arm_core_mpu_disable
 .text.arm_mpu_init
                0x000000000000e56c       0x4c zephyr/arch/arch/arm/core/aarch32/cortex_m/mpu/libarch__arm__core__aarch32__cortex_m__mpu.a(arm_mpu.c.obj)
 .text.arm_core_mpu_configure_static_mpu_regions
                0x000000000000e5b8       0x14 zephyr/arch/arch/arm/core/aarch32/cortex_m/mpu/libarch__arm__core__aarch32__cortex_m__mpu.a(arm_mpu.c.obj)
                0x000000000000e5b8                arm_core_mpu_configure_static_mpu_regions
 .text.arm_core_mpu_mark_areas_for_dynamic_regions
                0x000000000000e5cc       0xa8 zephyr/arch/arch/arm/core/aarch32/cortex_m/mpu/libarch__arm__core__aarch32__cortex_m__mpu.a(arm_mpu.c.obj)
                0x000000000000e5cc                arm_core_mpu_mark_areas_for_dynamic_regions
 .text.__stdout_hook_install
                0x000000000000e674        0xc zephyr/lib/libc/minimal/liblib__libc__minimal.a(stdout_console.c.obj)
                0x000000000000e674                __stdout_hook_install
 .text.nrf_gpio_cfg_sense_set
                0x000000000000e680       0x20 zephyr/drivers/gpio/libdrivers__gpio.a(gpio_nrfx.c.obj)
 .text.gpio_nrfx_init
                0x000000000000e6a0       0x30 zephyr/drivers/gpio/libdrivers__gpio.a(gpio_nrfx.c.obj)
 .text.gpio_nrfx_config
                0x000000000000e6d0       0xb4 zephyr/drivers/gpio/libdrivers__gpio.a(gpio_nrfx.c.obj)
 .text.gpio_nrfx_pin_interrupt_configure
                0x000000000000e784      0x1c0 zephyr/drivers/gpio/libdrivers__gpio.a(gpio_nrfx.c.obj)
 .text.gpiote_event_handler
                0x000000000000e944      0x108 zephyr/drivers/gpio/libdrivers__gpio.a(gpio_nrfx.c.obj)
 .text.init_spim
                0x000000000000ea4c       0x64 zephyr/drivers/spi/libdrivers__spi.a(spi_nrfx_spim.c.obj)
 .text.transfer_next_chunk
                0x000000000000eab0       0xa4 zephyr/drivers/spi/libdrivers__spi.a(spi_nrfx_spim.c.obj)
 .text.event_handler
                0x000000000000eb54       0xc8 zephyr/drivers/spi/libdrivers__spi.a(spi_nrfx_spim.c.obj)
 .text.spi_nrfx_transceive
                0x000000000000ec1c      0x294 zephyr/drivers/spi/libdrivers__spi.a(spi_nrfx_spim.c.obj)
 .text.flash_nrf_pages_layout
                0x000000000000eeb0       0x10 zephyr/drivers/flash/libdrivers__flash.a(soc_flash_nrf.c.obj)
 .text.flash_nrf_get_parameters
                0x000000000000eec0        0x8 zephyr/drivers/flash/libdrivers__flash.a(soc_flash_nrf.c.obj)
 .text.flash_nrf_erase
                0x000000000000eec8       0x64 zephyr/drivers/flash/libdrivers__flash.a(soc_flash_nrf.c.obj)
 .text.nrf_flash_init
                0x000000000000ef2c       0x28 zephyr/drivers/flash/libdrivers__flash.a(soc_flash_nrf.c.obj)
 .text.flash_nrf_write
                0x000000000000ef54       0x68 zephyr/drivers/flash/libdrivers__flash.a(soc_flash_nrf.c.obj)
 .text.uarte_nrfx_configure
                0x000000000000efbc      0x16c zephyr/drivers/serial/libdrivers__serial.a(uart_nrfx_uarte.c.obj)
 .text.uarte_instance_init.isra.2
                0x000000000000f128       0xb4 zephyr/drivers/serial/libdrivers__serial.a(uart_nrfx_uarte.c.obj)
 .text.uarte_0_init
                0x000000000000f1dc       0x20 zephyr/drivers/serial/libdrivers__serial.a(uart_nrfx_uarte.c.obj)
 .text.uarte_1_init
                0x000000000000f1fc       0x20 zephyr/drivers/serial/libdrivers__serial.a(uart_nrfx_uarte.c.obj)
 .text.uarte_nrfx_pm_control
                0x000000000000f21c      0x164 zephyr/drivers/serial/libdrivers__serial.a(uart_nrfx_uarte.c.obj)
 .text.k_sys_fatal_error_handler
                0x000000000000f380       0x34 modules/nrf/lib/fatal_error/lib..__nrf__lib__fatal_error.a(fatal_error.c.obj)
                0x000000000000f380                k_sys_fatal_error_handler
 .text.check_ext_api_requests
                0x000000000000f3b4       0x9c modules/nrf/subsys/fw_info/lib..__nrf__subsys__fw_info.a(fw_info.c.obj)
 .text.SystemInit
                0x000000000000f450       0x10 modules/nordic/lib..__modules__hal__nordic.a(system_nrf9160.c.obj)
                0x000000000000f450                SystemInit
 .text.nrfx_clock_init
                0x000000000000f460       0x20 modules/nordic/lib..__modules__hal__nordic.a(nrfx_clock.c.obj)
                0x000000000000f460                nrfx_clock_init
 .text.nrfx_clock_start
                0x000000000000f480       0x64 modules/nordic/lib..__modules__hal__nordic.a(nrfx_clock.c.obj)
                0x000000000000f480                nrfx_clock_start
 .text.nrfx_clock_stop
                0x000000000000f4e4       0x80 modules/nordic/lib..__modules__hal__nordic.a(nrfx_clock.c.obj)
                0x000000000000f4e4                nrfx_clock_stop
 .text.nrfx_power_clock_irq_handler
                0x000000000000f564       0x68 modules/nordic/lib..__modules__hal__nordic.a(nrfx_clock.c.obj)
                0x000000000000f564                nrfx_power_clock_irq_handler
 .text.nvmc_word_write
                0x000000000000f5cc       0x18 modules/nordic/lib..__modules__hal__nordic.a(nrfx_nvmc.c.obj)
 .text.nrfx_nvmc_page_erase
                0x000000000000f5e4       0x38 modules/nordic/lib..__modules__hal__nordic.a(nrfx_nvmc.c.obj)
                0x000000000000f5e4                nrfx_nvmc_page_erase
 .text.nrfx_nvmc_word_write
                0x000000000000f61c       0x1c modules/nordic/lib..__modules__hal__nordic.a(nrfx_nvmc.c.obj)
                0x000000000000f61c                nrfx_nvmc_word_write
 .text.nrfx_spim_init
                0x000000000000f638      0x14c modules/nordic/lib..__modules__hal__nordic.a(nrfx_spim.c.obj)
                0x000000000000f638                nrfx_spim_init
 .text.nrfx_spim_uninit
                0x000000000000f784       0xb4 modules/nordic/lib..__modules__hal__nordic.a(nrfx_spim.c.obj)
                0x000000000000f784                nrfx_spim_uninit
 .text.nrfx_spim_xfer
                0x000000000000f838      0x12c modules/nordic/lib..__modules__hal__nordic.a(nrfx_spim.c.obj)
                0x000000000000f838                nrfx_spim_xfer
 .text.nrfx_spim_3_irq_handler
                0x000000000000f964       0x50 modules/nordic/lib..__modules__hal__nordic.a(nrfx_spim.c.obj)
                0x000000000000f964                nrfx_spim_3_irq_handler
 .text.z_sys_init_run_level
                0x000000000000f9b4       0x58 zephyr/kernel/libkernel.a(device.c.obj)
                0x000000000000f9b4                z_sys_init_run_level
 .text.z_device_get_all_static
                0x000000000000fa0c       0x1c zephyr/kernel/libkernel.a(device.c.obj)
                0x000000000000fa0c                z_device_get_all_static
 .text.z_device_ready
                0x000000000000fa28       0x34 zephyr/kernel/libkernel.a(device.c.obj)
                0x000000000000fa28                z_device_ready
 .text.z_impl_device_get_binding
                0x000000000000fa5c       0x50 zephyr/kernel/libkernel.a(device.c.obj)
                0x000000000000fa5c                z_impl_device_get_binding
 .text.z_fatal_error
                0x000000000000faac       0xe0 zephyr/kernel/libkernel.a(fatal.c.obj)
                0x000000000000faac                z_fatal_error
 .text.idle     0x000000000000fb8c       0x34 zephyr/kernel/libkernel.a(idle.c.obj)
                0x000000000000fb8c                idle
 .text.z_bss_zero
                0x000000000000fbc0       0x14 zephyr/kernel/libkernel.a(init.c.obj)
                0x000000000000fbc0                z_bss_zero
 .text.z_data_copy
                0x000000000000fbd4       0x34 zephyr/kernel/libkernel.a(init.c.obj)
                0x000000000000fbd4                z_data_copy
 .text.bg_thread_main
                0x000000000000fc08       0x48 zephyr/kernel/libkernel.a(init.c.obj)
 .text.z_cstart
                0x000000000000fc50      0x104 zephyr/kernel/libkernel.a(init.c.obj)
                0x000000000000fc50                z_cstart
 .text.init_mem_slab_module
                0x000000000000fd54       0x44 zephyr/kernel/libkernel.a(mem_slab.c.obj)
 .text.z_reset_time_slice
                0x000000000000fd98       0x2c zephyr/kernel/libkernel.a(sched.c.obj)
                0x000000000000fd98                z_reset_time_slice
 .text.k_sched_time_slice_set
                0x000000000000fdc4       0x58 zephyr/kernel/libkernel.a(sched.c.obj)
                0x000000000000fdc4                k_sched_time_slice_set
 .text.z_reschedule
                0x000000000000fe1c       0x24 zephyr/kernel/libkernel.a(sched.c.obj)
                0x000000000000fe1c                z_reschedule
 .text.k_sched_lock
                0x000000000000fe40       0x28 zephyr/kernel/libkernel.a(sched.c.obj)
                0x000000000000fe40                k_sched_lock
 .text.z_priq_dumb_remove
                0x000000000000fe68       0x2c zephyr/kernel/libkernel.a(sched.c.obj)
                0x000000000000fe68                z_priq_dumb_remove
 .text.update_cache
                0x000000000000fe94       0x48 zephyr/kernel/libkernel.a(sched.c.obj)
 .text.k_sched_unlock
                0x000000000000fedc       0x38 zephyr/kernel/libkernel.a(sched.c.obj)
                0x000000000000fedc                k_sched_unlock
 .text.ready_thread
                0x000000000000ff14       0x60 zephyr/kernel/libkernel.a(sched.c.obj)
 .text.z_sched_start
                0x000000000000ff74       0x3c zephyr/kernel/libkernel.a(sched.c.obj)
                0x000000000000ff74                z_sched_start
 .text.move_thread_to_end_of_prio_q
                0x000000000000ffb0       0x70 zephyr/kernel/libkernel.a(sched.c.obj)
 .text.z_time_slice
                0x0000000000010020       0x84 zephyr/kernel/libkernel.a(sched.c.obj)
                0x0000000000010020                z_time_slice
 .text.z_impl_k_thread_suspend
                0x00000000000100a4       0x68 zephyr/kernel/libkernel.a(sched.c.obj)
                0x00000000000100a4                z_impl_k_thread_suspend
 .text.z_thread_single_abort
                0x000000000001010c       0xb8 zephyr/kernel/libkernel.a(sched.c.obj)
                0x000000000001010c                z_thread_single_abort
 .text.unready_thread
                0x00000000000101c4       0x38 zephyr/kernel/libkernel.a(sched.c.obj)
 .text.pend     0x00000000000101fc       0x4c zephyr/kernel/libkernel.a(sched.c.obj)
 .text.z_pend_curr
                0x0000000000010248       0x28 zephyr/kernel/libkernel.a(sched.c.obj)
                0x0000000000010248                z_pend_curr
 .text.z_tick_sleep.part.21
                0x0000000000010270       0x5c zephyr/kernel/libkernel.a(sched.c.obj)
 .text.z_sched_init
                0x00000000000102cc       0x18 zephyr/kernel/libkernel.a(sched.c.obj)
                0x00000000000102cc                z_sched_init
 .text.z_impl_k_yield
                0x00000000000102e4       0x98 zephyr/kernel/libkernel.a(sched.c.obj)
                0x00000000000102e4                z_impl_k_yield
 .text.z_impl_k_sleep
                0x000000000001037c       0x40 zephyr/kernel/libkernel.a(sched.c.obj)
                0x000000000001037c                z_impl_k_sleep
 .text.z_impl_k_current_get
                0x00000000000103bc        0xc zephyr/kernel/libkernel.a(sched.c.obj)
                0x00000000000103bc                z_impl_k_current_get
 .text.z_impl_k_sem_give
                0x00000000000103c8       0x40 zephyr/kernel/libkernel.a(sem.c.obj)
                0x00000000000103c8                z_impl_k_sem_give
 .text.z_impl_k_sem_take
                0x0000000000010408       0x54 zephyr/kernel/libkernel.a(sem.c.obj)
                0x0000000000010408                z_impl_k_sem_take
 .text.z_setup_new_thread
                0x000000000001045c       0x5c zephyr/kernel/libkernel.a(thread.c.obj)
                0x000000000001045c                z_setup_new_thread
 .text.z_init_static_threads
                0x00000000000104b8       0xbc zephyr/kernel/libkernel.a(thread.c.obj)
                0x00000000000104b8                z_init_static_threads
 .text.elapsed  0x0000000000010574       0x14 zephyr/kernel/libkernel.a(timeout.c.obj)
 .text.remove_timeout
                0x0000000000010588       0x34 zephyr/kernel/libkernel.a(timeout.c.obj)
 .text.next_timeout
                0x00000000000105bc       0x50 zephyr/kernel/libkernel.a(timeout.c.obj)
 .text.z_add_timeout
                0x000000000001060c      0x114 zephyr/kernel/libkernel.a(timeout.c.obj)
                0x000000000001060c                z_add_timeout
 .text.z_clock_announce
                0x0000000000010720       0xd8 zephyr/kernel/libkernel.a(timeout.c.obj)
                0x0000000000010720                z_clock_announce
 .text.z_tick_get
                0x00000000000107f8       0x3c zephyr/kernel/libkernel.a(timeout.c.obj)
                0x00000000000107f8                z_tick_get
 .text.statics_init
                0x0000000000010834       0x24 zephyr/kernel/libkernel.a(kheap.c.obj)
 .text.spi_flash_at45_write_protection
                0x0000000000010858        0x4 app/libapp.a(spi_flash_en25.c.obj)
 .text.spi_flash_at45_pages_layout
                0x000000000001085c        0xc app/libapp.a(spi_flash_en25.c.obj)
 .text.release  0x0000000000010868        0x8 app/libapp.a(spi_flash_en25.c.obj)
 .text.acquire  0x0000000000010870       0x10 app/libapp.a(spi_flash_en25.c.obj)
 .text.wait_until_ready
                0x0000000000010880       0x1c app/libapp.a(spi_flash_en25.c.obj)
 .text.spi_write
                0x000000000001089c        0xe app/libapp.a(spi_flash_en25.c.obj)
 .text.spi_flash_at45_pm_control
                0x00000000000108aa       0x80 app/libapp.a(spi_flash_en25.c.obj)
 .text.gpio_pin_set.constprop.0
                0x000000000001092a       0x16 app/libapp.a(main.c.obj)
 .text.gpio_pin_configure.constprop.1
                0x0000000000010940       0x22 app/libapp.a(main.c.obj)
 .text.sys_notify_validate
                0x0000000000010962       0x22 zephyr/libzephyr.a(notify.c.obj)
                0x0000000000010962                sys_notify_validate
 .text.sys_notify_finalize
                0x0000000000010984       0x1a zephyr/libzephyr.a(notify.c.obj)
                0x0000000000010984                sys_notify_finalize
 .text.arch_printk_char_out
                0x000000000001099e        0x4 zephyr/libzephyr.a(printk.c.obj)
                0x000000000001099e                arch_printk_char_out
 .text.z_vprintk
                0x00000000000109a2      0x228 zephyr/libzephyr.a(printk.c.obj)
                0x00000000000109a2                z_vprintk
 .text.printk   0x0000000000010bca       0x1a zephyr/libzephyr.a(printk.c.obj)
                0x0000000000010bca                printk
 .text.process_recheck
                0x0000000000010be4       0x38 zephyr/libzephyr.a(onoff.c.obj)
 .text.notify_one
                0x0000000000010c1c       0x2c zephyr/libzephyr.a(onoff.c.obj)
 .text.transition_complete
                0x0000000000010c48       0x1c zephyr/libzephyr.a(onoff.c.obj)
 .text.validate_args
                0x0000000000010c64       0x1e zephyr/libzephyr.a(onoff.c.obj)
 .text.onoff_manager_init
                0x0000000000010c82       0x26 zephyr/libzephyr.a(onoff.c.obj)
                0x0000000000010c82                onoff_manager_init
 .text.onoff_request
                0x0000000000010ca8       0x92 zephyr/libzephyr.a(onoff.c.obj)
                0x0000000000010ca8                onoff_request
 .text.z_thread_entry
                0x0000000000010d3a       0x14 zephyr/libzephyr.a(thread_entry.c.obj)
                0x0000000000010d3a                z_thread_entry
 .text.chunk_field
                0x0000000000010d4e       0x16 zephyr/libzephyr.a(heap.c.obj)
 .text.chunk_set
                0x0000000000010d64       0x16 zephyr/libzephyr.a(heap.c.obj)
 .text.chunk_size
                0x0000000000010d7a        0xc zephyr/libzephyr.a(heap.c.obj)
 .text.set_chunk_used
                0x0000000000010d86       0x30 zephyr/libzephyr.a(heap.c.obj)
 .text.set_chunk_size
                0x0000000000010db6        0x8 zephyr/libzephyr.a(heap.c.obj)
 .text.bucket_idx
                0x0000000000010dbe       0x1a zephyr/libzephyr.a(heap.c.obj)
 .text.free_list_add
                0x0000000000010dd8       0x8a zephyr/libzephyr.a(heap.c.obj)
 .text.sys_heap_init
                0x0000000000010e62       0xa2 zephyr/libzephyr.a(heap.c.obj)
                0x0000000000010e62                sys_heap_init
 .text._ConfigAbsSyms
                0x0000000000010f04        0x2 zephyr/libzephyr.a(configs.c.obj)
                0x0000000000010f04                _ConfigAbsSyms
 .text.z_platform_init
                0x0000000000010f06        0x4 zephyr/libzephyr.a(soc.c.obj)
                0x0000000000010f06                z_platform_init
 .text.k_cycle_get_32_wrapper
                0x0000000000010f0a        0x4 zephyr/libzephyr.a(log_core.c.obj)
 .text.dummy_timestamp
                0x0000000000010f0e        0x4 zephyr/libzephyr.a(log_core.c.obj)
 .text.log_string_sync
                0x0000000000010f12       0x1c zephyr/libzephyr.a(log_core.c.obj)
                0x0000000000010f12                log_string_sync
 .text.enable_logger
                0x0000000000010f2e        0xa zephyr/libzephyr.a(log_core.c.obj)
 .text.log_strdup
                0x0000000000010f38        0x2 zephyr/libzephyr.a(log_core.c.obj)
                0x0000000000010f38                log_strdup
 .text.out_func
                0x0000000000010f3a       0x18 zephyr/libzephyr.a(log_output.c.obj)
 .text.buffer_write
                0x0000000000010f52       0x1a zephyr/libzephyr.a(log_output.c.obj)
 .text.log_output_flush
                0x0000000000010f6c       0x1a zephyr/libzephyr.a(log_output.c.obj)
                0x0000000000010f6c                log_output_flush
 .text.sys_pm_init
                0x0000000000010f86        0xa zephyr/libzephyr.a(power.c.obj)
 .text.get_status
                0x0000000000010f90       0x12 zephyr/libzephyr.a(clock_control_nrf.c.obj)
 .text.set_off_state
                0x0000000000010fa2       0x32 zephyr/libzephyr.a(clock_control_nrf.c.obj)
 .text.set_starting_state
                0x0000000000010fd4       0x3c zephyr/libzephyr.a(clock_control_nrf.c.obj)
 .text.set_on_state
                0x0000000000011010       0x26 zephyr/libzephyr.a(clock_control_nrf.c.obj)
 .text.onoff_started_callback
                0x0000000000011036       0x12 zephyr/libzephyr.a(clock_control_nrf.c.obj)
 .text.blocking_start_callback
                0x0000000000011048        0x6 zephyr/libzephyr.a(clock_control_nrf.c.obj)
 .text.lfclk_stop
                0x000000000001104e        0x6 zephyr/libzephyr.a(clock_control_nrf.c.obj)
 .text.lfclk_start
                0x0000000000011054        0x6 zephyr/libzephyr.a(clock_control_nrf.c.obj)
 .text.api_stop
                0x000000000001105a       0x28 zephyr/libzephyr.a(clock_control_nrf.c.obj)
 .text.api_start
                0x0000000000011082       0x32 zephyr/libzephyr.a(clock_control_nrf.c.obj)
 .text.z_clock_device_ctrl
                0x00000000000110b4        0x6 zephyr/libzephyr.a(sys_clock_init.c.obj)
                0x00000000000110b4                z_clock_device_ctrl
 .text.z_clock_isr
                0x00000000000110ba        0x2 zephyr/libzephyr.a(sys_clock_init.c.obj)
                0x00000000000110ba                z_clock_isr
 .text.z_clock_idle_exit
                0x00000000000110bc        0x2 zephyr/libzephyr.a(sys_clock_init.c.obj)
                0x00000000000110bc                z_clock_idle_exit
 .text.spm_request_read
                0x00000000000110be       0x18 zephyr/libzephyr.a(secure_services_ns.c.obj)
                0x00000000000110be                spm_request_read
 .text.z_irq_spurious
                0x00000000000110d6        0x8 zephyr/arch/arch/arm/core/aarch32/libarch__arm__core__aarch32.a(irq_manage.c.obj)
                0x00000000000110d6                z_irq_spurious
 .text.configure_builtin_stack_guard
                0x00000000000110de        0x8 zephyr/arch/arch/arm/core/aarch32/libarch__arm__core__aarch32.a(thread.c.obj)
                0x00000000000110de                configure_builtin_stack_guard
 .text.z_do_kernel_oops
                0x00000000000110e6        0x8 zephyr/arch/arch/arm/core/aarch32/libarch__arm__core__aarch32.a(fatal.c.obj)
                0x00000000000110e6                z_do_kernel_oops
 .text.z_arm_nmi
                0x00000000000110ee        0xe zephyr/arch/arch/arm/core/aarch32/libarch__arm__core__aarch32.a(nmi.c.obj)
                0x00000000000110ee                z_arm_nmi
 .text.mpu_configure_region
                0x00000000000110fc       0x36 zephyr/arch/arch/arm/core/aarch32/cortex_m/mpu/libarch__arm__core__aarch32__cortex_m__mpu.a(arm_mpu.c.obj)
 .text.arm_cmse_mpu_region_get
                0x0000000000011132       0x12 zephyr/arch/arch/arm/core/aarch32/cortex_m/cmse/libarch__arm__core__aarch32__cortex_m__cmse.a(arm_core_cmse.c.obj)
                0x0000000000011132                arm_cmse_mpu_region_get
 .text.strcmp   0x0000000000011144       0x18 zephyr/lib/libc/minimal/liblib__libc__minimal.a(string.c.obj)
                0x0000000000011144                strcmp
 .text.memcmp   0x000000000001115c       0x20 zephyr/lib/libc/minimal/liblib__libc__minimal.a(string.c.obj)
                0x000000000001115c                memcmp
 .text.memcpy   0x000000000001117c       0x54 zephyr/lib/libc/minimal/liblib__libc__minimal.a(string.c.obj)
                0x000000000001117c                memcpy
 .text.memset   0x00000000000111d0       0x44 zephyr/lib/libc/minimal/liblib__libc__minimal.a(string.c.obj)
                0x00000000000111d0                memset
 .text._stdout_hook_default
                0x0000000000011214        0x6 zephyr/lib/libc/minimal/liblib__libc__minimal.a(stdout_console.c.obj)
 .text.gpio_nrfx_port_get_raw
                0x000000000001121a        0xc zephyr/drivers/gpio/libdrivers__gpio.a(gpio_nrfx.c.obj)
 .text.gpio_nrfx_port_set_masked_raw
                0x0000000000011226       0x12 zephyr/drivers/gpio/libdrivers__gpio.a(gpio_nrfx.c.obj)
 .text.gpio_nrfx_port_set_bits_raw
                0x0000000000011238        0xa zephyr/drivers/gpio/libdrivers__gpio.a(gpio_nrfx.c.obj)
 .text.gpio_nrfx_port_clear_bits_raw
                0x0000000000011242        0xa zephyr/drivers/gpio/libdrivers__gpio.a(gpio_nrfx.c.obj)
 .text.gpio_nrfx_port_toggle_bits
                0x000000000001124c        0xe zephyr/drivers/gpio/libdrivers__gpio.a(gpio_nrfx.c.obj)
 .text.gpio_nrfx_manage_callback
                0x000000000001125a       0x56 zephyr/drivers/gpio/libdrivers__gpio.a(gpio_nrfx.c.obj)
 .text.gpio_pin_set
                0x00000000000112b0       0x20 zephyr/drivers/spi/libdrivers__spi.a(spi_nrfx_spim.c.obj)
 .text._spi_context_cs_control.isra.5
                0x00000000000112d0       0x4a zephyr/drivers/spi/libdrivers__spi.a(spi_nrfx_spim.c.obj)
 .text.spi_context_unlock_unconditionally
                0x000000000001131a       0x1c zephyr/drivers/spi/libdrivers__spi.a(spi_nrfx_spim.c.obj)
 .text.spim_nrfx_pm_control
                0x0000000000011336       0x6a zephyr/drivers/spi/libdrivers__spi.a(spi_nrfx_spim.c.obj)
 .text.spi_3_init
                0x00000000000113a0       0x18 zephyr/drivers/spi/libdrivers__spi.a(spi_nrfx_spim.c.obj)
 .text.spi_nrfx_release
                0x00000000000113b8       0x24 zephyr/drivers/spi/libdrivers__spi.a(spi_nrfx_spim.c.obj)
 .text.flash_nrf_write_protection
                0x00000000000113dc        0x4 zephyr/drivers/flash/libdrivers__flash.a(soc_flash_nrf.c.obj)
 .text.is_regular_addr_valid
                0x00000000000113e0       0x26 zephyr/drivers/flash/libdrivers__flash.a(soc_flash_nrf.c.obj)
 .text.flash_nrf_read
                0x0000000000011406       0x3a zephyr/drivers/flash/libdrivers__flash.a(soc_flash_nrf.c.obj)
 .text.uarte_nrfx_config_get
                0x0000000000011440       0x12 zephyr/drivers/serial/libdrivers__serial.a(uart_nrfx_uarte.c.obj)
 .text.uarte_nrfx_err_check
                0x0000000000011452        0xe zephyr/drivers/serial/libdrivers__serial.a(uart_nrfx_uarte.c.obj)
 .text.uarte_nrfx_poll_in
                0x0000000000011460       0x26 zephyr/drivers/serial/libdrivers__serial.a(uart_nrfx_uarte.c.obj)
 .text.uarte_nrfx_poll_out
                0x0000000000011486       0x82 zephyr/drivers/serial/libdrivers__serial.a(uart_nrfx_uarte.c.obj)
 .text.nrfx_isr
                0x0000000000011508        0x2 modules/nordic/lib..__modules__hal__nordic.a(nrfx_glue.c.obj)
                0x0000000000011508                nrfx_isr
 .text.nrfx_busy_wait
                0x000000000001150a        0x4 modules/nordic/lib..__modules__hal__nordic.a(nrfx_glue.c.obj)
                0x000000000001150a                nrfx_busy_wait
 .text.nrfx_clock_enable
                0x000000000001150e       0x16 modules/nordic/lib..__modules__hal__nordic.a(nrfx_clock.c.obj)
                0x000000000001150e                nrfx_clock_enable
 .text.nrfx_nvmc_flash_size_get
                0x0000000000011524        0x6 modules/nordic/lib..__modules__hal__nordic.a(nrfx_nvmc.c.obj)
                0x0000000000011524                nrfx_nvmc_flash_size_get
 .text.nrfx_nvmc_flash_page_size_get
                0x000000000001152a        0x6 modules/nordic/lib..__modules__hal__nordic.a(nrfx_nvmc.c.obj)
                0x000000000001152a                nrfx_nvmc_flash_page_size_get
 .text.nrfx_nvmc_flash_page_count_get
                0x0000000000011530        0x6 modules/nordic/lib..__modules__hal__nordic.a(nrfx_nvmc.c.obj)
                0x0000000000011530                nrfx_nvmc_flash_page_count_get
 .text.device_pm_control_nop
                0x0000000000011536        0x6 zephyr/kernel/libkernel.a(device.c.obj)
                0x0000000000011536                device_pm_control_nop
 .text.z_sys_power_save_idle_exit
                0x000000000001153c        0x4 zephyr/kernel/libkernel.a(idle.c.obj)
                0x000000000001153c                z_sys_power_save_idle_exit
 .text.z_reschedule_irqlock
                0x0000000000011540       0x18 zephyr/kernel/libkernel.a(sched.c.obj)
                0x0000000000011540                z_reschedule_irqlock
 .text.z_reschedule_unlocked
                0x0000000000011558       0x14 zephyr/kernel/libkernel.a(sched.c.obj)
 .text.unpend_thread_no_timeout
                0x000000000001156c       0x1a zephyr/kernel/libkernel.a(sched.c.obj)
 .text.z_priq_dumb_best
                0x0000000000011586        0xc zephyr/kernel/libkernel.a(sched.c.obj)
                0x0000000000011586                z_priq_dumb_best
 .text.z_ready_thread
                0x0000000000011592       0x20 zephyr/kernel/libkernel.a(sched.c.obj)
                0x0000000000011592                z_ready_thread
 .text.z_thread_timeout
                0x00000000000115b2       0x40 zephyr/kernel/libkernel.a(sched.c.obj)
                0x00000000000115b2                z_thread_timeout
 .text.add_to_waitq_locked
                0x00000000000115f2       0x50 zephyr/kernel/libkernel.a(sched.c.obj)
 .text.z_unpend_first_thread
                0x0000000000011642       0x4a zephyr/kernel/libkernel.a(sched.c.obj)
                0x0000000000011642                z_unpend_first_thread
 .text.z_impl_k_sem_init
                0x000000000001168c       0x18 zephyr/kernel/libkernel.a(sem.c.obj)
                0x000000000001168c                z_impl_k_sem_init
 .text.k_is_in_isr
                0x00000000000116a4        0xc zephyr/kernel/libkernel.a(thread.c.obj)
                0x00000000000116a4                k_is_in_isr
 .text.z_impl_k_busy_wait
                0x00000000000116b0        0x4 zephyr/kernel/libkernel.a(thread.c.obj)
                0x00000000000116b0                z_impl_k_busy_wait
 .text.k_thread_name_get
                0x00000000000116b4        0x4 zephyr/kernel/libkernel.a(thread.c.obj)
                0x00000000000116b4                k_thread_name_get
 .text.z_abort_timeout
                0x00000000000116b8       0x2c zephyr/kernel/libkernel.a(timeout.c.obj)
                0x00000000000116b8                z_abort_timeout
 .text.z_get_next_timeout_expiry
                0x00000000000116e4       0x20 zephyr/kernel/libkernel.a(timeout.c.obj)
                0x00000000000116e4                z_get_next_timeout_expiry
 .text.z_set_timeout_expiry
                0x0000000000011704       0x34 zephyr/kernel/libkernel.a(timeout.c.obj)
                0x0000000000011704                z_set_timeout_expiry
 .text.z_tick_get_32
                0x0000000000011738        0x8 zephyr/kernel/libkernel.a(timeout.c.obj)
                0x0000000000011738                z_tick_get_32
 .text.k_heap_init
                0x0000000000011740       0x10 zephyr/kernel/libkernel.a(kheap.c.obj)
                0x0000000000011740                k_heap_init
 .text._OffsetAbsSyms
                0x0000000000011750        0x2 zephyr/CMakeFiles/offsets.dir/arch/arm/core/offsets/offsets.c.obj
                0x0000000000011750                _OffsetAbsSyms
 *(SORT_BY_ALIGNMENT(.gnu.linkonce.t.*))
 *(SORT_BY_ALIGNMENT(.glue_7t))
 .glue_7t       0x0000000000011752        0x0 linker stubs
 *(SORT_BY_ALIGNMENT(.glue_7))
 .glue_7        0x0000000000011752        0x0 linker stubs
 *(SORT_BY_ALIGNMENT(.vfp11_veneer))
 .vfp11_veneer  0x0000000000011752        0x0 linker stubs
 *(SORT_BY_ALIGNMENT(.v4_bx))
 .v4_bx         0x0000000000011752        0x0 linker stubs
                0x0000000000011752                _image_text_end = .

.ARM.exidx      0x0000000000011754        0x8
                0x0000000000011754                __exidx_start = .
 *(SORT_BY_ALIGNMENT(.ARM.exidx*) SORT_BY_ALIGNMENT(gnu.linkonce.armexidx.*))
 .ARM.exidx     0x0000000000011754        0x8 /opt/gnuarmemb/gcc-arm-none-eabi-8-2019-q3-update/bin/../lib/gcc/arm-none-eabi/8.3.1/thumb/v8-m.main/nofp/libgcc.a(_udivmoddi4.o)
                0x000000000001175c                __exidx_end = .
                0x000000000001175c                _image_rodata_start = .

initlevel       0x000000000001175c       0x80
                0x000000000001175c                __init_start = .
                0x000000000001175c                __init_PRE_KERNEL_1_start = .
 *(SORT_BY_NAME(SORT_BY_ALIGNMENT(.init_PRE_KERNEL_1[0-9]*)))
 .init_PRE_KERNEL_10
                0x000000000001175c        0x8 zephyr/libzephyr.a(soc.c.obj)
 .init_PRE_KERNEL_130
                0x0000000000011764        0x8 zephyr/kernel/libkernel.a(mem_slab.c.obj)
 .init_PRE_KERNEL_130
                0x000000000001176c        0x8 zephyr/kernel/libkernel.a(kheap.c.obj)
 .init_PRE_KERNEL_140
                0x0000000000011774        0x8 zephyr/arch/arch/arm/core/aarch32/cortex_m/mpu/libarch__arm__core__aarch32__cortex_m__mpu.a(arm_mpu.c.obj)
 .init_PRE_KERNEL_150
                0x000000000001177c        0x8 zephyr/libzephyr.a(clock_control_nrf.c.obj)
 .init_PRE_KERNEL_150
                0x0000000000011784       0x10 zephyr/drivers/serial/libdrivers__serial.a(uart_nrfx_uarte.c.obj)
 .init_PRE_KERNEL_160
                0x0000000000011794        0x8 zephyr/libzephyr.a(uart_console.c.obj)
 *(SORT_BY_NAME(SORT_BY_ALIGNMENT(.init_PRE_KERNEL_1[1-9][0-9]*)))
                0x000000000001179c                __init_PRE_KERNEL_2_start = .
 *(SORT_BY_NAME(SORT_BY_ALIGNMENT(.init_PRE_KERNEL_2[0-9]*)))
 .init_PRE_KERNEL_20
                0x000000000001179c        0x8 zephyr/libzephyr.a(sys_clock_init.c.obj)
 *(SORT_BY_NAME(SORT_BY_ALIGNMENT(.init_PRE_KERNEL_2[1-9][0-9]*)))
                0x00000000000117a4                __init_POST_KERNEL_start = .
 *(SORT_BY_NAME(SORT_BY_ALIGNMENT(.init_POST_KERNEL[0-9]*)))
 .init_POST_KERNEL0
                0x00000000000117a4        0x8 zephyr/libzephyr.a(log_core.c.obj)
 .init_POST_KERNEL40
                0x00000000000117ac        0x8 zephyr/drivers/gpio/libdrivers__gpio.a(gpio_nrfx.c.obj)
 .init_POST_KERNEL50
                0x00000000000117b4        0x8 zephyr/drivers/flash/libdrivers__flash.a(soc_flash_nrf.c.obj)
 .init_POST_KERNEL70
                0x00000000000117bc        0x8 zephyr/drivers/spi/libdrivers__spi.a(spi_nrfx_spim.c.obj)
 .init_POST_KERNEL80
                0x00000000000117c4        0x8 app/libapp.a(spi_flash_en25.c.obj)
 .init_POST_KERNEL90
                0x00000000000117cc        0x8 modules/nrf/subsys/fw_info/lib..__nrf__subsys__fw_info.a(fw_info.c.obj)
 *(SORT_BY_NAME(SORT_BY_ALIGNMENT(.init_POST_KERNEL[1-9][0-9]*)))
                0x00000000000117d4                __init_APPLICATION_start = .
 *(SORT_BY_NAME(SORT_BY_ALIGNMENT(.init_APPLICATION[0-9]*)))
 .init_APPLICATION40
                0x00000000000117d4        0x8 zephyr/libzephyr.a(power.c.obj)
 *(SORT_BY_NAME(SORT_BY_ALIGNMENT(.init_APPLICATION[1-9][0-9]*)))
                0x00000000000117dc                __init_SMP_start = .
 *(SORT_BY_NAME(SORT_BY_ALIGNMENT(.init_SMP[0-9]*)))
 *(SORT_BY_NAME(SORT_BY_ALIGNMENT(.init_SMP[1-9][0-9]*)))
                0x00000000000117dc                __init_end = .

sw_isr_table    0x00000000000117dc      0x208
                0x00000000000117dc                . = ALIGN (0x0)
 *(SORT_BY_ALIGNMENT(.gnu.linkonce.sw_isr_table*))
 .gnu.linkonce.sw_isr_table*
                0x00000000000117dc      0x208 zephyr/CMakeFiles/zephyr_final.dir/isr_tables.c.obj
                0x00000000000117dc                _sw_isr_table

initlevel_error
                0x000000000001175c        0x0
 *(SORT_BY_NAME(SORT_BY_ALIGNMENT(.init_[_A-Z0-9]*)))
                0x0000000000000001                ASSERT ((SIZEOF (initlevel_error) == 0x0), Undefined initialization levels used.)

app_shmem_regions
                0x00000000000119e4        0x0
                0x00000000000119e4                __app_shmem_regions_start = .
 *(SORT_BY_NAME(SORT_BY_ALIGNMENT(.app_regions.*)))
                0x00000000000119e4                __app_shmem_regions_end = .

bt_l2cap_fixed_chan_area
                0x00000000000119e4        0x0
                0x00000000000119e4                _bt_l2cap_fixed_chan_list_start = .
 *(SORT_BY_NAME(SORT_BY_ALIGNMENT(._bt_l2cap_fixed_chan.static.*)))
                0x00000000000119e4                _bt_l2cap_fixed_chan_list_end = .

bt_gatt_service_static_area
                0x00000000000119e4        0x0
                0x00000000000119e4                _bt_gatt_service_static_list_start = .
 *(SORT_BY_NAME(SORT_BY_ALIGNMENT(._bt_gatt_service_static.static.*)))
                0x00000000000119e4                _bt_gatt_service_static_list_end = .

log_const_sections
                0x00000000000119e4       0x50
                0x00000000000119e4                __log_const_start = .
 *(SORT_BY_NAME(SORT_BY_ALIGNMENT(.log_const_*)))
 .log_const_clock_control
                0x00000000000119e4        0x8 zephyr/libzephyr.a(clock_control_nrf.c.obj)
                0x00000000000119e4                log_const_clock_control
 .log_const_fatal_error
                0x00000000000119ec        0x8 modules/nrf/lib/fatal_error/lib..__nrf__lib__fatal_error.a(fatal_error.c.obj)
                0x00000000000119ec                log_const_fatal_error
 .log_const_log
                0x00000000000119f4        0x8 zephyr/libzephyr.a(log_core.c.obj)
                0x00000000000119f4                log_const_log
 .log_const_mpu
                0x00000000000119fc        0x8 zephyr/arch/arch/arm/core/aarch32/cortex_m/mpu/libarch__arm__core__aarch32__cortex_m__mpu.a(arm_core_mpu.c.obj)
                0x00000000000119fc                log_const_mpu
 .log_const_os  0x0000000000011a04        0x8 zephyr/kernel/libkernel.a(init.c.obj)
                0x0000000000011a04                log_const_os
 .log_const_power
                0x0000000000011a0c        0x8 zephyr/libzephyr.a(power.c.obj)
                0x0000000000011a0c                log_const_power
 .log_const_soc
                0x0000000000011a14        0x8 zephyr/libzephyr.a(soc.c.obj)
                0x0000000000011a14                log_const_soc
 .log_const_spi_flash_en25
                0x0000000000011a1c        0x8 app/libapp.a(spi_flash_en25.c.obj)
                0x0000000000011a1c                log_const_spi_flash_en25
 .log_const_spi_nrfx_spim
                0x0000000000011a24        0x8 zephyr/drivers/spi/libdrivers__spi.a(spi_nrfx_spim.c.obj)
                0x0000000000011a24                log_const_spi_nrfx_spim
 .log_const_uart_nrfx_uarte
                0x0000000000011a2c        0x8 zephyr/drivers/serial/libdrivers__serial.a(uart_nrfx_uarte.c.obj)
                0x0000000000011a2c                log_const_uart_nrfx_uarte
                0x0000000000011a34                __log_const_end = .

log_backends_sections
                0x0000000000011a34       0x10
                0x0000000000011a34                __log_backends_start = .
 *(SORT_BY_ALIGNMENT(._log_backend.*))
 ._log_backend.static.log_backend_uart
                0x0000000000011a34       0x10 zephyr/libzephyr.a(log_backend_uart.c.obj)
                0x0000000000011a44                __log_backends_end = .

shell_area      0x0000000000011a44        0x0
                0x0000000000011a44                _shell_list_start = .
 *(SORT_BY_NAME(SORT_BY_ALIGNMENT(._shell.static.*)))
                0x0000000000011a44                _shell_list_end = .

shell_root_cmds_sections
                0x0000000000011a44        0x0
                0x0000000000011a44                __shell_root_cmds_start = .
 *(SORT_BY_NAME(SORT_BY_ALIGNMENT(.shell_root_cmd_*)))
                0x0000000000011a44                __shell_root_cmds_end = .

font_entry_sections
                0x0000000000011a44        0x0
                0x0000000000011a44                __font_entry_start = .
 *(SORT_BY_NAME(SORT_BY_ALIGNMENT(._cfb_font.*)))
                0x0000000000011a44                __font_entry_end = .

tracing_backend_area
                0x0000000000011a44        0x0
                0x0000000000011a44                _tracing_backend_list_start = .
 *(SORT_BY_NAME(SORT_BY_ALIGNMENT(._tracing_backend.static.*)))
                0x0000000000011a44                _tracing_backend_list_end = .

rodata          0x0000000000011a50      0xb58
 *(SORT_BY_ALIGNMENT(.rodata))
 .rodata        0x0000000000011a50       0x20 zephyr/drivers/serial/libdrivers__serial.a(uart_nrfx_uarte.c.obj)
 .rodata        0x0000000000011a70       0x18 modules/nrf/subsys/fw_info/lib..__nrf__subsys__fw_info.a(fw_info.c.obj)
 *(SORT_BY_ALIGNMENT(.rodata.*))
 *fill*         0x0000000000011a88        0x8 
 .rodata.delay_machine_code.8513
                0x0000000000011a90        0x6 zephyr/libzephyr.a(soc.c.obj)
 *fill*         0x0000000000011a96        0x2 
 .rodata.flash_at45_parameters
                0x0000000000011a98        0x8 app/libapp.a(spi_flash_en25.c.obj)
 .rodata.inst_0_config
                0x0000000000011aa0       0x34 app/libapp.a(spi_flash_en25.c.obj)
 .rodata.spi_flash_at45_api
                0x0000000000011ad4       0x18 app/libapp.a(spi_flash_en25.c.obj)
 .rodata.colors
                0x0000000000011aec       0x14 zephyr/libzephyr.a(log_output.c.obj)
 .rodata.severity
                0x0000000000011b00       0x14 zephyr/libzephyr.a(log_output.c.obj)
 .rodata.log_backend_uart_api
                0x0000000000011b14       0x18 zephyr/libzephyr.a(log_backend_uart.c.obj)
                0x0000000000011b14                log_backend_uart_api
 .rodata.log_output_uart
                0x0000000000011b2c       0x10 zephyr/libzephyr.a(log_backend_uart.c.obj)
 .rodata.z_pm_core_devices
                0x0000000000011b3c       0x10 zephyr/libzephyr.a(device.c.obj)
                0x0000000000011b3c                z_pm_core_devices
 .rodata.clock_control_api
                0x0000000000011b4c       0x14 zephyr/libzephyr.a(clock_control_nrf.c.obj)
 .rodata.config
                0x0000000000011b60       0x18 zephyr/libzephyr.a(clock_control_nrf.c.obj)
 .rodata.transitions.10126
                0x0000000000011b78        0xc zephyr/libzephyr.a(clock_control_nrf.c.obj)
 .rodata.mpu_config
                0x0000000000011b84        0x8 zephyr/soc/arm/common/cortex_m/libsoc__arm__common__cortex_m.a(arm_mpu_regions.c.obj)
                0x0000000000011b84                mpu_config
 .rodata.mpu_regions
                0x0000000000011b8c       0x20 zephyr/soc/arm/common/cortex_m/libsoc__arm__common__cortex_m.a(arm_mpu_regions.c.obj)
 .rodata.gpio_nrfx_drv_api_funcs
                0x0000000000011bac       0x24 zephyr/drivers/gpio/libdrivers__gpio.a(gpio_nrfx.c.obj)
 .rodata.gpio_nrfx_p0_cfg
                0x0000000000011bd0        0xc zephyr/drivers/gpio/libdrivers__gpio.a(gpio_nrfx.c.obj)
 .rodata.spi_3z_config
                0x0000000000011bdc       0x1c zephyr/drivers/spi/libdrivers__spi.a(spi_nrfx_spim.c.obj)
 .rodata.spi_nrfx_driver_api
                0x0000000000011bf8        0x8 zephyr/drivers/spi/libdrivers__spi.a(spi_nrfx_spim.c.obj)
 .rodata.flash_nrf_api
                0x0000000000011c00       0x18 zephyr/drivers/flash/libdrivers__flash.a(soc_flash_nrf.c.obj)
 .rodata.flash_nrf_parameters
                0x0000000000011c18        0x8 zephyr/drivers/flash/libdrivers__flash.a(soc_flash_nrf.c.obj)
 .rodata.uart_nrfx_uarte_driver_api
                0x0000000000011c20       0x14 zephyr/drivers/serial/libdrivers__serial.a(uart_nrfx_uarte.c.obj)
 .rodata.uarte_0z_config
                0x0000000000011c34        0x8 zephyr/drivers/serial/libdrivers__serial.a(uart_nrfx_uarte.c.obj)
 .rodata.uarte_1z_config
                0x0000000000011c3c        0x8 zephyr/drivers/serial/libdrivers__serial.a(uart_nrfx_uarte.c.obj)
 .rodata.levels.8684
                0x0000000000011c44       0x14 zephyr/kernel/libkernel.a(device.c.obj)
 .rodata._k_neg_eagain
                0x0000000000011c58        0x4 zephyr/kernel/libkernel.a(errno.c.obj)
                0x0000000000011c58                _k_neg_eagain
 .rodata.CSWTCH.10
                0x0000000000011c5c       0x14 zephyr/kernel/libkernel.a(fatal.c.obj)
 .rodata.read_status_register.str1.1
                0x0000000000011c70       0x28 app/libapp.a(spi_flash_en25.c.obj)
 .rodata.spi_flash_at45_erase.str1.1
                0x0000000000011c98       0x2d app/libapp.a(spi_flash_en25.c.obj)
 .rodata.spi_flash_at45_init.str1.1
                0x0000000000011cc5       0x59 app/libapp.a(spi_flash_en25.c.obj)
 .rodata.str1.1
                0x0000000000011d1e       0x26 app/libapp.a(spi_flash_en25.c.obj)
 .rodata.main.str1.1
                0x0000000000011d44       0x40 app/libapp.a(main.c.obj)
                                         0x47 (size before relaxing)
 .rodata.print_digits.part.0.str1.1
                0x0000000000011d84       0x11 zephyr/libzephyr.a(printk.c.obj)
 .rodata.str1.1
                0x0000000000011d95        0x4 zephyr/libzephyr.a(soc.c.obj)
 .rodata.str1.1
                0x0000000000011d99        0x4 zephyr/libzephyr.a(log_core.c.obj)
 .rodata.hexdump_line_print.str1.1
                0x0000000000011d9d        0xf zephyr/libzephyr.a(log_output.c.obj)
                                         0x11 (size before relaxing)
 .rodata.log_output_msg_process.str1.1
                0x0000000000011dac        0x2 zephyr/libzephyr.a(log_output.c.obj)
 .rodata.postfix_print.str1.1
                0x0000000000011dae        0x2 zephyr/libzephyr.a(log_output.c.obj)
                                          0x5 (size before relaxing)
 .rodata.prefix_print.str1.1
                0x0000000000011dae       0x39 zephyr/libzephyr.a(log_output.c.obj)
                                         0x3c (size before relaxing)
 .rodata.str1.1
                0x0000000000011de7       0x20 zephyr/libzephyr.a(log_output.c.obj)
 .rodata.log_backend_uart_init.str1.1
                0x0000000000011e07        0x7 zephyr/libzephyr.a(log_backend_uart.c.obj)
 .rodata.str1.1
                0x0000000000011e0e       0x11 zephyr/libzephyr.a(log_backend_uart.c.obj)
 .rodata.str1.1
                0x0000000000011e1f       0x11 zephyr/libzephyr.a(power.c.obj)
                                          0x6 (size before relaxing)
 .rodata.str1.1
                0x0000000000011e1f       0x33 zephyr/libzephyr.a(device.c.obj)
                                         0x42 (size before relaxing)
 .rodata.uart_console_init.str1.1
                0x0000000000011e52        0x7 zephyr/libzephyr.a(uart_console.c.obj)
 .rodata.str1.1
                0x0000000000011e52       0x1a zephyr/libzephyr.a(clock_control_nrf.c.obj)
                                         0x20 (size before relaxing)
 .rodata.str1.1
                0x0000000000011e6c        0xa zephyr/libzephyr.a(sys_clock_init.c.obj)
 .rodata.z_arm_fatal_error.str1.1
                0x0000000000011e6c       0x9b zephyr/arch/arch/arm/core/aarch32/libarch__arm__core__aarch32.a(fatal.c.obj)
 .rodata.bus_fault.isra.3.str1.1
                0x0000000000011f07       0x88 zephyr/arch/arch/arm/core/aarch32/cortex_m/libarch__arm__core__aarch32__cortex_m.a(fault.c.obj)
 .rodata.mem_manage_fault.isra.2.str1.1
                0x0000000000011f8f       0xd8 zephyr/arch/arch/arm/core/aarch32/cortex_m/libarch__arm__core__aarch32__cortex_m.a(fault.c.obj)
 .rodata.usage_fault.isra.4.str1.1
                0x0000000000012067       0xf7 zephyr/arch/arch/arm/core/aarch32/cortex_m/libarch__arm__core__aarch32__cortex_m.a(fault.c.obj)
 .rodata.z_arm_fault.str1.1
                0x000000000001215e       0xf1 zephyr/arch/arch/arm/core/aarch32/cortex_m/libarch__arm__core__aarch32__cortex_m.a(fault.c.obj)
 .rodata.str1.1
                0x000000000001224f        0x4 zephyr/arch/arch/arm/core/aarch32/cortex_m/mpu/libarch__arm__core__aarch32__cortex_m__mpu.a(arm_core_mpu.c.obj)
 .rodata.mpu_configure_regions_and_partition.constprop.1.str1.1
                0x0000000000012253       0x46 zephyr/arch/arch/arm/core/aarch32/cortex_m/mpu/libarch__arm__core__aarch32__cortex_m__mpu.a(arm_mpu.c.obj)
 .rodata.region_allocate_and_init.str1.1
                0x0000000000012299       0x26 zephyr/arch/arch/arm/core/aarch32/cortex_m/mpu/libarch__arm__core__aarch32__cortex_m__mpu.a(arm_mpu.c.obj)
 .rodata.str1.1
                0x00000000000122bf        0xf zephyr/soc/arm/common/cortex_m/libsoc__arm__common__cortex_m.a(arm_mpu_regions.c.obj)
 .rodata.str1.1
                0x00000000000122ce        0x7 zephyr/drivers/gpio/libdrivers__gpio.a(gpio_nrfx.c.obj)
 .rodata.event_handler.str1.1
                0x00000000000122ce       0x1e zephyr/drivers/spi/libdrivers__spi.a(spi_nrfx_spim.c.obj)
 .rodata.init_spim.str1.1
                0x00000000000122ec       0x20 zephyr/drivers/spi/libdrivers__spi.a(spi_nrfx_spim.c.obj)
 .rodata.spi_nrfx_transceive.str1.1
                0x000000000001230c       0xea zephyr/drivers/spi/libdrivers__spi.a(spi_nrfx_spim.c.obj)
 .rodata.str1.1
                0x00000000000123f6        0xe zephyr/drivers/spi/libdrivers__spi.a(spi_nrfx_spim.c.obj)
                                         0x14 (size before relaxing)
 .rodata.str1.1
                0x0000000000012404       0x13 zephyr/drivers/flash/libdrivers__flash.a(soc_flash_nrf.c.obj)
 .rodata.str1.1
                0x0000000000012417       0x17 zephyr/drivers/serial/libdrivers__serial.a(uart_nrfx_uarte.c.obj)
                                         0x1e (size before relaxing)
 .rodata.k_sys_fatal_error_handler.str1.1
                0x000000000001242e       0x11 modules/nrf/lib/fatal_error/lib..__nrf__lib__fatal_error.a(fatal_error.c.obj)
 .rodata.str1.1
                0x000000000001243f        0xc modules/nrf/lib/fatal_error/lib..__nrf__lib__fatal_error.a(fatal_error.c.obj)
 .rodata.check_ext_api_requests.str1.1
                0x000000000001244b       0x5c modules/nrf/subsys/fw_info/lib..__nrf__subsys__fw_info.a(fw_info.c.obj)
 .rodata.str1.1
                0x00000000000124a7       0x4a zephyr/kernel/libkernel.a(fatal.c.obj)
 .rodata.z_fatal_error.str1.1
                0x00000000000124f1       0x77 zephyr/kernel/libkernel.a(fatal.c.obj)
 .rodata.bg_thread_main.str1.1
                0x0000000000012568       0x33 zephyr/kernel/libkernel.a(init.c.obj)
                                         0x34 (size before relaxing)
 .rodata.str1.1
                0x000000000001259b        0x3 zephyr/kernel/libkernel.a(init.c.obj)
 .rodata.z_cstart.str1.1
                0x000000000001259e        0x5 zephyr/kernel/libkernel.a(init.c.obj)
 *(SORT_BY_ALIGNMENT(.gnu.linkonce.r.*))
                0x00000000000125a4                . = ALIGN (0x4)
 *fill*         0x00000000000125a3        0x1 
                0x00000000000125a4                _fw_info_images_start = .
 *(SORT_BY_ALIGNMENT(.fw_info_images))
 .fw_info_images
                0x00000000000125a4        0x4 modules/nrf/subsys/fw_info/lib..__nrf__subsys__fw_info.a(fw_info.c.obj)
                0x00000000000125a4                self_image
                0x0000000000000001                _fw_info_images_size = ABSOLUTE (((. - _fw_info_images_start) / 0x4))
                0x00000000000125a8                _ext_apis_start = .
 *(SORT_BY_ALIGNMENT(.ext_apis))
                0x0000000000000000                _ext_apis_size = ABSOLUTE ((. - _ext_apis_start))
                0x00000000000125a8                _ext_apis_req_start = .
 *(SORT_BY_ALIGNMENT(.ext_apis_req))
                0x0000000000000000                _ext_apis_req_size = ABSOLUTE ((. - _ext_apis_req_start))
                0x00000000000125a8                . = ALIGN (0x4)
                0x00000000000125a8                _image_rodata_end = .
                0x00000000000125c0                . = ALIGN (_region_min_align)
                0x00000000000125c0                _image_rom_end = .
                0x0000000020010000                . = 0x20010000
                0x0000000020010000                . = ALIGN (_region_min_align)
                0x0000000020010000                _image_ram_start = .

.ramfunc        0x0000000020010000        0x0 load address 0x00000000000125a8
                0x0000000020010000                . = ALIGN (_region_min_align)
                0x0000000020010000                _ramfunc_ram_start = .
 *(SORT_BY_ALIGNMENT(.ramfunc))
 *(SORT_BY_ALIGNMENT(.ramfunc.*))
                0x0000000020010000                . = ALIGN (_region_min_align)
                0x0000000020010000                _ramfunc_ram_end = .
                0x0000000000000000                _ramfunc_ram_size = (_ramfunc_ram_end - _ramfunc_ram_start)
                0x00000000000125a8                _ramfunc_rom_start = LOADADDR (.ramfunc)

datas           0x0000000020010000      0x34c load address 0x00000000000125a8
                0x0000000020010000                __data_ram_start = .
 *(SORT_BY_ALIGNMENT(.data))
 *(SORT_BY_ALIGNMENT(.data.*))
 .data.__pm_inst_0
                0x0000000020010000       0x50 app/libapp.a(spi_flash_en25.c.obj)
 .data.inst_0_data
                0x0000000020010050       0x24 app/libapp.a(spi_flash_en25.c.obj)
 .data._char_out
                0x0000000020010074        0x4 zephyr/libzephyr.a(printk.c.obj)
                0x0000000020010074                _char_out
 .data.timestamp_func
                0x0000000020010078        0x4 zephyr/libzephyr.a(log_core.c.obj)
 .data.__pm_clock_nrf
                0x000000002001007c       0x50 zephyr/libzephyr.a(clock_control_nrf.c.obj)
 .data.__pm_sys_init_z_clock_driver_init0
                0x00000000200100cc       0x50 zephyr/libzephyr.a(sys_clock_init.c.obj)
 .data._stdout_hook
                0x000000002001011c        0x4 zephyr/lib/libc/minimal/liblib__libc__minimal.a(stdout_console.c.obj)
 .data.__pm_gpio_nrfx_p0
                0x0000000020010120       0x50 zephyr/drivers/gpio/libdrivers__gpio.a(gpio_nrfx.c.obj)
 .data.__pm_spi_3
                0x0000000020010170       0x50 zephyr/drivers/spi/libdrivers__spi.a(spi_nrfx_spim.c.obj)
 .data.spi_3_data
                0x00000000200101c0       0x60 zephyr/drivers/spi/libdrivers__spi.a(spi_nrfx_spim.c.obj)
 .data.__pm_nrf_flash
                0x0000000020010220       0x50 zephyr/drivers/flash/libdrivers__flash.a(soc_flash_nrf.c.obj)
 .data.__pm_uart_nrfx_uarte0
                0x0000000020010270       0x50 zephyr/drivers/serial/libdrivers__serial.a(uart_nrfx_uarte.c.obj)
 .data.__pm_uart_nrfx_uarte1
                0x00000000200102c0       0x50 zephyr/drivers/serial/libdrivers__serial.a(uart_nrfx_uarte.c.obj)
 .data.uarte_0_data
                0x0000000020010310       0x18 zephyr/drivers/serial/libdrivers__serial.a(uart_nrfx_uarte.c.obj)
 .data.uarte_1_data
                0x0000000020010328       0x18 zephyr/drivers/serial/libdrivers__serial.a(uart_nrfx_uarte.c.obj)
 .data.SystemCoreClock
                0x0000000020010340        0x4 modules/nordic/lib..__modules__hal__nordic.a(system_nrf9160.c.obj)
                0x0000000020010340                SystemCoreClock
 .data.timeout_list
                0x0000000020010344        0x8 zephyr/kernel/libkernel.a(timeout.c.obj)
 *(SORT_BY_ALIGNMENT(.kernel.*))
                0x00000000000125a8                __data_rom_start = LOADADDR (datas)

devices         0x000000002001034c       0xc8 load address 0x00000000000128f4
                0x000000002001034c                __device_start = .
                0x000000002001034c                __device_PRE_KERNEL_1_start = .
 *(SORT_BY_NAME(SORT_BY_ALIGNMENT(.device_PRE_KERNEL_1[0-9]*)))
 .device_PRE_KERNEL_150
                0x000000002001034c       0x18 zephyr/libzephyr.a(clock_control_nrf.c.obj)
 .device_PRE_KERNEL_150
                0x0000000020010364       0x30 zephyr/drivers/serial/libdrivers__serial.a(uart_nrfx_uarte.c.obj)
 *(SORT_BY_NAME(SORT_BY_ALIGNMENT(.device_PRE_KERNEL_1[1-9][0-9]*)))
                0x0000000020010394                __device_PRE_KERNEL_2_start = .
 *(SORT_BY_NAME(SORT_BY_ALIGNMENT(.device_PRE_KERNEL_2[0-9]*)))
 .device_PRE_KERNEL_20
                0x0000000020010394       0x18 zephyr/libzephyr.a(sys_clock_init.c.obj)
 *(SORT_BY_NAME(SORT_BY_ALIGNMENT(.device_PRE_KERNEL_2[1-9][0-9]*)))
                0x00000000200103ac                __device_POST_KERNEL_start = .
 *(SORT_BY_NAME(SORT_BY_ALIGNMENT(.device_POST_KERNEL[0-9]*)))
 .device_POST_KERNEL40
                0x00000000200103ac       0x18 zephyr/drivers/gpio/libdrivers__gpio.a(gpio_nrfx.c.obj)
 .device_POST_KERNEL50
                0x00000000200103c4       0x18 zephyr/drivers/flash/libdrivers__flash.a(soc_flash_nrf.c.obj)
 .device_POST_KERNEL70
                0x00000000200103dc       0x18 zephyr/drivers/spi/libdrivers__spi.a(spi_nrfx_spim.c.obj)
 .device_POST_KERNEL80
                0x00000000200103f4       0x18 app/libapp.a(spi_flash_en25.c.obj)
 *(SORT_BY_NAME(SORT_BY_ALIGNMENT(.device_POST_KERNEL[1-9][0-9]*)))
                0x000000002001040c                __device_APPLICATION_start = .
 *(SORT_BY_NAME(SORT_BY_ALIGNMENT(.device_APPLICATION[0-9]*)))
 *(SORT_BY_NAME(SORT_BY_ALIGNMENT(.device_APPLICATION[1-9][0-9]*)))
                0x000000002001040c                __device_SMP_start = .
 *(SORT_BY_NAME(SORT_BY_ALIGNMENT(.device_SMP[0-9]*)))
 *(SORT_BY_NAME(SORT_BY_ALIGNMENT(.device_SMP[1-9][0-9]*)))
                0x000000002001040c                __device_end = .
 FILL mask 0x00
                0x000000002001040c                __device_init_status_start = .
                0x0000000020010410                . = (. + (((((__device_end - __device_start) / 0x18) + 0x1f) / 0x20) * 0x4))
 *fill*         0x000000002001040c        0x4 00
                0x0000000020010410                __device_init_status_end = .
 FILL mask 0x00
                0x0000000020010410                __device_busy_start = .
                0x0000000020010414                . = (. + (((((__device_end - __device_start) / 0x18) + 0x1f) / 0x20) * 0x4))
 *fill*         0x0000000020010410        0x4 00
                0x0000000020010414                __device_busy_end = .

initshell       0x0000000020010414        0x0 load address 0x00000000000129bc
                0x0000000020010414                __shell_module_start = .
 *(SORT_BY_ALIGNMENT(.shell_module_*))
                0x0000000020010414                __shell_module_end = .
                0x0000000020010414                __shell_cmd_start = .
 *(SORT_BY_ALIGNMENT(.shell_cmd_*))
                0x0000000020010414                __shell_cmd_end = .

log_dynamic_sections
                0x0000000020010414        0x0 load address 0x00000000000129bc
                0x0000000020010414                __log_dynamic_start = .
 *(SORT_BY_NAME(SORT_BY_ALIGNMENT(.log_dynamic_*)))
                0x0000000020010414                __log_dynamic_end = .

_static_thread_data_area
                0x0000000020010414        0x0 load address 0x00000000000129bc
                0x0000000020010414                __static_thread_data_list_start = .
 *(SORT_BY_NAME(SORT_BY_ALIGNMENT(.__static_thread_data.static.*)))
                0x0000000020010414                __static_thread_data_list_end = .

k_timer_area    0x0000000020010414        0x0 load address 0x00000000000129bc
                0x0000000020010414                _k_timer_list_start = .
 *(SORT_BY_NAME(SORT_BY_ALIGNMENT(._k_timer.static.*)))
                0x0000000020010414                _k_timer_list_end = .

k_mem_slab_area
                0x0000000020010414        0x0 load address 0x00000000000129bc
                0x0000000020010414                _k_mem_slab_list_start = .
 *(SORT_BY_NAME(SORT_BY_ALIGNMENT(._k_mem_slab.static.*)))
                0x0000000020010414                _k_mem_slab_list_end = .

k_mem_pool_area
                0x0000000020010414        0x0 load address 0x00000000000129bc
                0x0000000020010414                _k_mem_pool_list_start = .
 *(SORT_BY_NAME(SORT_BY_ALIGNMENT(._k_mem_pool.static.*)))
                0x0000000020010414                _k_mem_pool_list_end = .

k_heap_area     0x0000000020010414        0x0 load address 0x00000000000129bc
                0x0000000020010414                _k_heap_list_start = .
 *(SORT_BY_NAME(SORT_BY_ALIGNMENT(._k_heap.static.*)))
                0x0000000020010414                _k_heap_list_end = .

k_mutex_area    0x0000000020010414        0x0 load address 0x00000000000129bc
                0x0000000020010414                _k_mutex_list_start = .
 *(SORT_BY_NAME(SORT_BY_ALIGNMENT(._k_mutex.static.*)))
                0x0000000020010414                _k_mutex_list_end = .

k_stack_area    0x0000000020010414        0x0 load address 0x00000000000129bc
                0x0000000020010414                _k_stack_list_start = .
 *(SORT_BY_NAME(SORT_BY_ALIGNMENT(._k_stack.static.*)))
                0x0000000020010414                _k_stack_list_end = .

k_msgq_area     0x0000000020010414        0x0 load address 0x00000000000129bc
                0x0000000020010414                _k_msgq_list_start = .
 *(SORT_BY_NAME(SORT_BY_ALIGNMENT(._k_msgq.static.*)))
                0x0000000020010414                _k_msgq_list_end = .

k_mbox_area     0x0000000020010414        0x0 load address 0x00000000000129bc
                0x0000000020010414                _k_mbox_list_start = .
 *(SORT_BY_NAME(SORT_BY_ALIGNMENT(._k_mbox.static.*)))
                0x0000000020010414                _k_mbox_list_end = .

k_pipe_area     0x0000000020010414        0x0 load address 0x00000000000129bc
                0x0000000020010414                _k_pipe_list_start = .
 *(SORT_BY_NAME(SORT_BY_ALIGNMENT(._k_pipe.static.*)))
                0x0000000020010414                _k_pipe_list_end = .

k_sem_area      0x0000000020010414       0x10 load address 0x00000000000129bc
                0x0000000020010414                _k_sem_list_start = .
 *(SORT_BY_NAME(SORT_BY_ALIGNMENT(._k_sem.static.*)))
 ._k_sem.static.log_process_thread_sem
                0x0000000020010414       0x10 zephyr/libzephyr.a(log_core.c.obj)
                0x0000000020010414                log_process_thread_sem
                0x0000000020010424                _k_sem_list_end = .

k_queue_area    0x0000000020010424        0x0 load address 0x00000000000129cc
                0x0000000020010424                _k_queue_list_start = .
 *(SORT_BY_NAME(SORT_BY_ALIGNMENT(._k_queue.static.*)))
                0x0000000020010424                _k_queue_list_end = .

_net_buf_pool_area
                0x0000000020010424        0x0 load address 0x00000000000129cc
                0x0000000020010424                _net_buf_pool_list = .
 *(SORT_BY_NAME(SORT_BY_ALIGNMENT(._net_buf_pool.static.*)))
                0x0000000020010424                __data_ram_end = .

bss             0x0000000020010428      0x27e
                0x0000000020010428                . = ALIGN (0x4)
                0x0000000020010428                __bss_start = .
                0x0000000020010428                __kernel_ram_start = .
 *(SORT_BY_ALIGNMENT(.bss))
 *(SORT_BY_ALIGNMENT(.bss.*))
 .bss.z_idle_threads
                0x0000000020010428       0x80 zephyr/kernel/libkernel.a(init.c.obj)
                0x0000000020010428                z_idle_threads
 .bss.z_main_thread
                0x00000000200104a8       0x80 zephyr/kernel/libkernel.a(init.c.obj)
                0x00000000200104a8                z_main_thread
 .bss.curr_tick
                0x0000000020010528        0x8 zephyr/kernel/libkernel.a(timeout.c.obj)
 .bss.initialized
                0x0000000020010530        0x4 zephyr/libzephyr.a(log_core.c.obj)
 .bss.freq      0x0000000020010534        0x4 zephyr/libzephyr.a(log_output.c.obj)
 .bss.timestamp_div
                0x0000000020010538        0x4 zephyr/libzephyr.a(log_output.c.obj)
 .bss.backend_cb_log_backend_uart
                0x000000002001053c        0x8 zephyr/libzephyr.a(log_backend_uart.c.obj)
 .bss.log_output_uart_control_block
                0x0000000020010544        0xc zephyr/libzephyr.a(log_backend_uart.c.obj)
 .bss.uart_dev  0x0000000020010550        0x4 zephyr/libzephyr.a(log_backend_uart.c.obj)
 .bss.all_devices
                0x0000000020010554        0x4 zephyr/libzephyr.a(device.c.obj)
 .bss.uart_console_dev
                0x0000000020010558        0x4 zephyr/libzephyr.a(uart_console.c.obj)
 .bss.cli.10103
                0x000000002001055c       0x10 zephyr/libzephyr.a(clock_control_nrf.c.obj)
 .bss.data      0x000000002001056c       0x50 zephyr/libzephyr.a(clock_control_nrf.c.obj)
 .bss.hfclk_users
                0x00000000200105bc        0x4 zephyr/libzephyr.a(clock_control_nrf.c.obj)
 .bss.on.10102  0x00000000200105c0        0x4 zephyr/libzephyr.a(clock_control_nrf.c.obj)
 .bss.last_count
                0x00000000200105c4        0x4 zephyr/libzephyr.a(nrf_rtc_timer.c.obj)
 .bss.dyn_reg_info
                0x00000000200105c8       0x14 zephyr/arch/arch/arm/core/aarch32/cortex_m/mpu/libarch__arm__core__aarch32__cortex_m__mpu.a(arm_mpu.c.obj)
 .bss.gpio_nrfx_p0_data
                0x00000000200105dc       0x1c zephyr/drivers/gpio/libdrivers__gpio.a(gpio_nrfx.c.obj)
 .bss.gpiote_alloc_mask
                0x00000000200105f8        0x4 zephyr/drivers/gpio/libdrivers__gpio.a(gpio_nrfx.c.obj)
 .bss.dev_layout
                0x00000000200105fc        0x8 zephyr/drivers/flash/libdrivers__flash.a(soc_flash_nrf.c.obj)
 .bss.sem_lock  0x0000000020010604       0x10 zephyr/drivers/flash/libdrivers__flash.a(soc_flash_nrf.c.obj)
 .bss.m_clock_cb
                0x0000000020010614        0x8 modules/nordic/lib..__modules__hal__nordic.a(nrfx_clock.c.obj)
 .bss.m_cb      0x000000002001061c       0x24 modules/nordic/lib..__modules__hal__nordic.a(nrfx_spim.c.obj)
 .bss._kernel   0x0000000020010640       0x30 zephyr/kernel/libkernel.a(sched.c.obj)
                0x0000000020010640                _kernel
 .bss.pending_current
                0x0000000020010670        0x4 zephyr/kernel/libkernel.a(sched.c.obj)
 .bss.slice_max_prio
                0x0000000020010674        0x4 zephyr/kernel/libkernel.a(sched.c.obj)
 .bss.slice_time
                0x0000000020010678        0x4 zephyr/kernel/libkernel.a(sched.c.obj)
 .bss.announce_remaining
                0x000000002001067c        0x4 zephyr/kernel/libkernel.a(timeout.c.obj)
 .bss.num_pm    0x0000000020010680        0x2 zephyr/libzephyr.a(device.c.obj)
 .bss.pm_devices
                0x0000000020010682       0x1e zephyr/libzephyr.a(device.c.obj)
 .bss.backend_attached
                0x00000000200106a0        0x1 zephyr/libzephyr.a(log_core.c.obj)
 .bss.panic_mode
                0x00000000200106a1        0x1 zephyr/libzephyr.a(log_core.c.obj)
 .bss.uart_output_buf
                0x00000000200106a2        0x1 zephyr/libzephyr.a(log_backend_uart.c.obj)
 .bss.static_regions_num
                0x00000000200106a3        0x1 zephyr/arch/arch/arm/core/aarch32/cortex_m/mpu/libarch__arm__core__aarch32__cortex_m__mpu.a(arm_mpu.c.obj)
 .bss.gpio_initialized.9653
                0x00000000200106a4        0x1 zephyr/drivers/gpio/libdrivers__gpio.a(gpio_nrfx.c.obj)
 .bss.z_sys_post_kernel
                0x00000000200106a5        0x1 zephyr/kernel/libkernel.a(init.c.obj)
                0x00000000200106a5                z_sys_post_kernel
 .bss.sched_spinlock
                0x00000000200106a6        0x0 zephyr/kernel/libkernel.a(sched.c.obj)
 .bss.lock      0x00000000200106a6        0x0 zephyr/kernel/libkernel.a(sem.c.obj)
 *(SORT_BY_ALIGNMENT(COMMON))
 *(SORT_BY_ALIGNMENT(.kernel_bss.*))
                0x00000000200106a8                __bss_end = ALIGN (0x4)

noinit          0x00000000200106a8      0xd40
 *(SORT_BY_ALIGNMENT(.noinit))
 *(SORT_BY_ALIGNMENT(.noinit.*))
 .noinit."WEST_TOPDIR/zephyr/kernel/init.c".2
                0x00000000200106a8      0x400 zephyr/kernel/libkernel.a(init.c.obj)
                0x00000000200106a8                z_main_stack
 .noinit."WEST_TOPDIR/zephyr/kernel/init.c".3
                0x0000000020010aa8      0x140 zephyr/kernel/libkernel.a(init.c.obj)
 .noinit."WEST_TOPDIR/zephyr/kernel/init.c".4
                0x0000000020010be8      0x800 zephyr/kernel/libkernel.a(init.c.obj)
                0x0000000020010be8                z_interrupt_stacks
 *(SORT_BY_ALIGNMENT(.kernel_noinit.*))
                0x00000000200113e8                _image_ram_end = .
                0x00000000200113e8                _end = .
                0x0000000020040000                __kernel_ram_end = 0x20040000
                0x000000000002fbd8                __kernel_ram_size = (__kernel_ram_end - __kernel_ram_start)

.stab
 *(SORT_BY_ALIGNMENT(.stab))

.stabstr
 *(SORT_BY_ALIGNMENT(.stabstr))

.stab.excl
 *(SORT_BY_ALIGNMENT(.stab.excl))

.stab.exclstr
 *(SORT_BY_ALIGNMENT(.stab.exclstr))

.stab.index
 *(SORT_BY_ALIGNMENT(.stab.index))

.stab.indexstr
 *(SORT_BY_ALIGNMENT(.stab.indexstr))

.gnu.build.attributes
 *(SORT_BY_ALIGNMENT(.gnu.build.attributes) SORT_BY_ALIGNMENT(.gnu.build.attributes.*))

.comment        0x0000000000000000       0x76
 *(SORT_BY_ALIGNMENT(.comment))
 .comment       0x0000000000000000       0x76 zephyr/CMakeFiles/zephyr_final.dir/isr_tables.c.obj
                                         0x77 (size before relaxing)
 .comment       0x0000000000000076       0x77 app/libapp.a(spi_flash_en25.c.obj)
 .comment       0x0000000000000076       0x77 app/libapp.a(main.c.obj)
 .comment       0x0000000000000076       0x77 zephyr/libzephyr.a(notify.c.obj)
 .comment       0x0000000000000076       0x77 zephyr/libzephyr.a(printk.c.obj)
 .comment       0x0000000000000076       0x77 zephyr/libzephyr.a(onoff.c.obj)
 .comment       0x0000000000000076       0x77 zephyr/libzephyr.a(thread_entry.c.obj)
 .comment       0x0000000000000076       0x77 zephyr/libzephyr.a(heap.c.obj)
 .comment       0x0000000000000076       0x77 zephyr/libzephyr.a(configs.c.obj)
 .comment       0x0000000000000076       0x77 zephyr/libzephyr.a(soc.c.obj)
 .comment       0x0000000000000076       0x77 zephyr/libzephyr.a(log_core.c.obj)
 .comment       0x0000000000000076       0x77 zephyr/libzephyr.a(log_output.c.obj)
 .comment       0x0000000000000076       0x77 zephyr/libzephyr.a(log_backend_uart.c.obj)
 .comment       0x0000000000000076       0x77 zephyr/libzephyr.a(power.c.obj)
 .comment       0x0000000000000076       0x77 zephyr/libzephyr.a(device.c.obj)
 .comment       0x0000000000000076       0x77 zephyr/libzephyr.a(uart_console.c.obj)
 .comment       0x0000000000000076       0x77 zephyr/libzephyr.a(clock_control_nrf.c.obj)
 .comment       0x0000000000000076       0x77 zephyr/libzephyr.a(sys_clock_init.c.obj)
 .comment       0x0000000000000076       0x77 zephyr/libzephyr.a(nrf_rtc_timer.c.obj)
 .comment       0x0000000000000076       0x77 zephyr/libzephyr.a(secure_services_ns.c.obj)
 .comment       0x0000000000000076       0x77 zephyr/arch/arch/arm/core/aarch32/libarch__arm__core__aarch32.a(swap.c.obj)
 .comment       0x0000000000000076       0x77 zephyr/arch/arch/arm/core/aarch32/libarch__arm__core__aarch32.a(irq_manage.c.obj)
 .comment       0x0000000000000076       0x77 zephyr/arch/arch/arm/core/aarch32/libarch__arm__core__aarch32.a(thread.c.obj)
 .comment       0x0000000000000076       0x77 zephyr/arch/arch/arm/core/aarch32/libarch__arm__core__aarch32.a(fatal.c.obj)
 .comment       0x0000000000000076       0x77 zephyr/arch/arch/arm/core/aarch32/libarch__arm__core__aarch32.a(nmi.c.obj)
 .comment       0x0000000000000076       0x77 zephyr/arch/arch/arm/core/aarch32/libarch__arm__core__aarch32.a(prep_c.c.obj)
 .comment       0x0000000000000076       0x77 zephyr/arch/arch/arm/core/aarch32/cortex_m/libarch__arm__core__aarch32__cortex_m.a(fault.c.obj)
 .comment       0x0000000000000076       0x77 zephyr/arch/arch/arm/core/aarch32/cortex_m/libarch__arm__core__aarch32__cortex_m.a(scb.c.obj)
 .comment       0x0000000000000076       0x77 zephyr/arch/arch/arm/core/aarch32/cortex_m/libarch__arm__core__aarch32__cortex_m.a(irq_init.c.obj)
 .comment       0x0000000000000076       0x77 zephyr/arch/arch/arm/core/aarch32/cortex_m/libarch__arm__core__aarch32__cortex_m.a(thread_abort.c.obj)
 .comment       0x0000000000000076       0x77 zephyr/arch/arch/arm/core/aarch32/cortex_m/mpu/libarch__arm__core__aarch32__cortex_m__mpu.a(arm_core_mpu.c.obj)
 .comment       0x0000000000000076       0x77 zephyr/arch/arch/arm/core/aarch32/cortex_m/mpu/libarch__arm__core__aarch32__cortex_m__mpu.a(arm_mpu.c.obj)
 .comment       0x0000000000000076       0x77 zephyr/arch/arch/arm/core/aarch32/cortex_m/cmse/libarch__arm__core__aarch32__cortex_m__cmse.a(arm_core_cmse.c.obj)
 .comment       0x0000000000000076       0x77 zephyr/lib/libc/minimal/liblib__libc__minimal.a(string.c.obj)
 .comment       0x0000000000000076       0x77 zephyr/lib/libc/minimal/liblib__libc__minimal.a(stdout_console.c.obj)
 .comment       0x0000000000000076       0x77 zephyr/soc/arm/common/cortex_m/libsoc__arm__common__cortex_m.a(arm_mpu_regions.c.obj)
 .comment       0x0000000000000076       0x77 zephyr/drivers/gpio/libdrivers__gpio.a(gpio_nrfx.c.obj)
 .comment       0x0000000000000076       0x77 zephyr/drivers/spi/libdrivers__spi.a(spi_nrfx_spim.c.obj)
 .comment       0x0000000000000076       0x77 zephyr/drivers/flash/libdrivers__flash.a(soc_flash_nrf.c.obj)
 .comment       0x0000000000000076       0x77 zephyr/drivers/serial/libdrivers__serial.a(uart_nrfx_uarte.c.obj)
 .comment       0x0000000000000076       0x77 modules/nrf/lib/fatal_error/lib..__nrf__lib__fatal_error.a(fatal_error.c.obj)
 .comment       0x0000000000000076       0x77 modules/nrf/subsys/fw_info/lib..__nrf__subsys__fw_info.a(fw_info.c.obj)
 .comment       0x0000000000000076       0x77 modules/nordic/lib..__modules__hal__nordic.a(system_nrf9160.c.obj)
 .comment       0x0000000000000076       0x77 modules/nordic/lib..__modules__hal__nordic.a(nrfx_glue.c.obj)
 .comment       0x0000000000000076       0x77 modules/nordic/lib..__modules__hal__nordic.a(nrfx_clock.c.obj)
 .comment       0x0000000000000076       0x77 modules/nordic/lib..__modules__hal__nordic.a(nrfx_nvmc.c.obj)
 .comment       0x0000000000000076       0x77 modules/nordic/lib..__modules__hal__nordic.a(nrfx_spim.c.obj)
 .comment       0x0000000000000076       0x77 zephyr/kernel/libkernel.a(device.c.obj)
 .comment       0x0000000000000076       0x77 zephyr/kernel/libkernel.a(errno.c.obj)
 .comment       0x0000000000000076       0x77 zephyr/kernel/libkernel.a(fatal.c.obj)
 .comment       0x0000000000000076       0x77 zephyr/kernel/libkernel.a(idle.c.obj)
 .comment       0x0000000000000076       0x77 zephyr/kernel/libkernel.a(init.c.obj)
 .comment       0x0000000000000076       0x77 zephyr/kernel/libkernel.a(mem_slab.c.obj)
 .comment       0x0000000000000076       0x77 zephyr/kernel/libkernel.a(sched.c.obj)
 .comment       0x0000000000000076       0x77 zephyr/kernel/libkernel.a(sem.c.obj)
 .comment       0x0000000000000076       0x77 zephyr/kernel/libkernel.a(thread.c.obj)
 .comment       0x0000000000000076       0x77 zephyr/kernel/libkernel.a(timeout.c.obj)
 .comment       0x0000000000000076       0x77 zephyr/kernel/libkernel.a(kheap.c.obj)
 .comment       0x0000000000000076       0x77 zephyr/CMakeFiles/offsets.dir/arch/arm/core/offsets/offsets.c.obj

.debug
 *(SORT_BY_ALIGNMENT(.debug))

.line
 *(SORT_BY_ALIGNMENT(.line))

.debug_srcinfo
 *(SORT_BY_ALIGNMENT(.debug_srcinfo))

.debug_sfnames
 *(SORT_BY_ALIGNMENT(.debug_sfnames))

.debug_aranges  0x0000000000000000     0x1478
 *(SORT_BY_ALIGNMENT(.debug_aranges))
 .debug_aranges
                0x0000000000000000       0x28 zephyr/arch/arch/arm/core/aarch32/libarch__arm__core__aarch32.a(swap_helper.S.obj)
 .debug_aranges
                0x0000000000000028       0x30 zephyr/arch/arch/arm/core/aarch32/libarch__arm__core__aarch32.a(cpu_idle.S.obj)
 .debug_aranges
                0x0000000000000058       0x20 zephyr/arch/arch/arm/core/aarch32/libarch__arm__core__aarch32.a(nmi_on_reset.S.obj)
 .debug_aranges
                0x0000000000000078       0x20 zephyr/arch/arch/arm/core/aarch32/libarch__arm__core__aarch32.a(isr_wrapper.S.obj)
 .debug_aranges
                0x0000000000000098       0x20 zephyr/arch/arch/arm/core/aarch32/cortex_m/libarch__arm__core__aarch32__cortex_m.a(reset.S.obj)
 .debug_aranges
                0x00000000000000b8       0x20 zephyr/arch/arch/arm/core/aarch32/cortex_m/libarch__arm__core__aarch32__cortex_m.a(fault_s.S.obj)
 .debug_aranges
                0x00000000000000d8       0x20 zephyr/arch/arch/arm/core/aarch32/cortex_m/libarch__arm__core__aarch32__cortex_m.a(exc_exit.S.obj)
 .debug_aranges
                0x00000000000000f8       0x18 zephyr/CMakeFiles/zephyr_final.dir/isr_tables.c.obj
 .debug_aranges
                0x0000000000000110       0x90 app/libapp.a(spi_flash_en25.c.obj)
 .debug_aranges
                0x00000000000001a0       0x30 app/libapp.a(main.c.obj)
 .debug_aranges
                0x00000000000001d0       0x28 zephyr/libzephyr.a(notify.c.obj)
 .debug_aranges
                0x00000000000001f8       0x78 zephyr/libzephyr.a(printk.c.obj)
 .debug_aranges
                0x0000000000000270       0x88 zephyr/libzephyr.a(onoff.c.obj)
 .debug_aranges
                0x00000000000002f8       0x20 zephyr/libzephyr.a(thread_entry.c.obj)
 .debug_aranges
                0x0000000000000318       0x98 zephyr/libzephyr.a(heap.c.obj)
 .debug_aranges
                0x00000000000003b0       0x20 zephyr/libzephyr.a(configs.c.obj)
 .debug_aranges
                0x00000000000003d0       0x30 zephyr/libzephyr.a(soc.c.obj)
 .debug_aranges
                0x0000000000000400      0x158 zephyr/libzephyr.a(log_core.c.obj)
 .debug_aranges
                0x0000000000000558       0x80 zephyr/libzephyr.a(log_output.c.obj)
 .debug_aranges
                0x00000000000005d8       0x40 zephyr/libzephyr.a(log_backend_uart.c.obj)
 .debug_aranges
                0x0000000000000618       0x48 zephyr/libzephyr.a(power.c.obj)
 .debug_aranges
                0x0000000000000660       0x50 zephyr/libzephyr.a(device.c.obj)
 .debug_aranges
                0x00000000000006b0       0x28 zephyr/libzephyr.a(uart_console.c.obj)
 .debug_aranges
                0x00000000000006d8       0xc8 zephyr/libzephyr.a(clock_control_nrf.c.obj)
 .debug_aranges
                0x00000000000007a0       0x40 zephyr/libzephyr.a(sys_clock_init.c.obj)
 .debug_aranges
                0x00000000000007e0       0x48 zephyr/libzephyr.a(nrf_rtc_timer.c.obj)
 .debug_aranges