Archive member included to satisfy reference by file (symbol)

app/libapp.a(main.c.obj)      (--whole-archive)
zephyr/libzephyr.a(crc32_sw.c.obj)
                              (--whole-archive)
zephyr/libzephyr.a(crc16_sw.c.obj)
                              (--whole-archive)
zephyr/libzephyr.a(crc8_sw.c.obj)
                              (--whole-archive)
zephyr/libzephyr.a(crc7_sw.c.obj)
                              (--whole-archive)
zephyr/libzephyr.a(dec.c.obj)
                              (--whole-archive)
zephyr/libzephyr.a(fdtable.c.obj)
                              (--whole-archive)
zephyr/libzephyr.a(hex.c.obj)
                              (--whole-archive)
zephyr/libzephyr.a(mempool.c.obj)
                              (--whole-archive)
zephyr/libzephyr.a(notify.c.obj)
                              (--whole-archive)
zephyr/libzephyr.a(printk.c.obj)
                              (--whole-archive)
zephyr/libzephyr.a(onoff.c.obj)
                              (--whole-archive)
zephyr/libzephyr.a(rb.c.obj)  (--whole-archive)
zephyr/libzephyr.a(sem.c.obj)
                              (--whole-archive)
zephyr/libzephyr.a(thread_entry.c.obj)
                              (--whole-archive)
zephyr/libzephyr.a(timeutil.c.obj)
                              (--whole-archive)
zephyr/libzephyr.a(work_q.c.obj)
                              (--whole-archive)
zephyr/libzephyr.a(heap.c.obj)
                              (--whole-archive)
zephyr/libzephyr.a(heap-validate.c.obj)
                              (--whole-archive)
zephyr/libzephyr.a(prf.c.obj)
                              (--whole-archive)
zephyr/libzephyr.a(configs.c.obj)
                              (--whole-archive)
zephyr/libzephyr.a(soc.c.obj)
                              (--whole-archive)
zephyr/libzephyr.a(power.c.obj)
                              (--whole-archive)
zephyr/libzephyr.a(validate_base_addresses.c.obj)
                              (--whole-archive)
zephyr/libzephyr.a(validate_enabled_instances.c.obj)
                              (--whole-archive)
zephyr/libzephyr.a(power.c.obj)
                              (--whole-archive)
zephyr/libzephyr.a(reboot.c.obj)
                              (--whole-archive)
zephyr/libzephyr.a(policy_residency.c.obj)
                              (--whole-archive)
zephyr/libzephyr.a(uart_console.c.obj)
                              (--whole-archive)
zephyr/libzephyr.a(clock_control_nrf.c.obj)
                              (--whole-archive)
zephyr/libzephyr.a(sys_clock_init.c.obj)
                              (--whole-archive)
zephyr/libzephyr.a(nrf_rtc_timer.c.obj)
                              (--whole-archive)
zephyr/libzephyr.a(spm.c.obj)
                              (--whole-archive)
zephyr/libzephyr.a(secure_services.c.obj)
                              (--whole-archive)
zephyr/libzephyr.a(nrf_cc3xx_platform_abort_zephyr.c.obj)
                              (--whole-archive)
zephyr/libzephyr.a(nrf_cc3xx_platform_mutex_zephyr.c.obj)
                              (--whole-archive)
zephyr/arch/common/libarch__common.a(sw_isr_common.c.obj)
                              (--whole-archive)
zephyr/arch/arch/arm/core/aarch32/libarch__arm__core__aarch32.a(swap.c.obj)
                              (--whole-archive)
zephyr/arch/arch/arm/core/aarch32/libarch__arm__core__aarch32.a(swap_helper.S.obj)
                              (--whole-archive)
zephyr/arch/arch/arm/core/aarch32/libarch__arm__core__aarch32.a(irq_manage.c.obj)
                              (--whole-archive)
zephyr/arch/arch/arm/core/aarch32/libarch__arm__core__aarch32.a(thread.c.obj)
                              (--whole-archive)
zephyr/arch/arch/arm/core/aarch32/libarch__arm__core__aarch32.a(cpu_idle.S.obj)
                              (--whole-archive)
zephyr/arch/arch/arm/core/aarch32/libarch__arm__core__aarch32.a(fatal.c.obj)
                              (--whole-archive)
zephyr/arch/arch/arm/core/aarch32/libarch__arm__core__aarch32.a(nmi.c.obj)
                              (--whole-archive)
zephyr/arch/arch/arm/core/aarch32/libarch__arm__core__aarch32.a(nmi_on_reset.S.obj)
                              (--whole-archive)
zephyr/arch/arch/arm/core/aarch32/libarch__arm__core__aarch32.a(prep_c.c.obj)
                              (--whole-archive)
zephyr/arch/arch/arm/core/aarch32/libarch__arm__core__aarch32.a(isr_wrapper.S.obj)
                              (--whole-archive)
zephyr/arch/arch/arm/core/aarch32/cortex_m/libarch__arm__core__aarch32__cortex_m.a(vector_table.S.obj)
                              (--whole-archive)
zephyr/arch/arch/arm/core/aarch32/cortex_m/libarch__arm__core__aarch32__cortex_m.a(reset.S.obj)
                              (--whole-archive)
zephyr/arch/arch/arm/core/aarch32/cortex_m/libarch__arm__core__aarch32__cortex_m.a(fault_s.S.obj)
                              (--whole-archive)
zephyr/arch/arch/arm/core/aarch32/cortex_m/libarch__arm__core__aarch32__cortex_m.a(fault.c.obj)
[...]
Memory Configuration

Name             Origin             Length             Attributes
FLASH            0x0000000000000000 0x000000000000c000 xr
SRAM             0x0000000020000000 0x0000000000010000 xw
IDT_LIST         0x0000000020010000 0x0000000000000800 xw
*default*        0x0000000000000000 0xffffffffffffffff

Linker script and memory map

LOAD zephyr/CMakeFiles/zephyr_prebuilt.dir/misc/empty_file.c.obj
                0x0000000000000020                _region_min_align = 0x20

.rel.plt        0x0000000000000000        0x0
 *(SORT_BY_ALIGNMENT(.rel.plt))
                [!provide]                        PROVIDE (__rel_iplt_start = .)
 *(SORT_BY_ALIGNMENT(.rel.iplt))
 .rel.iplt      0x0000000000000000        0x0 app/libapp.a(main.c.obj)
                [!provide]                        PROVIDE (__rel_iplt_end = .)

.rela.plt       0x0000000000000000        0x0
 *(SORT_BY_ALIGNMENT(.rela.plt))
                [!provide]                        PROVIDE (__rela_iplt_start = .)
 *(SORT_BY_ALIGNMENT(.rela.iplt))
                [!provide]                        PROVIDE (__rela_iplt_end = .)

.rel.dyn
 *(SORT_BY_ALIGNMENT(.rel.*))

.rela.dyn
 *(SORT_BY_ALIGNMENT(.rela.*))

/DISCARD/
 *(SORT_BY_ALIGNMENT(.plt))
 *(SORT_BY_ALIGNMENT(.iplt))
 *(SORT_BY_ALIGNMENT(.got.plt))
 *(SORT_BY_ALIGNMENT(.igot.plt))
 *(SORT_BY_ALIGNMENT(.got))
 *(SORT_BY_ALIGNMENT(.igot))
 *(SORT_BY_ALIGNMENT(.note.GNU-stack))
                0x0000000000000000                _image_rom_start = 0x0

rom_start       0x0000000000000000      0x23c
                0x0000000000000000                . = 0x0
                0x0000000000000000                . = ALIGN (0x4)
                0x0000000000000000                . = ALIGN (0x80)
                0x0000000000000000                . = ALIGN (0x200)
                0x0000000000000000                _vector_start = .
 *(SORT_BY_ALIGNMENT(.exc_vector_table))
 *(SORT_BY_ALIGNMENT(.exc_vector_table.*))
 .exc_vector_table._vector_table_section
                0x0000000000000000       0x40 zephyr/arch/arch/arm/core/aarch32/cortex_m/libarch__arm__core__aarch32__cortex_m.a(vector_table.S.obj)
                0x0000000000000000                _vector_table
 *(SORT_BY_ALIGNMENT(.gnu.linkonce.irq_vector_table*))
 .gnu.linkonce.irq_vector_table*
                0x0000000000000040      0x104 zephyr/arch/common/libisr_tables.a(isr_tables.c.obj)
                0x0000000000000040                _irq_vector_table
 *(SORT_BY_ALIGNMENT(.vectors))
                0x0000000000000144                _vector_end = .
 *(SORT_BY_ALIGNMENT(.openocd_dbg))
 *(SORT_BY_ALIGNMENT(.openocd_dbg.*))
                0x0000000000000200                . = 0x200
 *fill*         0x0000000000000144       0xbc 
                0x0000000000000200                _fw_info_start = .
 *(SORT_BY_NAME(SORT_BY_ALIGNMENT(.firmware_info*)))
 .firmware_info
                0x0000000000000200       0x3c modules/nrf/subsys/fw_info/lib..__nrf__subsys__fw_info.a(fw_info.c.obj)
                0x0000000000000200                m_firmware_info
                0x000000000000003c                _fw_info_size = ABSOLUTE ((. - _fw_info_start))

text            0x000000000000023c     0x4bda
                0x000000000000023c                _image_text_start = .
 *(SORT_BY_ALIGNMENT(.text))
 .text          0x000000000000023c       0x30 /opt/gnuarmemb/gcc-arm-none-eabi-8-2019-q3-update/bin/../lib/gcc/arm-none-eabi/8.3.1/thumb/v8-m.main+fp/hard/libgcc.a(_aeabi_uldivmod.o)
                0x000000000000023c                __aeabi_uldivmod
 .text          0x000000000000026c      0x2c8 /opt/gnuarmemb/gcc-arm-none-eabi-8-2019-q3-update/bin/../lib/gcc/arm-none-eabi/8.3.1/thumb/v8-m.main+fp/hard/libgcc.a(_udivmoddi4.o)
                0x000000000000026c                __udivmoddi4
 .text          0x0000000000000534        0x4 /opt/gnuarmemb/gcc-arm-none-eabi-8-2019-q3-update/bin/../lib/gcc/arm-none-eabi/8.3.1/thumb/v8-m.main+fp/hard/libgcc.a(_dvmd_tls.o)
                0x0000000000000534                __aeabi_ldiv0
                0x0000000000000534                __aeabi_idiv0
 .text          0x0000000000000538       0x5c /opt/gnuarmemb/gcc-arm-none-eabi-8-2019-q3-update/bin/../lib/gcc/arm-none-eabi/8.3.1/thumb/v8-m.main+fp/hard/libgcc.a(cmse_nonsecure_call.o)
                0x0000000000000538                __gnu_cmse_nonsecure_call
 *(SORT_BY_ALIGNMENT(.text.*))
 .text.char_out
                0x0000000000000594       0x10 zephyr/libzephyr.a(printk.c.obj)
 .text.print_digits.part.0
                0x00000000000005a4       0x94 zephyr/libzephyr.a(printk.c.obj)
 .text.__printk_hook_install
                0x0000000000000638        0xc zephyr/libzephyr.a(printk.c.obj)
                0x0000000000000638                __printk_hook_install
 .text.vprintk  0x0000000000000644       0x1c zephyr/libzephyr.a(printk.c.obj)
                0x0000000000000644                vprintk
 .text.process_event
                0x0000000000000660      0x1bc zephyr/libzephyr.a(onoff.c.obj)
 .text.nordicsemi_nrf91_init
                0x000000000000081c       0x28 zephyr/libzephyr.a(soc.c.obj)
 .text.arch_busy_wait
                0x0000000000000844       0x14 zephyr/libzephyr.a(soc.c.obj)
                0x0000000000000844                arch_busy_wait
 .text.sys_reboot
                0x0000000000000858       0x30 zephyr/libzephyr.a(reboot.c.obj)
                0x0000000000000858                sys_reboot
 .text.uart_console_init
                0x0000000000000888       0x2c zephyr/libzephyr.a(uart_console.c.obj)
 .text.console_out
                0x00000000000008b4       0x28 zephyr/libzephyr.a(uart_console.c.obj)
 .text.onoff_stop
                0x00000000000008dc       0x48 zephyr/libzephyr.a(clock_control_nrf.c.obj)
 .text.onoff_start
                0x0000000000000924       0x58 zephyr/libzephyr.a(clock_control_nrf.c.obj)
 .text.clk_init
                0x000000000000097c       0x60 zephyr/libzephyr.a(clock_control_nrf.c.obj)
 .text.clkstarted_handle.constprop.10
                0x00000000000009dc       0x34 zephyr/libzephyr.a(clock_control_nrf.c.obj)
 .text.generic_hfclk_start
                0x0000000000000a10       0x64 zephyr/libzephyr.a(clock_control_nrf.c.obj)
 .text.clock_event_handler
                0x0000000000000a74       0x1c zephyr/libzephyr.a(clock_control_nrf.c.obj)
 .text.generic_hfclk_stop
                0x0000000000000a90       0x24 zephyr/libzephyr.a(clock_control_nrf.c.obj)
 .text.api_blocking_start
                0x0000000000000ab4       0x38 zephyr/libzephyr.a(clock_control_nrf.c.obj)
 .text.z_nrf_clock_control_lf_on
                0x0000000000000aec      0x108 zephyr/libzephyr.a(clock_control_nrf.c.obj)
                0x0000000000000aec                z_nrf_clock_control_lf_on
 .text.handle_next_cycle_case
                0x0000000000000bf4       0x28 zephyr/libzephyr.a(nrf_rtc_timer.c.obj)
 .text.rtc_nrf_isr
                0x0000000000000c1c       0x2c zephyr/libzephyr.a(nrf_rtc_timer.c.obj)
                0x0000000000000c1c                rtc_nrf_isr
 .text.z_clock_driver_init
                0x0000000000000c48       0x54 zephyr/libzephyr.a(nrf_rtc_timer.c.obj)
                0x0000000000000c48                z_clock_driver_init
 .text.z_clock_set_timeout
                0x0000000000000c9c       0xcc zephyr/libzephyr.a(nrf_rtc_timer.c.obj)
                0x0000000000000c9c                z_clock_set_timeout
 .text.z_clock_elapsed
                0x0000000000000d68       0x34 zephyr/libzephyr.a(nrf_rtc_timer.c.obj)
                0x0000000000000d68                z_clock_elapsed
 .text.config_regions
                0x0000000000000d9c       0xb0 zephyr/libzephyr.a(spm.c.obj)
 .text.spm_config_peripheral.constprop.1
                0x0000000000000e4c       0x5c zephyr/libzephyr.a(spm.c.obj)
 .text.spm_jump
                0x0000000000000ea8       0xd4 zephyr/libzephyr.a(spm.c.obj)
                0x0000000000000ea8                spm_jump
 .text.spm_config
                0x0000000000000f7c      0x130 zephyr/libzephyr.a(spm.c.obj)
                0x0000000000000f7c                spm_config
 .text.spm_request_read_nse
                0x00000000000010ac       0xb0 zephyr/libzephyr.a(secure_services.c.obj)
                0x00000000000010ac                __acle_se_spm_request_read_nse
 .text.spm_firmware_info_nse
                0x000000000000115c       0xcc zephyr/libzephyr.a(secure_services.c.obj)
                0x000000000000115c                __acle_se_spm_firmware_info_nse
 .text.nrf_cc3xx_platform_abort_init
                0x0000000000001228        0xc zephyr/libzephyr.a(nrf_cc3xx_platform_abort_zephyr.c.obj)
                0x0000000000001228                nrf_cc3xx_platform_abort_init
 .text.mutex_unlock_platform
                0x0000000000001234       0x20 zephyr/libzephyr.a(nrf_cc3xx_platform_mutex_zephyr.c.obj)
 .text.mutex_free_platform
                0x0000000000001254       0x40 zephyr/libzephyr.a(nrf_cc3xx_platform_mutex_zephyr.c.obj)
 .text.mutex_init_platform
                0x0000000000001294       0x68 zephyr/libzephyr.a(nrf_cc3xx_platform_mutex_zephyr.c.obj)
 .text.mutex_lock_platform
                0x00000000000012fc       0x34 zephyr/libzephyr.a(nrf_cc3xx_platform_mutex_zephyr.c.obj)
 .text.nrf_cc3xx_platform_mutex_init
                0x0000000000001330       0x2c zephyr/libzephyr.a(nrf_cc3xx_platform_mutex_zephyr.c.obj)
                0x0000000000001330                nrf_cc3xx_platform_mutex_init
 .text.arch_swap
                0x000000000000135c       0x34 zephyr/arch/arch/arm/core/aarch32/libarch__arm__core__aarch32.a(swap.c.obj)
                0x000000000000135c                arch_swap
 .text.z_arm_pendsv
                0x0000000000001390       0x58 zephyr/arch/arch/arm/core/aarch32/libarch__arm__core__aarch32.a(swap_helper.S.obj)
                0x0000000000001390                z_arm_pendsv
 .text.z_arm_svc
                0x00000000000013e8       0x20 zephyr/arch/arch/arm/core/aarch32/libarch__arm__core__aarch32.a(swap_helper.S.obj)
                0x00000000000013e8                z_arm_svc
 .text.arch_irq_enable
                0x0000000000001408       0x20 zephyr/arch/arch/arm/core/aarch32/libarch__arm__core__aarch32.a(irq_manage.c.obj)
                0x0000000000001408                arch_irq_enable
 .text.arch_irq_is_enabled
                0x0000000000001428       0x1c zephyr/arch/arch/arm/core/aarch32/libarch__arm__core__aarch32.a(irq_manage.c.obj)
                0x0000000000001428                arch_irq_is_enabled
 .text.z_arm_irq_priority_set
                0x0000000000001444       0x30 zephyr/arch/arch/arm/core/aarch32/libarch__arm__core__aarch32.a(irq_manage.c.obj)
                0x0000000000001444                z_arm_irq_priority_set
 .text.arch_new_thread
                0x0000000000001474       0x38 zephyr/arch/arch/arm/core/aarch32/libarch__arm__core__aarch32.a(thread.c.obj)
                0x0000000000001474                arch_new_thread
 .text.arch_switch_to_main_thread
                0x00000000000014ac       0x3c zephyr/arch/arch/arm/core/aarch32/libarch__arm__core__aarch32.a(thread.c.obj)
                0x00000000000014ac                arch_switch_to_main_thread
 .text.z_arm_cpu_idle_init
                0x00000000000014e8        0xc zephyr/arch/arch/arm/core/aarch32/libarch__arm__core__aarch32.a(cpu_idle.S.obj)
                0x00000000000014e8                z_arm_cpu_idle_init
 .text.arch_cpu_idle
                0x00000000000014f4       0x1c zephyr/arch/arch/arm/core/aarch32/libarch__arm__core__aarch32.a(cpu_idle.S.obj)
                0x00000000000014f4                arch_cpu_idle
 .text.arch_cpu_atomic_idle
                0x0000000000001510       0x14 zephyr/arch/arch/arm/core/aarch32/libarch__arm__core__aarch32.a(cpu_idle.S.obj)
                0x0000000000001510                arch_cpu_atomic_idle
 .text.z_SysNmiOnReset
                0x0000000000001524        0x8 zephyr/arch/arch/arm/core/aarch32/libarch__arm__core__aarch32.a(nmi_on_reset.S.obj)
                0x0000000000001524                z_SysNmiOnReset
 .text.z_arm_prep_c
                0x000000000000152c       0x6c zephyr/arch/arch/arm/core/aarch32/libarch__arm__core__aarch32.a(prep_c.c.obj)
                0x000000000000152c                z_arm_prep_c
 .text._isr_wrapper
                0x0000000000001598       0x40 zephyr/arch/arch/arm/core/aarch32/libarch__arm__core__aarch32.a(isr_wrapper.S.obj)
                0x0000000000001598                _isr_wrapper
 .text._reset_section
                0x00000000000015d8       0x30 zephyr/arch/arch/arm/core/aarch32/cortex_m/libarch__arm__core__aarch32__cortex_m.a(reset.S.obj)
                0x00000000000015d8                z_arm_reset
                0x00000000000015d8                __start
 .text.__fault  0x0000000000001608       0x14 zephyr/arch/arch/arm/core/aarch32/cortex_m/libarch__arm__core__aarch32__cortex_m.a(fault_s.S.obj)
                0x0000000000001608                z_arm_secure_fault
                0x0000000000001608                z_arm_bus_fault
                0x0000000000001608                z_arm_usage_fault
                0x0000000000001608                z_arm_mpu_fault
                0x0000000000001608                z_arm_exc_spurious
                0x0000000000001608                z_arm_debug_monitor
                0x0000000000001608                z_arm_hard_fault
 .text.mem_manage_fault.isra.2
                0x000000000000161c       0x38 zephyr/arch/arch/arm/core/aarch32/cortex_m/libarch__arm__core__aarch32__cortex_m.a(fault.c.obj)
 .text.bus_fault.isra.3
                0x0000000000001654       0x3c zephyr/arch/arch/arm/core/aarch32/cortex_m/libarch__arm__core__aarch32__cortex_m.a(fault.c.obj)
 .text.usage_fault.isra.4
                0x0000000000001690       0x2c zephyr/arch/arch/arm/core/aarch32/cortex_m/libarch__arm__core__aarch32__cortex_m.a(fault.c.obj)
 .text.secure_fault.isra.5
                0x00000000000016bc       0x3c zephyr/arch/arch/arm/core/aarch32/cortex_m/libarch__arm__core__aarch32__cortex_m.a(fault.c.obj)
 .text.z_arm_fault
                0x00000000000016f8      0x118 zephyr/arch/arch/arm/core/aarch32/cortex_m/libarch__arm__core__aarch32__cortex_m.a(fault.c.obj)
                0x00000000000016f8                z_arm_fault
 .text.z_arm_fault_init
                0x0000000000001810       0x18 zephyr/arch/arch/arm/core/aarch32/cortex_m/libarch__arm__core__aarch32__cortex_m.a(fault.c.obj)
                0x0000000000001810                z_arm_fault_init
 .text._HandlerModeExit
                0x0000000000001828       0x1c zephyr/arch/arch/arm/core/aarch32/cortex_m/libarch__arm__core__aarch32__cortex_m.a(exc_exit.S.obj)
                0x0000000000001828                z_arm_exc_exit
                0x0000000000001828                z_arm_int_exit
 .text.sys_arch_reboot
                0x0000000000001844       0x24 zephyr/arch/arch/arm/core/aarch32/cortex_m/libarch__arm__core__aarch32__cortex_m.a(scb.c.obj)
                0x0000000000001844                sys_arch_reboot
 .text.z_arm_interrupt_init
                0x0000000000001868       0x18 zephyr/arch/arch/arm/core/aarch32/cortex_m/libarch__arm__core__aarch32__cortex_m.a(irq_init.c.obj)
                0x0000000000001868                z_arm_interrupt_init
 .text.z_impl_k_thread_abort
                0x0000000000001880       0x58 zephyr/arch/arch/arm/core/aarch32/cortex_m/libarch__arm__core__aarch32__cortex_m.a(thread_abort.c.obj)
                0x0000000000001880                z_impl_k_thread_abort
 .text.z_arm_configure_static_mpu_regions
                0x00000000000018d8       0x54 zephyr/arch/arch/arm/core/aarch32/cortex_m/mpu/libarch__arm__core__aarch32__cortex_m__mpu.a(arm_core_mpu.c.obj)
                0x00000000000018d8                z_arm_configure_static_mpu_regions
 .text.region_init
                0x000000000000192c       0x30 zephyr/arch/arch/arm/core/aarch32/cortex_m/mpu/libarch__arm__core__aarch32__cortex_m__mpu.a(arm_mpu.c.obj)
 .text.mpu_configure_regions_and_partition.constprop.1
                0x000000000000195c      0x134 zephyr/arch/arch/arm/core/aarch32/cortex_m/mpu/libarch__arm__core__aarch32__cortex_m__mpu.a(arm_mpu.c.obj)
 .text.arm_core_mpu_enable
                0x0000000000001a90       0x14 zephyr/arch/arch/arm/core/aarch32/cortex_m/mpu/libarch__arm__core__aarch32__cortex_m__mpu.a(arm_mpu.c.obj)
                0x0000000000001a90                arm_core_mpu_enable
 .text.arm_core_mpu_disable
                0x0000000000001aa4       0x10 zephyr/arch/arch/arm/core/aarch32/cortex_m/mpu/libarch__arm__core__aarch32__cortex_m__mpu.a(arm_mpu.c.obj)
                0x0000000000001aa4                arm_core_mpu_disable
 .text.arm_mpu_init
                0x0000000000001ab4       0x4c zephyr/arch/arch/arm/core/aarch32/cortex_m/mpu/libarch__arm__core__aarch32__cortex_m__mpu.a(arm_mpu.c.obj)
 .text.arm_core_mpu_configure_static_mpu_regions
                0x0000000000001b00       0x14 zephyr/arch/arch/arm/core/aarch32/cortex_m/mpu/libarch__arm__core__aarch32__cortex_m__mpu.a(arm_mpu.c.obj)
                0x0000000000001b00                arm_core_mpu_configure_static_mpu_regions
 .text.arm_core_mpu_mark_areas_for_dynamic_regions
                0x0000000000001b14       0xa8 zephyr/arch/arch/arm/core/aarch32/cortex_m/mpu/libarch__arm__core__aarch32__cortex_m__mpu.a(arm_mpu.c.obj)
                0x0000000000001b14                arm_core_mpu_mark_areas_for_dynamic_regions
 .text.tz_nonsecure_state_setup
                0x0000000000001bbc       0x38 zephyr/arch/arch/arm/core/aarch32/cortex_m/tz/libarch__arm__core__aarch32__cortex_m__tz.a(arm_core_tz.c.obj)
                0x0000000000001bbc                tz_nonsecure_state_setup
 .text.tz_nbanked_exception_target_state_set
                0x0000000000001bf4       0x28 zephyr/arch/arch/arm/core/aarch32/cortex_m/tz/libarch__arm__core__aarch32__cortex_m__tz.a(arm_core_tz.c.obj)
                0x0000000000001bf4                tz_nbanked_exception_target_state_set
 .text.tz_nonsecure_exception_prio_config
                0x0000000000001c1c       0x28 zephyr/arch/arch/arm/core/aarch32/cortex_m/tz/libarch__arm__core__aarch32__cortex_m__tz.a(arm_core_tz.c.obj)
                0x0000000000001c1c                tz_nonsecure_exception_prio_config
 .text.tz_nonsecure_system_reset_req_block
                0x0000000000001c44       0x28 zephyr/arch/arch/arm/core/aarch32/cortex_m/tz/libarch__arm__core__aarch32__cortex_m__tz.a(arm_core_tz.c.obj)
                0x0000000000001c44                tz_nonsecure_system_reset_req_block
 .text.tz_nonsecure_fpu_access_enable
                0x0000000000001c6c       0x14 zephyr/arch/arch/arm/core/aarch32/cortex_m/tz/libarch__arm__core__aarch32__cortex_m__tz.a(arm_core_tz.c.obj)
                0x0000000000001c6c                tz_nonsecure_fpu_access_enable
 .text.tz_sau_configure
                0x0000000000001c80       0x28 zephyr/arch/arch/arm/core/aarch32/cortex_m/tz/libarch__arm__core__aarch32__cortex_m__tz.a(arm_core_tz.c.obj)
                0x0000000000001c80                tz_sau_configure
 .text.__stdout_hook_install
                0x0000000000001ca8        0xc zephyr/lib/libc/minimal/liblib__libc__minimal.a(stdout_console.c.obj)
                0x0000000000001ca8                __stdout_hook_install
 .text.uarte_nrfx_configure
                0x0000000000001cb4      0x16c zephyr/drivers/serial/libdrivers__serial.a(uart_nrfx_uarte.c.obj)
 .text.uarte_instance_init.isra.2
                0x0000000000001e20       0xb0 zephyr/drivers/serial/libdrivers__serial.a(uart_nrfx_uarte.c.obj)
 .text.uarte_0_init
                0x0000000000001ed0       0x20 zephyr/drivers/serial/libdrivers__serial.a(uart_nrfx_uarte.c.obj)
 .text.uarte_1_init
                0x0000000000001ef0       0x20 zephyr/drivers/serial/libdrivers__serial.a(uart_nrfx_uarte.c.obj)
 .text.check_ext_api_requests
                0x0000000000001f10       0x9c modules/nrf/subsys/fw_info/lib..__nrf__subsys__fw_info.a(fw_info.c.obj)
 .text.nrf91_errata_14
                0x0000000000001fac       0x1c modules/nordic/lib..__modules__hal__nordic.a(system_nrf9160.c.obj)
 .text.SystemInit
                0x0000000000001fc8      0x174 modules/nordic/lib..__modules__hal__nordic.a(system_nrf9160.c.obj)
                0x0000000000001fc8                SystemInit
 .text.nrfx_clock_init
                0x000000000000213c       0x20 modules/nordic/lib..__modules__hal__nordic.a(nrfx_clock.c.obj)
                0x000000000000213c                nrfx_clock_init
 .text.nrfx_clock_start
                0x000000000000215c       0x64 modules/nordic/lib..__modules__hal__nordic.a(nrfx_clock.c.obj)
                0x000000000000215c                nrfx_clock_start
 .text.nrfx_clock_stop
                0x00000000000021c0       0x84 modules/nordic/lib..__modules__hal__nordic.a(nrfx_clock.c.obj)
                0x00000000000021c0                nrfx_clock_stop
 .text.nrfx_power_clock_irq_handler
                0x0000000000002244       0x68 modules/nordic/lib..__modules__hal__nordic.a(nrfx_clock.c.obj)
                0x0000000000002244                nrfx_power_clock_irq_handler
 .text.z_sys_init_run_level
                0x00000000000022ac       0x50 zephyr/kernel/libkernel.a(device.c.obj)
                0x00000000000022ac                z_sys_init_run_level
 .text.z_device_ready
                0x00000000000022fc       0x2c zephyr/kernel/libkernel.a(device.c.obj)
                0x00000000000022fc                z_device_ready
 .text.z_impl_device_get_binding
                0x0000000000002328       0x50 zephyr/kernel/libkernel.a(device.c.obj)
                0x0000000000002328                z_impl_device_get_binding
 .text.idle     0x0000000000002378       0x34 zephyr/kernel/libkernel.a(idle.c.obj)
                0x0000000000002378                idle
 .text.z_bss_zero
                0x00000000000023ac       0x14 zephyr/kernel/libkernel.a(init.c.obj)
                0x00000000000023ac                z_bss_zero
 .text.z_data_copy
                0x00000000000023c0       0x34 zephyr/kernel/libkernel.a(init.c.obj)
                0x00000000000023c0                z_data_copy
 .text.bg_thread_main
                0x00000000000023f4       0x48 zephyr/kernel/libkernel.a(init.c.obj)
 .text.z_cstart
                0x000000000000243c      0x10c zephyr/kernel/libkernel.a(init.c.obj)
                0x000000000000243c                z_cstart
 .text.init_mem_slab_module
                0x0000000000002548       0x44 zephyr/kernel/libkernel.a(mem_slab.c.obj)
 .text.k_mem_slab_alloc
                0x000000000000258c       0x64 zephyr/kernel/libkernel.a(mem_slab.c.obj)
                0x000000000000258c                k_mem_slab_alloc
 .text.k_mem_slab_free
                0x00000000000025f0       0x54 zephyr/kernel/libkernel.a(mem_slab.c.obj)
                0x00000000000025f0                k_mem_slab_free
 .text.z_impl_k_mutex_lock
                0x0000000000002644       0xf0 zephyr/kernel/libkernel.a(mutex.c.obj)
                0x0000000000002644                z_impl_k_mutex_lock
 .text.z_impl_k_mutex_unlock
                0x0000000000002734       0x8c zephyr/kernel/libkernel.a(mutex.c.obj)
                0x0000000000002734                z_impl_k_mutex_unlock
 .text.z_reset_time_slice
                0x00000000000027c0       0x2c zephyr/kernel/libkernel.a(sched.c.obj)
                0x00000000000027c0                z_reset_time_slice
 .text.k_sched_time_slice_set
                0x00000000000027ec       0x58 zephyr/kernel/libkernel.a(sched.c.obj)
                0x00000000000027ec                k_sched_time_slice_set
 .text.z_reschedule
                0x0000000000002844       0x24 zephyr/kernel/libkernel.a(sched.c.obj)
                0x0000000000002844                z_reschedule
 .text.k_sched_lock
                0x0000000000002868       0x28 zephyr/kernel/libkernel.a(sched.c.obj)
                0x0000000000002868                k_sched_lock
 .text.z_priq_dumb_remove
                0x0000000000002890       0x2c zephyr/kernel/libkernel.a(sched.c.obj)
                0x0000000000002890                z_priq_dumb_remove
 .text.update_cache
                0x00000000000028bc       0x48 zephyr/kernel/libkernel.a(sched.c.obj)
 .text.k_sched_unlock
                0x0000000000002904       0x38 zephyr/kernel/libkernel.a(sched.c.obj)
                0x0000000000002904                k_sched_unlock
 .text.ready_thread
                0x000000000000293c       0x60 zephyr/kernel/libkernel.a(sched.c.obj)
 .text.z_sched_start
                0x000000000000299c       0x3c zephyr/kernel/libkernel.a(sched.c.obj)
                0x000000000000299c                z_sched_start
 .text.move_thread_to_end_of_prio_q
                0x00000000000029d8       0x70 zephyr/kernel/libkernel.a(sched.c.obj)
 .text.z_time_slice
                0x0000000000002a48       0x84 zephyr/kernel/libkernel.a(sched.c.obj)
                0x0000000000002a48                z_time_slice
 .text.z_impl_k_thread_suspend
                0x0000000000002acc       0x68 zephyr/kernel/libkernel.a(sched.c.obj)
                0x0000000000002acc                z_impl_k_thread_suspend
 .text.z_thread_single_abort
                0x0000000000002b34       0xb8 zephyr/kernel/libkernel.a(sched.c.obj)
                0x0000000000002b34                z_thread_single_abort
 .text.unready_thread
                0x0000000000002bec       0x38 zephyr/kernel/libkernel.a(sched.c.obj)
 .text.pend     0x0000000000002c24       0x4c zephyr/kernel/libkernel.a(sched.c.obj)
 .text.z_pend_curr
                0x0000000000002c70       0x28 zephyr/kernel/libkernel.a(sched.c.obj)
                0x0000000000002c70                z_pend_curr
 .text.z_tick_sleep.part.21
                0x0000000000002c98       0x5c zephyr/kernel/libkernel.a(sched.c.obj)
 .text.z_set_prio
                0x0000000000002cf4       0x88 zephyr/kernel/libkernel.a(sched.c.obj)
                0x0000000000002cf4                z_set_prio
 .text.z_sched_init
                0x0000000000002d7c       0x18 zephyr/kernel/libkernel.a(sched.c.obj)
                0x0000000000002d7c                z_sched_init
 .text.z_impl_k_yield
                0x0000000000002d94       0x98 zephyr/kernel/libkernel.a(sched.c.obj)
                0x0000000000002d94                z_impl_k_yield
 .text.z_impl_k_sleep
                0x0000000000002e2c       0x40 zephyr/kernel/libkernel.a(sched.c.obj)
                0x0000000000002e2c                z_impl_k_sleep
 .text.z_impl_k_current_get
                0x0000000000002e6c        0xc zephyr/kernel/libkernel.a(sched.c.obj)
                0x0000000000002e6c                z_impl_k_current_get
 .text.z_impl_k_sem_give
                0x0000000000002e78       0x40 zephyr/kernel/libkernel.a(sem.c.obj)
                0x0000000000002e78                z_impl_k_sem_give
 .text.z_impl_k_sem_take
                0x0000000000002eb8       0x54 zephyr/kernel/libkernel.a(sem.c.obj)
                0x0000000000002eb8                z_impl_k_sem_take
 .text.z_setup_new_thread
                0x0000000000002f0c       0x5c zephyr/kernel/libkernel.a(thread.c.obj)
                0x0000000000002f0c                z_setup_new_thread
 .text.z_init_static_threads
                0x0000000000002f68       0xbc zephyr/kernel/libkernel.a(thread.c.obj)
                0x0000000000002f68                z_init_static_threads
 .text.elapsed  0x0000000000003024       0x14 zephyr/kernel/libkernel.a(timeout.c.obj)
 .text.remove_timeout
                0x0000000000003038       0x34 zephyr/kernel/libkernel.a(timeout.c.obj)
 .text.next_timeout
                0x000000000000306c       0x50 zephyr/kernel/libkernel.a(timeout.c.obj)
 .text.z_add_timeout
                0x00000000000030bc      0x114 zephyr/kernel/libkernel.a(timeout.c.obj)
                0x00000000000030bc                z_add_timeout
 .text.z_clock_announce
                0x00000000000031d0       0xd8 zephyr/kernel/libkernel.a(timeout.c.obj)
                0x00000000000031d0                z_clock_announce
 .text.z_tick_get
                0x00000000000032a8       0x3c zephyr/kernel/libkernel.a(timeout.c.obj)
                0x00000000000032a8                z_tick_get
 .text.statics_init
                0x00000000000032e4       0x24 zephyr/kernel/libkernel.a(kheap.c.obj)
 .text.CC_PalMemCopyPlat
                0x0000000000003308        0x4 modules/nrfxlib/nrf_security/src/mbedtls/cc310/libmbedcrypto_cc3xx.a(cc_pal_mem.c.obj)
                0x0000000000003308                CC_PalMemCopyPlat
 .text.CC_PalMemSetZeroPlat
                0x000000000000330c        0x8 modules/nrfxlib/nrf_security/src/mbedtls/cc310/libmbedcrypto_cc3xx.a(cc_pal_mem.c.obj)
                0x000000000000330c                CC_PalMemSetZeroPlat
 .text.CC_PalInit
                0x0000000000003314       0x5c modules/nrfxlib/nrf_security/src/mbedtls/cc310/libmbedcrypto_cc3xx.a(cc_pal.c.obj)
                0x0000000000003314                CC_PalInit
 .text.CC_PalTerminate
                0x0000000000003370       0x34 modules/nrfxlib/nrf_security/src/mbedtls/cc310/libmbedcrypto_cc3xx.a(cc_pal.c.obj)
                0x0000000000003370                CC_PalTerminate
 .text.CC_PalDmaInit
                0x00000000000033a4        0x4 modules/nrfxlib/nrf_security/src/mbedtls/cc310/libmbedcrypto_cc3xx.a(cc_pal_dma.c.obj)
                0x00000000000033a4                CC_PalDmaInit
 .text.CC_PalDmaTerminate
                0x00000000000033a8        0x4 modules/nrfxlib/nrf_security/src/mbedtls/cc310/libmbedcrypto_cc3xx.a(cc_pal_dma.c.obj)
                0x00000000000033a8                CC_PalDmaTerminate
 .text.CC_PalMutexCreate
                0x00000000000033ac       0x14 modules/nrfxlib/nrf_security/src/mbedtls/cc310/libmbedcrypto_cc3xx.a(cc_pal_mutex.c.obj)
                0x00000000000033ac                CC_PalMutexCreate
 .text.CC_PalMutexDestroy
                0x00000000000033c0       0x14 modules/nrfxlib/nrf_security/src/mbedtls/cc310/libmbedcrypto_cc3xx.a(cc_pal_mutex.c.obj)
                0x00000000000033c0                CC_PalMutexDestroy
 .text.CC_PalMutexLock
                0x00000000000033d4       0x10 modules/nrfxlib/nrf_security/src/mbedtls/cc310/libmbedcrypto_cc3xx.a(cc_pal_mutex.c.obj)
                0x00000000000033d4                CC_PalMutexLock
 .text.CC_PalMutexUnlock
                0x00000000000033e4       0x14 modules/nrfxlib/nrf_security/src/mbedtls/cc310/libmbedcrypto_cc3xx.a(cc_pal_mutex.c.obj)
                0x00000000000033e4                CC_PalMutexUnlock
 .text.CC_PalPowerSaveModeInit
                0x00000000000033f8       0x3c modules/nrfxlib/nrf_security/src/mbedtls/cc310/libmbedcrypto_cc3xx.a(cc_pal_pm.c.obj)
                0x00000000000033f8                CC_PalPowerSaveModeInit
 .text.CC_PalPowerSaveModeSelect
                0x0000000000003434       0x84 modules/nrfxlib/nrf_security/src/mbedtls/cc310/libmbedcrypto_cc3xx.a(cc_pal_pm.c.obj)
                0x0000000000003434                CC_PalPowerSaveModeSelect
 .text.CC_HalInit
                0x00000000000034b8        0x4 modules/nrfxlib/nrf_security/src/mbedtls/cc310/libmbedcrypto_cc3xx.a(cc_hal.c.obj)
                0x00000000000034b8                CC_HalInit
 .text.CC_HalTerminate
                0x00000000000034bc        0x4 modules/nrfxlib/nrf_security/src/mbedtls/cc310/libmbedcrypto_cc3xx.a(cc_hal.c.obj)
                0x00000000000034bc                CC_HalTerminate
 .text.CC_HalClearInterruptBit
                0x00000000000034c0       0x1c modules/nrfxlib/nrf_security/src/mbedtls/cc310/libmbedcrypto_cc3xx.a(cc_hal.c.obj)
                0x00000000000034c0                CC_HalClearInterruptBit
 .text.CC_HalMaskInterrupt
                0x00000000000034dc        0xc modules/nrfxlib/nrf_security/src/mbedtls/cc310/libmbedcrypto_cc3xx.a(cc_hal.c.obj)
                0x00000000000034dc                CC_HalMaskInterrupt
 .text.CC_HalWaitInterruptRND
                0x00000000000034e8        0xc modules/nrfxlib/nrf_security/src/mbedtls/cc310/libmbedcrypto_cc3xx.a(cc_hal.c.obj)
                0x00000000000034e8                CC_HalWaitInterruptRND
 .text.CC_PalWaitInterruptRND
                0x00000000000034f4       0x30 modules/nrfxlib/nrf_security/src/mbedtls/cc310/libmbedcrypto_cc3xx.a(cc_pal_interrupt_ctrl.c.obj)
                0x00000000000034f4                CC_PalWaitInterruptRND
 .text.mbedtls_platform_setup
                0x0000000000003524        0x4 /home/skobec/Programs/ncs/nrfxlib/crypto/nrf_cc310_platform/lib/cortex-m33/hard-float/no-interrupts/libnrf_cc310_platform_0.9.4.a(platform_alt.c.obj)
                0x0000000000003524                mbedtls_platform_setup
 .text.mbedtls_platform_zeroize
                0x0000000000003528       0x14 /home/skobec/Programs/ncs/nrfxlib/crypto/nrf_cc310_platform/lib/cortex-m33/hard-float/no-interrupts/libnrf_cc310_platform_0.9.4.a(mbedtls_common.c.obj)
                0x0000000000003528                mbedtls_platform_zeroize
 .text.mbedtls_hardware_poll
                0x000000000000353c       0xac /home/skobec/Programs/ncs/nrfxlib/crypto/nrf_cc310_platform/lib/cortex-m33/hard-float/no-interrupts/libnrf_cc310_platform_0.9.4.a(trng_api.c.obj)
                0x000000000000353c                mbedtls_hardware_poll
 .text.RNG_PLAT_SetUserRngParameters
                0x00000000000035e8       0x7c /home/skobec/Programs/ncs/nrfxlib/crypto/nrf_cc310_platform/lib/cortex-m33/hard-float/no-interrupts/libnrf_cc310_platform_0.9.4.a(cc_rng_plat.c.obj)
                0x00000000000035e8                RNG_PLAT_SetUserRngParameters
 .text.nrf_cc3xx_platform_init
                0x0000000000003664       0x44 /home/skobec/Programs/ncs/nrfxlib/crypto/nrf_cc310_platform/lib/cortex-m33/hard-float/no-interrupts/libnrf_cc310_platform_0.9.4.a(nrf_cc3xx_platform.c.obj)
                0x0000000000003664                nrf_cc3xx_platform_init
 .text.nrf_cc3xx_platform_init_no_rng
                0x00000000000036a8       0x38 /home/skobec/Programs/ncs/nrfxlib/crypto/nrf_cc310_platform/lib/cortex-m33/hard-float/no-interrupts/libnrf_cc310_platform_0.9.4.a(nrf_cc3xx_platform.c.obj)
                0x00000000000036a8                nrf_cc3xx_platform_init_no_rng
 .text.nrf_cc3xx_platform_abort
                0x00000000000036e0       0x24 /home/skobec/Programs/ncs/nrfxlib/crypto/nrf_cc310_platform/lib/cortex-m33/hard-float/no-interrupts/libnrf_cc310_platform_0.9.4.a(nrf_cc3xx_platform_abort.c.obj)
 .text.CC_PalAbort
                0x0000000000003704        0xc /home/skobec/Programs/ncs/nrfxlib/crypto/nrf_cc310_platform/lib/cortex-m33/hard-float/no-interrupts/libnrf_cc310_platform_0.9.4.a(nrf_cc3xx_platform_abort.c.obj)
                0x0000000000003704                CC_PalAbort
 .text.nrf_cc3xx_platform_set_abort
                0x0000000000003710       0x10 /home/skobec/Programs/ncs/nrfxlib/crypto/nrf_cc310_platform/lib/cortex-m33/hard-float/no-interrupts/libnrf_cc310_platform_0.9.4.a(nrf_cc3xx_platform_abort.c.obj)
                0x0000000000003710                nrf_cc3xx_platform_set_abort
 .text.mutex_unlock
                0x0000000000003720       0x20 /home/skobec/Programs/ncs/nrfxlib/crypto/nrf_cc310_platform/lib/cortex-m33/hard-float/no-interrupts/libnrf_cc310_platform_0.9.4.a(nrf_cc3xx_platform_mutex.c.obj)
 .text.mutex_free
                0x0000000000003740       0x24 /home/skobec/Programs/ncs/nrfxlib/crypto/nrf_cc310_platform/lib/cortex-m33/hard-float/no-interrupts/libnrf_cc310_platform_0.9.4.a(nrf_cc3xx_platform_mutex.c.obj)
 .text.mutex_init
                0x0000000000003764       0x20 /home/skobec/Programs/ncs/nrfxlib/crypto/nrf_cc310_platform/lib/cortex-m33/hard-float/no-interrupts/libnrf_cc310_platform_0.9.4.a(nrf_cc3xx_platform_mutex.c.obj)
 .text.mutex_lock
                0x0000000000003784       0x30 /home/skobec/Programs/ncs/nrfxlib/crypto/nrf_cc310_platform/lib/cortex-m33/hard-float/no-interrupts/libnrf_cc310_platform_0.9.4.a(nrf_cc3xx_platform_mutex.c.obj)
 .text.nrf_cc3xx_platform_set_mutexes
                0x00000000000037b4       0x38 /home/skobec/Programs/ncs/nrfxlib/crypto/nrf_cc310_platform/lib/cortex-m33/hard-float/no-interrupts/libnrf_cc310_platform_0.9.4.a(nrf_cc3xx_platform_mutex.c.obj)
                0x00000000000037b4                nrf_cc3xx_platform_set_mutexes
 .text.CC_LibInitNoRng
                0x00000000000037ec       0x6c /home/skobec/Programs/ncs/nrfxlib/crypto/nrf_cc310_platform/lib/cortex-m33/hard-float/no-interrupts/libnrf_cc310_platform_0.9.4.a(cc_lib.c.obj)
                0x00000000000037ec                CC_LibInitNoRng
 .text.CC_LibInitRngModule
                0x0000000000003858       0xbc /home/skobec/Programs/ncs/nrfxlib/crypto/nrf_cc310_platform/lib/cortex-m33/hard-float/no-interrupts/libnrf_cc310_platform_0.9.4.a(cc_lib.c.obj)
                0x0000000000003858                CC_LibInitRngModule
 .text.CC_LibInit
                0x0000000000003914       0x80 /home/skobec/Programs/ncs/nrfxlib/crypto/nrf_cc310_platform/lib/cortex-m33/hard-float/no-interrupts/libnrf_cc310_platform_0.9.4.a(cc_lib.c.obj)
                0x0000000000003914                CC_LibInit
 .text.CC_PalTrngParamGet
                0x0000000000003994      0x110 /home/skobec/Programs/ncs/nrfxlib/crypto/nrf_cc310_platform/lib/cortex-m33/hard-float/no-interrupts/libnrf_cc310_platform_0.9.4.a(cc_pal_trng.c.obj)
                0x0000000000003994                CC_PalTrngParamGet
 .text.startTrngHW
                0x0000000000003aa4      0x154 /home/skobec/Programs/ncs/nrfxlib/crypto/nrf_cc310_platform/lib/cortex-m33/hard-float/no-interrupts/libnrf_cc310_platform_0.9.4.a(llf_rnd_trng90b.c.obj)
 .text.LLF_RND_RepetitionCounterTest.part.0
                0x0000000000003bf8       0x58 /home/skobec/Programs/ncs/nrfxlib/crypto/nrf_cc310_platform/lib/cortex-m33/hard-float/no-interrupts/libnrf_cc310_platform_0.9.4.a(llf_rnd_trng90b.c.obj)
 .text.LLF_RND_AdaptiveProportionTest
                0x0000000000003c50       0xcc /home/skobec/Programs/ncs/nrfxlib/crypto/nrf_cc310_platform/lib/cortex-m33/hard-float/no-interrupts/libnrf_cc310_platform_0.9.4.a(llf_rnd_trng90b.c.obj)
                0x0000000000003c50                LLF_RND_AdaptiveProportionTest
 .text.getTrngSource
                0x0000000000003d1c      0x2d0 /home/skobec/Programs/ncs/nrfxlib/crypto/nrf_cc310_platform/lib/cortex-m33/hard-float/no-interrupts/libnrf_cc310_platform_0.9.4.a(llf_rnd_trng90b.c.obj)
 .text.LLF_RND_GetTrngSource
                0x0000000000003fec       0x98 /home/skobec/Programs/ncs/nrfxlib/crypto/nrf_cc310_platform/lib/cortex-m33/hard-float/no-interrupts/libnrf_cc310_platform_0.9.4.a(llf_rnd_trng90b.c.obj)
                0x0000000000003fec                LLF_RND_GetTrngSource
 .text.LLF_RND_RunTrngStartupTest
                0x0000000000004084       0x1c /home/skobec/Programs/ncs/nrfxlib/crypto/nrf_cc310_platform/lib/cortex-m33/hard-float/no-interrupts/libnrf_cc310_platform_0.9.4.a(llf_rnd_trng90b.c.obj)
                0x0000000000004084                LLF_RND_RunTrngStartupTest
 .text.LLF_RND_WaitRngInterrupt
                0x00000000000040a0       0x20 /home/skobec/Programs/ncs/nrfxlib/crypto/nrf_cc310_platform/lib/cortex-m33/hard-float/no-interrupts/libnrf_cc310_platform_0.9.4.a(llf_rnd.c.obj)
                0x00000000000040a0                LLF_RND_WaitRngInterrupt
 .text.LLF_RND_GetRoscSampleCnt
                0x00000000000040c0       0x3c /home/skobec/Programs/ncs/nrfxlib/crypto/nrf_cc310_platform/lib/cortex-m33/hard-float/no-interrupts/libnrf_cc310_platform_0.9.4.a(llf_rnd.c.obj)
                0x00000000000040c0                LLF_RND_GetRoscSampleCnt
 .text.LLF_RND_GetFastestRosc
                0x00000000000040fc       0x20 /home/skobec/Programs/ncs/nrfxlib/crypto/nrf_cc310_platform/lib/cortex-m33/hard-float/no-interrupts/libnrf_cc310_platform_0.9.4.a(llf_rnd.c.obj)
                0x00000000000040fc                LLF_RND_GetFastestRosc
 .text.LLF_RND_TurnOffTrng
                0x000000000000411c       0x1c /home/skobec/Programs/ncs/nrfxlib/crypto/nrf_cc310_platform/lib/cortex-m33/hard-float/no-interrupts/libnrf_cc310_platform_0.9.4.a(llf_rnd.c.obj)
                0x000000000000411c                LLF_RND_TurnOffTrng
 .text.main     0x0000000000004138        0xe app/libapp.a(main.c.obj)
                0x0000000000004138                main
 .text.sys_notify_validate
                0x0000000000004146       0x22 zephyr/libzephyr.a(notify.c.obj)
                0x0000000000004146                sys_notify_validate
 .text.sys_notify_finalize
                0x0000000000004168       0x1a zephyr/libzephyr.a(notify.c.obj)
                0x0000000000004168                sys_notify_finalize
 .text.arch_printk_char_out
                0x0000000000004182        0x4 zephyr/libzephyr.a(printk.c.obj)
                0x0000000000004182                arch_printk_char_out
 .text.z_vprintk
                0x0000000000004186      0x228 zephyr/libzephyr.a(printk.c.obj)
                0x0000000000004186                z_vprintk
 .text.printk   0x00000000000043ae       0x1a zephyr/libzephyr.a(printk.c.obj)
                0x00000000000043ae                printk
 .text.process_recheck
                0x00000000000043c8       0x38 zephyr/libzephyr.a(onoff.c.obj)
 .text.notify_one
                0x0000000000004400       0x2c zephyr/libzephyr.a(onoff.c.obj)
 .text.transition_complete
                0x000000000000442c       0x1e zephyr/libzephyr.a(onoff.c.obj)
 .text.validate_args
                0x000000000000444a       0x1e zephyr/libzephyr.a(onoff.c.obj)
 .text.onoff_manager_init
                0x0000000000004468       0x26 zephyr/libzephyr.a(onoff.c.obj)
                0x0000000000004468                onoff_manager_init
 .text.onoff_request
                0x000000000000448e       0x92 zephyr/libzephyr.a(onoff.c.obj)
                0x000000000000448e                onoff_request
 .text.z_thread_entry
                0x0000000000004520       0x14 zephyr/libzephyr.a(thread_entry.c.obj)
                0x0000000000004520                z_thread_entry
 .text.chunk_field
                0x0000000000004534       0x16 zephyr/libzephyr.a(heap.c.obj)
 .text.chunk_set
                0x000000000000454a       0x16 zephyr/libzephyr.a(heap.c.obj)
 .text.chunk_size
                0x0000000000004560        0xc zephyr/libzephyr.a(heap.c.obj)
 .text.set_chunk_used
                0x000000000000456c       0x30 zephyr/libzephyr.a(heap.c.obj)
 .text.set_chunk_size
                0x000000000000459c        0x8 zephyr/libzephyr.a(heap.c.obj)
 .text.bucket_idx
                0x00000000000045a4       0x1a zephyr/libzephyr.a(heap.c.obj)
 .text.free_list_add
                0x00000000000045be       0x8a zephyr/libzephyr.a(heap.c.obj)
 .text.sys_heap_init
                0x0000000000004648       0xa2 zephyr/libzephyr.a(heap.c.obj)
                0x0000000000004648                sys_heap_init
 .text._ConfigAbsSyms
                0x00000000000046ea        0x2 zephyr/libzephyr.a(configs.c.obj)
                0x00000000000046ea                _ConfigAbsSyms
 .text.z_platform_init
                0x00000000000046ec        0x4 zephyr/libzephyr.a(soc.c.obj)
                0x00000000000046ec                z_platform_init
 .text.get_status
                0x00000000000046f0       0x12 zephyr/libzephyr.a(clock_control_nrf.c.obj)
 .text.set_off_state
                0x0000000000004702       0x32 zephyr/libzephyr.a(clock_control_nrf.c.obj)
 .text.set_starting_state
                0x0000000000004734       0x3c zephyr/libzephyr.a(clock_control_nrf.c.obj)
 .text.set_on_state
                0x0000000000004770       0x26 zephyr/libzephyr.a(clock_control_nrf.c.obj)
 .text.onoff_started_callback
                0x0000000000004796       0x14 zephyr/libzephyr.a(clock_control_nrf.c.obj)
 .text.blocking_start_callback
                0x00000000000047aa        0x6 zephyr/libzephyr.a(clock_control_nrf.c.obj)
 .text.lfclk_stop
                0x00000000000047b0        0x6 zephyr/libzephyr.a(clock_control_nrf.c.obj)
 .text.lfclk_start
                0x00000000000047b6        0x6 zephyr/libzephyr.a(clock_control_nrf.c.obj)
 .text.api_stop
                0x00000000000047bc       0x28 zephyr/libzephyr.a(clock_control_nrf.c.obj)
 .text.api_start
                0x00000000000047e4       0x3c zephyr/libzephyr.a(clock_control_nrf.c.obj)
 .text.z_clock_isr
                0x0000000000004820        0x2 zephyr/libzephyr.a(sys_clock_init.c.obj)
                0x0000000000004820                z_clock_isr
 .text.z_clock_idle_exit
                0x0000000000004822        0x2 zephyr/libzephyr.a(sys_clock_init.c.obj)
                0x0000000000004822                z_clock_idle_exit
 .text.sys_clock_disable
                0x0000000000004824        0x2 zephyr/libzephyr.a(sys_clock_init.c.obj)
                0x0000000000004824                sys_clock_disable
 .text.spm_secure_services_init
                0x0000000000004826       0x14 zephyr/libzephyr.a(secure_services.c.obj)
                0x0000000000004826                spm_secure_services_init
 .text.spm_request_random_number_nse
                0x000000000000483a       0x82 zephyr/libzephyr.a(secure_services.c.obj)
                0x000000000000483a                __acle_se_spm_request_random_number_nse
 .text.abort_function
                0x00000000000048bc        0x6 zephyr/libzephyr.a(nrf_cc3xx_platform_abort_zephyr.c.obj)
 .text.z_irq_spurious
                0x00000000000048c2        0x8 zephyr/arch/arch/arm/core/aarch32/libarch__arm__core__aarch32.a(irq_manage.c.obj)
                0x00000000000048c2                z_irq_spurious
 .text.irq_target_state_set
                0x00000000000048ca       0x5c zephyr/arch/arch/arm/core/aarch32/libarch__arm__core__aarch32.a(irq_manage.c.obj)
                0x00000000000048ca                irq_target_state_set
 .text.configure_builtin_stack_guard
                0x0000000000004926        0x8 zephyr/arch/arch/arm/core/aarch32/libarch__arm__core__aarch32.a(thread.c.obj)
                0x0000000000004926                configure_builtin_stack_guard
 .text.z_arm_fatal_error
                0x000000000000492e        0x4 zephyr/arch/arch/arm/core/aarch32/libarch__arm__core__aarch32.a(fatal.c.obj)
                0x000000000000492e                z_arm_fatal_error
 .text.z_do_kernel_oops
                0x0000000000004932        0x8 zephyr/arch/arch/arm/core/aarch32/libarch__arm__core__aarch32.a(fatal.c.obj)
                0x0000000000004932                z_do_kernel_oops
 .text.z_arm_nmi
                0x000000000000493a        0xe zephyr/arch/arch/arm/core/aarch32/libarch__arm__core__aarch32.a(nmi.c.obj)
                0x000000000000493a                z_arm_nmi
 .text.mpu_configure_region
                0x0000000000004948       0x44 zephyr/arch/arch/arm/core/aarch32/cortex_m/mpu/libarch__arm__core__aarch32__cortex_m__mpu.a(arm_mpu.c.obj)
 .text.arm_cmse_mpu_region_get
                0x000000000000498c       0x12 zephyr/arch/arch/arm/core/aarch32/cortex_m/cmse/libarch__arm__core__aarch32__cortex_m__cmse.a(arm_core_cmse.c.obj)
                0x000000000000498c                arm_cmse_mpu_region_get
 .text.strcmp   0x000000000000499e       0x18 zephyr/lib/libc/minimal/liblib__libc__minimal.a(string.c.obj)
                0x000000000000499e                strcmp
 .text.memcmp   0x00000000000049b6       0x20 zephyr/lib/libc/minimal/liblib__libc__minimal.a(string.c.obj)
                0x00000000000049b6                memcmp
 .text.memmove  0x00000000000049d6       0x2e zephyr/lib/libc/minimal/liblib__libc__minimal.a(string.c.obj)
                0x00000000000049d6                memmove
 .text.memcpy   0x0000000000004a04       0x54 zephyr/lib/libc/minimal/liblib__libc__minimal.a(string.c.obj)
                0x0000000000004a04                memcpy
 .text.memset   0x0000000000004a58       0x44 zephyr/lib/libc/minimal/liblib__libc__minimal.a(string.c.obj)
                0x0000000000004a58                memset
 .text._stdout_hook_default
                0x0000000000004a9c        0x6 zephyr/lib/libc/minimal/liblib__libc__minimal.a(stdout_console.c.obj)
 .text.uarte_nrfx_config_get
                0x0000000000004aa2       0x12 zephyr/drivers/serial/libdrivers__serial.a(uart_nrfx_uarte.c.obj)
 .text.uarte_nrfx_err_check
                0x0000000000004ab4        0xe zephyr/drivers/serial/libdrivers__serial.a(uart_nrfx_uarte.c.obj)
 .text.uarte_nrfx_poll_in
                0x0000000000004ac2       0x26 zephyr/drivers/serial/libdrivers__serial.a(uart_nrfx_uarte.c.obj)
 .text.uarte_nrfx_poll_out
                0x0000000000004ae8       0x82 zephyr/drivers/serial/libdrivers__serial.a(uart_nrfx_uarte.c.obj)
 .text.k_sys_fatal_error_handler
                0x0000000000004b6a        0x8 modules/nrf/lib/fatal_error/lib..__nrf__lib__fatal_error.a(fatal_error.c.obj)
                0x0000000000004b6a                k_sys_fatal_error_handler
 .text.hw_cc3xx_init
                0x0000000000004b72       0x12 modules/nrf/drivers/hw_cc310/lib..__nrf__drivers__hw_cc310.a(hw_cc310.c.obj)
 .text.nrfx_isr
                0x0000000000004b84        0x2 modules/nordic/lib..__modules__hal__nordic.a(nrfx_glue.c.obj)
                0x0000000000004b84                nrfx_isr
 .text.nrfx_busy_wait
                0x0000000000004b86        0x4 modules/nordic/lib..__modules__hal__nordic.a(nrfx_glue.c.obj)
                0x0000000000004b86                nrfx_busy_wait
 .text.nrfx_clock_enable
                0x0000000000004b8a       0x16 modules/nordic/lib..__modules__hal__nordic.a(nrfx_clock.c.obj)
                0x0000000000004b8a                nrfx_clock_enable
 .text.z_fatal_error
                0x0000000000004ba0       0x36 zephyr/kernel/libkernel.a(fatal.c.obj)
                0x0000000000004ba0                z_fatal_error
 .text.z_sys_power_save_idle_exit
                0x0000000000004bd6        0x4 zephyr/kernel/libkernel.a(idle.c.obj)
                0x0000000000004bd6                z_sys_power_save_idle_exit
 .text.k_mem_slab_init
                0x0000000000004bda       0x36 zephyr/kernel/libkernel.a(mem_slab.c.obj)
                0x0000000000004bda                k_mem_slab_init
 .text.z_impl_k_mutex_init
                0x0000000000004c10        0xe zephyr/kernel/libkernel.a(mutex.c.obj)
                0x0000000000004c10                z_impl_k_mutex_init
 .text.z_reschedule_irqlock
                0x0000000000004c1e       0x18 zephyr/kernel/libkernel.a(sched.c.obj)
                0x0000000000004c1e                z_reschedule_irqlock
 .text.z_reschedule_unlocked
                0x0000000000004c36       0x14 zephyr/kernel/libkernel.a(sched.c.obj)
 .text.unpend_thread_no_timeout
                0x0000000000004c4a       0x1a zephyr/kernel/libkernel.a(sched.c.obj)
 .text.z_priq_dumb_best
                0x0000000000004c64        0xc zephyr/kernel/libkernel.a(sched.c.obj)
                0x0000000000004c64                z_priq_dumb_best
 .text.z_ready_thread
                0x0000000000004c70       0x20 zephyr/kernel/libkernel.a(sched.c.obj)
                0x0000000000004c70                z_ready_thread
 .text.z_thread_timeout
                0x0000000000004c90       0x40 zephyr/kernel/libkernel.a(sched.c.obj)
                0x0000000000004c90                z_thread_timeout
 .text.add_to_waitq_locked
                0x0000000000004cd0       0x50 zephyr/kernel/libkernel.a(sched.c.obj)
 .text.z_unpend_first_thread
                0x0000000000004d20       0x4a zephyr/kernel/libkernel.a(sched.c.obj)
                0x0000000000004d20                z_unpend_first_thread
 .text.k_is_in_isr
                0x0000000000004d6a        0xc zephyr/kernel/libkernel.a(thread.c.obj)
                0x0000000000004d6a                k_is_in_isr
 .text.z_impl_k_busy_wait
                0x0000000000004d76        0x4 zephyr/kernel/libkernel.a(thread.c.obj)
                0x0000000000004d76                z_impl_k_busy_wait
 .text.z_abort_timeout
                0x0000000000004d7a       0x2c zephyr/kernel/libkernel.a(timeout.c.obj)
                0x0000000000004d7a                z_abort_timeout
 .text.z_get_next_timeout_expiry
                0x0000000000004da6       0x20 zephyr/kernel/libkernel.a(timeout.c.obj)
                0x0000000000004da6                z_get_next_timeout_expiry
 .text.z_set_timeout_expiry
                0x0000000000004dc6       0x34 zephyr/kernel/libkernel.a(timeout.c.obj)
                0x0000000000004dc6                z_set_timeout_expiry
 .text.z_tick_get_32
                0x0000000000004dfa        0x8 zephyr/kernel/libkernel.a(timeout.c.obj)
                0x0000000000004dfa                z_tick_get_32
 .text.k_heap_init
                0x0000000000004e02       0x12 zephyr/kernel/libkernel.a(kheap.c.obj)
                0x0000000000004e02                k_heap_init
 .text._OffsetAbsSyms
                0x0000000000004e14        0x2 zephyr/CMakeFiles/offsets.dir/arch/arm/core/offsets/offsets.c.obj
                0x0000000000004e14                _OffsetAbsSyms
 *(SORT_BY_ALIGNMENT(.gnu.linkonce.t.*))
 *(SORT_BY_ALIGNMENT(.glue_7t))
 .glue_7t       0x0000000000004e16        0x0 linker stubs
 *(SORT_BY_ALIGNMENT(.glue_7))
 .glue_7        0x0000000000004e16        0x0 linker stubs
 *(SORT_BY_ALIGNMENT(.vfp11_veneer))
 .vfp11_veneer  0x0000000000004e16        0x0 linker stubs
 *(SORT_BY_ALIGNMENT(.v4_bx))
 .v4_bx         0x0000000000004e16        0x0 linker stubs
                0x0000000000004e16                _image_text_end = .

.ARM.exidx      0x0000000000004e18        0x8
                0x0000000000004e18                __exidx_start = .
 *(SORT_BY_ALIGNMENT(.ARM.exidx*) SORT_BY_ALIGNMENT(gnu.linkonce.armexidx.*))
 .ARM.exidx     0x0000000000004e18        0x8 /opt/gnuarmemb/gcc-arm-none-eabi-8-2019-q3-update/bin/../lib/gcc/arm-none-eabi/8.3.1/thumb/v8-m.main+fp/hard/libgcc.a(_udivmoddi4.o)
                0x0000000000004e20                __exidx_end = .
                0x0000000000004e20                _image_rodata_start = .

initlevel       0x0000000000004e20       0x58
                0x0000000000004e20                __init_start = .
                0x0000000000004e20                __init_PRE_KERNEL_1_start = .
 *(SORT_BY_NAME(SORT_BY_ALIGNMENT(.init_PRE_KERNEL_1[0-9]*)))
 .init_PRE_KERNEL_10
                0x0000000000004e20        0x8 zephyr/libzephyr.a(soc.c.obj)
 .init_PRE_KERNEL_130
                0x0000000000004e28        0x8 zephyr/kernel/libkernel.a(mem_slab.c.obj)
 .init_PRE_KERNEL_130
                0x0000000000004e30        0x8 zephyr/kernel/libkernel.a(kheap.c.obj)
 .init_PRE_KERNEL_140
                0x0000000000004e38        0x8 zephyr/arch/arch/arm/core/aarch32/cortex_m/mpu/libarch__arm__core__aarch32__cortex_m__mpu.a(arm_mpu.c.obj)
 .init_PRE_KERNEL_150
                0x0000000000004e40        0x8 zephyr/libzephyr.a(clock_control_nrf.c.obj)
 .init_PRE_KERNEL_150
                0x0000000000004e48       0x10 zephyr/drivers/serial/libdrivers__serial.a(uart_nrfx_uarte.c.obj)
 .init_PRE_KERNEL_160
                0x0000000000004e58        0x8 zephyr/libzephyr.a(uart_console.c.obj)
 *(SORT_BY_NAME(SORT_BY_ALIGNMENT(.init_PRE_KERNEL_1[1-9][0-9]*)))
                0x0000000000004e60                __init_PRE_KERNEL_2_start = .
 *(SORT_BY_NAME(SORT_BY_ALIGNMENT(.init_PRE_KERNEL_2[0-9]*)))
 .init_PRE_KERNEL_20
                0x0000000000004e60        0x8 zephyr/libzephyr.a(sys_clock_init.c.obj)
 *(SORT_BY_NAME(SORT_BY_ALIGNMENT(.init_PRE_KERNEL_2[1-9][0-9]*)))
                0x0000000000004e68                __init_POST_KERNEL_start = .
 *(SORT_BY_NAME(SORT_BY_ALIGNMENT(.init_POST_KERNEL[0-9]*)))
 .init_POST_KERNEL40
                0x0000000000004e68        0x8 modules/nrf/drivers/hw_cc310/lib..__nrf__drivers__hw_cc310.a(hw_cc310.c.obj)
 .init_POST_KERNEL90
                0x0000000000004e70        0x8 modules/nrf/subsys/fw_info/lib..__nrf__subsys__fw_info.a(fw_info.c.obj)
 *(SORT_BY_NAME(SORT_BY_ALIGNMENT(.init_POST_KERNEL[1-9][0-9]*)))
                0x0000000000004e78                __init_APPLICATION_start = .
 *(SORT_BY_NAME(SORT_BY_ALIGNMENT(.init_APPLICATION[0-9]*)))
 *(SORT_BY_NAME(SORT_BY_ALIGNMENT(.init_APPLICATION[1-9][0-9]*)))
                0x0000000000004e78                __init_SMP_start = .
 *(SORT_BY_NAME(SORT_BY_ALIGNMENT(.init_SMP[0-9]*)))
 *(SORT_BY_NAME(SORT_BY_ALIGNMENT(.init_SMP[1-9][0-9]*)))
                0x0000000000004e78                __init_end = .

sw_isr_table    0x0000000000004e78      0x208
                0x0000000000004e78                . = ALIGN (0x0)
 *(SORT_BY_ALIGNMENT(.gnu.linkonce.sw_isr_table*))
 .gnu.linkonce.sw_isr_table*
                0x0000000000004e78      0x208 zephyr/arch/common/libisr_tables.a(isr_tables.c.obj)
                0x0000000000004e78                _sw_isr_table

initlevel_error
                0x0000000000004e20        0x0
 *(SORT_BY_NAME(SORT_BY_ALIGNMENT(.init_[_A-Z0-9]*)))
                0x0000000000000001                ASSERT ((SIZEOF (initlevel_error) == 0x0), Undefined initialization levels used.)

app_shmem_regions
                0x0000000000005080        0x0
                0x0000000000005080                __app_shmem_regions_start = .
 *(SORT_BY_NAME(SORT_BY_ALIGNMENT(.app_regions.*)))
                0x0000000000005080                __app_shmem_regions_end = .

bt_l2cap_fixed_chan_area
                0x0000000000005080        0x0
                0x0000000000005080                _bt_l2cap_fixed_chan_list_start = .
 *(SORT_BY_NAME(SORT_BY_ALIGNMENT(._bt_l2cap_fixed_chan.static.*)))
                0x0000000000005080                _bt_l2cap_fixed_chan_list_end = .

bt_gatt_service_static_area
                0x0000000000005080        0x0
                0x0000000000005080                _bt_gatt_service_static_list_start = .
 *(SORT_BY_NAME(SORT_BY_ALIGNMENT(._bt_gatt_service_static.static.*)))
                0x0000000000005080                _bt_gatt_service_static_list_end = .

log_const_sections
                0x0000000000005080        0x0
                0x0000000000005080                __log_const_start = .
 *(SORT_BY_NAME(SORT_BY_ALIGNMENT(.log_const_*)))
                0x0000000000005080                __log_const_end = .

log_backends_sections
                0x0000000000005080        0x0
                0x0000000000005080                __log_backends_start = .
 *(SORT_BY_ALIGNMENT(._log_backend.*))
                0x0000000000005080                __log_backends_end = .

shell_area      0x0000000000005080        0x0
                0x0000000000005080                _shell_list_start = .
 *(SORT_BY_NAME(SORT_BY_ALIGNMENT(._shell.static.*)))
                0x0000000000005080                _shell_list_end = .

shell_root_cmds_sections
                0x0000000000005080        0x0
                0x0000000000005080                __shell_root_cmds_start = .
 *(SORT_BY_NAME(SORT_BY_ALIGNMENT(.shell_root_cmd_*)))
                0x0000000000005080                __shell_root_cmds_end = .

font_entry_sections
                0x0000000000005080        0x0
                0x0000000000005080                __font_entry_start = .
 *(SORT_BY_NAME(SORT_BY_ALIGNMENT(._cfb_font.*)))
                0x0000000000005080                __font_entry_end = .

tracing_backend_area
                0x0000000000005080        0x0
                0x0000000000005080                _tracing_backend_list_start = .
 *(SORT_BY_NAME(SORT_BY_ALIGNMENT(._tracing_backend.static.*)))
                0x0000000000005080                _tracing_backend_list_end = .

rodata          0x0000000000005080      0x6f4
 *(SORT_BY_ALIGNMENT(.rodata))
 .rodata        0x0000000000005080        0xc zephyr/libzephyr.a(secure_services.c.obj)
 .rodata        0x000000000000508c       0x20 zephyr/drivers/serial/libdrivers__serial.a(uart_nrfx_uarte.c.obj)
 .rodata        0x00000000000050ac       0x18 modules/nrf/subsys/fw_info/lib..__nrf__subsys__fw_info.a(fw_info.c.obj)
 *(SORT_BY_ALIGNMENT(.rodata.*))
 *fill*         0x00000000000050c4        0xc 
 .rodata.delay_machine_code.9982
                0x00000000000050d0        0x6 zephyr/libzephyr.a(soc.c.obj)
 *fill*         0x00000000000050d6        0x2 
 .rodata.clock_control_api
                0x00000000000050d8       0x14 zephyr/libzephyr.a(clock_control_nrf.c.obj)
 .rodata.config
                0x00000000000050ec       0x10 zephyr/libzephyr.a(clock_control_nrf.c.obj)
 .rodata.transitions.11540
                0x00000000000050fc        0xc zephyr/libzephyr.a(clock_control_nrf.c.obj)
 .rodata.periph.10682
                0x0000000000005108       0xd0 zephyr/libzephyr.a(spm.c.obj)
 .rodata.fw_info_allowed_offsets
                0x00000000000051d8       0x14 zephyr/libzephyr.a(secure_services.c.obj)
 .rodata.apis   0x00000000000051ec        0x8 zephyr/libzephyr.a(nrf_cc3xx_platform_abort_zephyr.c.obj)
 .rodata.mutex_apis
                0x00000000000051f4       0x10 zephyr/libzephyr.a(nrf_cc3xx_platform_mutex_zephyr.c.obj)
 .rodata.mutexes
                0x0000000000005204       0x14 zephyr/libzephyr.a(nrf_cc3xx_platform_mutex_zephyr.c.obj)
 .rodata.mpu_config
                0x0000000000005218        0x8 zephyr/soc/arm/common/cortex_m/libsoc__arm__common__cortex_m.a(arm_mpu_regions.c.obj)
                0x0000000000005218                mpu_config
 .rodata.mpu_regions
                0x0000000000005220       0x20 zephyr/soc/arm/common/cortex_m/libsoc__arm__common__cortex_m.a(arm_mpu_regions.c.obj)
 .rodata.uart_nrfx_uarte_driver_api
                0x0000000000005240       0x14 zephyr/drivers/serial/libdrivers__serial.a(uart_nrfx_uarte.c.obj)
 .rodata.uarte_0z_config
                0x0000000000005254        0x8 zephyr/drivers/serial/libdrivers__serial.a(uart_nrfx_uarte.c.obj)
 .rodata.uarte_1z_config
                0x000000000000525c        0x8 zephyr/drivers/serial/libdrivers__serial.a(uart_nrfx_uarte.c.obj)
 .rodata.levels.10102
                0x0000000000005264       0x14 zephyr/kernel/libkernel.a(device.c.obj)
 .rodata._k_neg_eagain
                0x0000000000005278        0x4 zephyr/kernel/libkernel.a(errno.c.obj)
                0x0000000000005278                _k_neg_eagain
 .rodata.CC_PalPowerSaveModeInit.str1.4
                0x000000000000527c       0x20 modules/nrfxlib/nrf_security/src/mbedtls/cc310/libmbedcrypto_cc3xx.a(cc_pal_pm.c.obj)
 .rodata.CSWTCH.6
                0x000000000000529c       0x1c /home/skobec/Programs/ncs/nrfxlib/crypto/nrf_cc310_platform/lib/cortex-m33/hard-float/no-interrupts/libnrf_cc310_platform_0.9.4.a(nrf_cc3xx_platform.c.obj)
 .rodata.mutex_free.str1.4
                0x00000000000052b8       0x26 /home/skobec/Programs/ncs/nrfxlib/crypto/nrf_cc310_platform/lib/cortex-m33/hard-float/no-interrupts/libnrf_cc310_platform_0.9.4.a(nrf_cc3xx_platform_mutex.c.obj)
 *fill*         0x00000000000052de        0x2 
 .rodata.mutex_init.str1.4
                0x00000000000052e0       0x23 /home/skobec/Programs/ncs/nrfxlib/crypto/nrf_cc310_platform/lib/cortex-m33/hard-float/no-interrupts/libnrf_cc310_platform_0.9.4.a(nrf_cc3xx_platform_mutex.c.obj)
 *fill*         0x0000000000005303        0x1 
 .rodata.CC_LibInitRngModule.str1.4
                0x0000000000005304       0x70 /home/skobec/Programs/ncs/nrfxlib/crypto/nrf_cc310_platform/lib/cortex-m33/hard-float/no-interrupts/libnrf_cc310_platform_0.9.4.a(cc_lib.c.obj)
                                         0x6d (size before relaxing)
 .rodata.LLF_RND_GetTrngSource.str1.4
                0x0000000000005374       0x6f /home/skobec/Programs/ncs/nrfxlib/crypto/nrf_cc310_platform/lib/cortex-m33/hard-float/no-interrupts/libnrf_cc310_platform_0.9.4.a(llf_rnd_trng90b.c.obj)
 .rodata.print_digits.part.0.str1.1
                0x0000000000005374       0x11 zephyr/libzephyr.a(printk.c.obj)
 .rodata.sys_reboot.str1.1
                0x0000000000005385       0x29 zephyr/libzephyr.a(reboot.c.obj)
 .rodata.uart_console_init.str1.1
                0x00000000000053ae        0x7 zephyr/libzephyr.a(uart_console.c.obj)
 .rodata.str1.1
                0x00000000000053b5        0x7 zephyr/libzephyr.a(clock_control_nrf.c.obj)
                                          0x6 (size before relaxing)
 .rodata.str1.1
                0x00000000000053b5        0xa zephyr/libzephyr.a(sys_clock_init.c.obj)
 .rodata.config_regions.str1.1
                0x00000000000053bf       0x32 zephyr/libzephyr.a(spm.c.obj)
                                         0x37 (size before relaxing)
 .rodata.spm_config.str1.1
                0x00000000000053f1      0x104 zephyr/libzephyr.a(spm.c.obj)
                                        0x10c (size before relaxing)
 .rodata.spm_jump.str1.1
                0x00000000000054f5       0x75 zephyr/libzephyr.a(spm.c.obj)
 .rodata.str1.1
                0x000000000000556a       0xfc zephyr/libzephyr.a(spm.c.obj)
 .rodata.mutex_free_platform.str1.1
                0x0000000000005666       0x26 zephyr/libzephyr.a(nrf_cc3xx_platform_mutex_zephyr.c.obj)
 .rodata.mutex_init_platform.str1.1
                0x000000000000568c       0x2d zephyr/libzephyr.a(nrf_cc3xx_platform_mutex_zephyr.c.obj)
 .rodata.str1.1
                0x00000000000056b9        0xf zephyr/soc/arm/common/cortex_m/libsoc__arm__common__cortex_m.a(arm_mpu_regions.c.obj)
 .rodata.str1.1
                0x00000000000056c8        0x7 zephyr/drivers/serial/libdrivers__serial.a(uart_nrfx_uarte.c.obj)
                                          0xe (size before relaxing)
 .rodata.check_ext_api_requests.str1.1
                0x00000000000056cf       0x5c modules/nrf/subsys/fw_info/lib..__nrf__subsys__fw_info.a(fw_info.c.obj)
 .rodata.str1.1
                0x000000000000572b        0xb modules/nrf/drivers/hw_cc310/lib..__nrf__drivers__hw_cc310.a(hw_cc310.c.obj)
 .rodata.bg_thread_main.str1.1
                0x0000000000005736       0x33 zephyr/kernel/libkernel.a(init.c.obj)
                                         0x34 (size before relaxing)
 .rodata.z_cstart.str1.1
                0x0000000000005769        0x5 zephyr/kernel/libkernel.a(init.c.obj)
 *(SORT_BY_ALIGNMENT(.gnu.linkonce.r.*))
                0x0000000000005770                . = ALIGN (0x4)
 *fill*         0x000000000000576e        0x2 
                0x0000000000005770                _fw_info_images_start = .
 *(SORT_BY_ALIGNMENT(.fw_info_images))
 .fw_info_images
                0x0000000000005770        0x4 modules/nrf/subsys/fw_info/lib..__nrf__subsys__fw_info.a(fw_info.c.obj)
                0x0000000000005770                self_image
                0x0000000000000001                _fw_info_images_size = ABSOLUTE (((. - _fw_info_images_start) / 0x4))
                0x0000000000005774                _ext_apis_start = .
 *(SORT_BY_ALIGNMENT(.ext_apis))
                0x0000000000000000                _ext_apis_size = ABSOLUTE ((. - _ext_apis_start))
                0x0000000000005774                _ext_apis_req_start = .
 *(SORT_BY_ALIGNMENT(.ext_apis_req))
                0x0000000000000000                _ext_apis_req_size = ABSOLUTE ((. - _ext_apis_req_start))
                0x0000000000005774                . = ALIGN (0x4)
                0x0000000000005774                _image_rodata_end = .
                0x0000000000005780                . = ALIGN (_region_min_align)
                0x0000000000005780                _image_rom_end = .
                0x0000000020000000                . = 0x20000000
                0x0000000020000000                . = ALIGN (_region_min_align)
                0x0000000020000000                _image_ram_start = .

.ramfunc        0x0000000020000000        0x0 load address 0x0000000000005774
                0x0000000020000000                . = ALIGN (_region_min_align)
                0x0000000020000000                _ramfunc_ram_start = .
 *(SORT_BY_ALIGNMENT(.ramfunc))
 *(SORT_BY_ALIGNMENT(.ramfunc.*))
                0x0000000020000000                . = ALIGN (_region_min_align)
                0x0000000020000000                _ramfunc_ram_end = .
                0x0000000000000000                _ramfunc_ram_size = (_ramfunc_ram_end - _ramfunc_ram_start)
                0x0000000000005774                _ramfunc_rom_start = LOADADDR (.ramfunc)

datas           0x0000000020000000       0xbc load address 0x0000000000005774
                0x0000000020000000                __data_ram_start = .
 *(SORT_BY_ALIGNMENT(.data))
 *(SORT_BY_ALIGNMENT(.data.*))
 .data._char_out
                0x0000000020000000        0x4 zephyr/libzephyr.a(printk.c.obj)
                0x0000000020000000                _char_out
 .data.asym_mutex
                0x0000000020000004        0x8 zephyr/libzephyr.a(nrf_cc3xx_platform_mutex_zephyr.c.obj)
 .data.power_mutex
                0x000000002000000c        0x8 zephyr/libzephyr.a(nrf_cc3xx_platform_mutex_zephyr.c.obj)
 .data.rng_mutex
                0x0000000020000014        0x8 zephyr/libzephyr.a(nrf_cc3xx_platform_mutex_zephyr.c.obj)
 .data.sym_mutex
                0x000000002000001c        0x8 zephyr/libzephyr.a(nrf_cc3xx_platform_mutex_zephyr.c.obj)
 .data._stdout_hook
                0x0000000020000024        0x4 zephyr/lib/libc/minimal/liblib__libc__minimal.a(stdout_console.c.obj)
 .data.uarte_0_data
                0x0000000020000028       0x14 zephyr/drivers/serial/libdrivers__serial.a(uart_nrfx_uarte.c.obj)
 .data.uarte_1_data
                0x000000002000003c       0x14 zephyr/drivers/serial/libdrivers__serial.a(uart_nrfx_uarte.c.obj)
 .data.SystemCoreClock
                0x0000000020000050        0x4 modules/nordic/lib..__modules__hal__nordic.a(system_nrf9160.c.obj)
                0x0000000020000050                SystemCoreClock
 .data.timeout_list
                0x0000000020000054        0x8 zephyr/kernel/libkernel.a(timeout.c.obj)
 .data.CCAsymCryptoMutex
                0x000000002000005c        0x4 modules/nrfxlib/nrf_security/src/mbedtls/cc310/libmbedcrypto_cc3xx.a(cc_pal.c.obj)
                0x000000002000005c                CCAsymCryptoMutex
 .data.CCPowerMutex
                0x0000000020000060        0x4 modules/nrfxlib/nrf_security/src/mbedtls/cc310/libmbedcrypto_cc3xx.a(cc_pal.c.obj)
                0x0000000020000060                CCPowerMutex
 .data.CCRndCryptoMutex
                0x0000000020000064        0x4 modules/nrfxlib/nrf_security/src/mbedtls/cc310/libmbedcrypto_cc3xx.a(cc_pal.c.obj)
                0x0000000020000064                CCRndCryptoMutex
 .data.CCSymCryptoMutex
                0x0000000020000068        0x4 modules/nrfxlib/nrf_security/src/mbedtls/cc310/libmbedcrypto_cc3xx.a(cc_pal.c.obj)
                0x0000000020000068                CCSymCryptoMutex
 .data.pCCRndCryptoMutex
                0x000000002000006c        0x4 modules/nrfxlib/nrf_security/src/mbedtls/cc310/libmbedcrypto_cc3xx.a(cc_pal.c.obj)
                0x000000002000006c                pCCRndCryptoMutex
 .data.platform_abort_apis
                0x0000000020000070        0x8 /home/skobec/Programs/ncs/nrfxlib/crypto/nrf_cc310_platform/lib/cortex-m33/hard-float/no-interrupts/libnrf_cc310_platform_0.9.4.a(nrf_cc3xx_platform_abort.c.obj)
                0x0000000020000070                platform_abort_apis
 .data.asym_mutex
                0x0000000020000078        0x8 /home/skobec/Programs/ncs/nrfxlib/crypto/nrf_cc310_platform/lib/cortex-m33/hard-float/no-interrupts/libnrf_cc310_platform_0.9.4.a(nrf_cc3xx_platform_mutex.c.obj)
 .data.platform_mutex_apis
                0x0000000020000080       0x10 /home/skobec/Programs/ncs/nrfxlib/crypto/nrf_cc310_platform/lib/cortex-m33/hard-float/no-interrupts/libnrf_cc310_platform_0.9.4.a(nrf_cc3xx_platform_mutex.c.obj)
                0x0000000020000080                platform_mutex_apis
 .data.platform_mutexes
                0x0000000020000090       0x14 /home/skobec/Programs/ncs/nrfxlib/crypto/nrf_cc310_platform/lib/cortex-m33/hard-float/no-interrupts/libnrf_cc310_platform_0.9.4.a(nrf_cc3xx_platform_mutex.c.obj)
                0x0000000020000090                platform_mutexes
 .data.power_mutex
                0x00000000200000a4        0x8 /home/skobec/Programs/ncs/nrfxlib/crypto/nrf_cc310_platform/lib/cortex-m33/hard-float/no-interrupts/libnrf_cc310_platform_0.9.4.a(nrf_cc3xx_platform_mutex.c.obj)
 .data.rng_mutex
                0x00000000200000ac        0x8 /home/skobec/Programs/ncs/nrfxlib/crypto/nrf_cc310_platform/lib/cortex-m33/hard-float/no-interrupts/libnrf_cc310_platform_0.9.4.a(nrf_cc3xx_platform_mutex.c.obj)
 .data.sym_mutex
                0x00000000200000b4        0x8 /home/skobec/Programs/ncs/nrfxlib/crypto/nrf_cc310_platform/lib/cortex-m33/hard-float/no-interrupts/libnrf_cc310_platform_0.9.4.a(nrf_cc3xx_platform_mutex.c.obj)
 *(SORT_BY_ALIGNMENT(.kernel.*))
                0x0000000000005774                __data_rom_start = LOADADDR (datas)

devices         0x00000000200000bc       0x54 load address 0x0000000000005830
                0x00000000200000bc                __device_start = .
                0x00000000200000bc                __device_PRE_KERNEL_1_start = .
 *(SORT_BY_NAME(SORT_BY_ALIGNMENT(.device_PRE_KERNEL_1[0-9]*)))
 .device_PRE_KERNEL_150
                0x00000000200000bc       0x10 zephyr/libzephyr.a(clock_control_nrf.c.obj)
 .device_PRE_KERNEL_150
                0x00000000200000cc       0x20 zephyr/drivers/serial/libdrivers__serial.a(uart_nrfx_uarte.c.obj)
 *(SORT_BY_NAME(SORT_BY_ALIGNMENT(.device_PRE_KERNEL_1[1-9][0-9]*)))
                0x00000000200000ec                __device_PRE_KERNEL_2_start = .
 *(SORT_BY_NAME(SORT_BY_ALIGNMENT(.device_PRE_KERNEL_2[0-9]*)))
 .device_PRE_KERNEL_20
                0x00000000200000ec       0x10 zephyr/libzephyr.a(sys_clock_init.c.obj)
 *(SORT_BY_NAME(SORT_BY_ALIGNMENT(.device_PRE_KERNEL_2[1-9][0-9]*)))
                0x00000000200000fc                __device_POST_KERNEL_start = .
 *(SORT_BY_NAME(SORT_BY_ALIGNMENT(.device_POST_KERNEL[0-9]*)))
 .device_POST_KERNEL40
                0x00000000200000fc       0x10 modules/nrf/drivers/hw_cc310/lib..__nrf__drivers__hw_cc310.a(hw_cc310.c.obj)
 *(SORT_BY_NAME(SORT_BY_ALIGNMENT(.device_POST_KERNEL[1-9][0-9]*)))
                0x000000002000010c                __device_APPLICATION_start = .
 *(SORT_BY_NAME(SORT_BY_ALIGNMENT(.device_APPLICATION[0-9]*)))
 *(SORT_BY_NAME(SORT_BY_ALIGNMENT(.device_APPLICATION[1-9][0-9]*)))
                0x000000002000010c                __device_SMP_start = .
 *(SORT_BY_NAME(SORT_BY_ALIGNMENT(.device_SMP[0-9]*)))
 *(SORT_BY_NAME(SORT_BY_ALIGNMENT(.device_SMP[1-9][0-9]*)))
                0x000000002000010c                __device_end = .
 FILL mask 0x00
                0x000000002000010c                __device_init_status_start = .
                0x0000000020000110                . = (. + (((((__device_end - __device_start) / 0x10) + 0x1f) / 0x20) * 0x4))
 *fill*         0x000000002000010c        0x4 00
                0x0000000020000110                __device_init_status_end = .

initshell       0x0000000020000110        0x0 load address 0x0000000000005884
                0x0000000020000110                __shell_module_start = .
 *(SORT_BY_ALIGNMENT(.shell_module_*))
                0x0000000020000110                __shell_module_end = .
                0x0000000020000110                __shell_cmd_start = .
 *(SORT_BY_ALIGNMENT(.shell_cmd_*))
                0x0000000020000110                __shell_cmd_end = .

log_dynamic_sections
                0x0000000020000110        0x0 load address 0x0000000000005884
                0x0000000020000110                __log_dynamic_start = .
 *(SORT_BY_NAME(SORT_BY_ALIGNMENT(.log_dynamic_*)))
                0x0000000020000110                __log_dynamic_end = .

_static_thread_data_area
                0x0000000020000110        0x0 load address 0x0000000000005884
                0x0000000020000110                __static_thread_data_list_start = .
 *(SORT_BY_NAME(SORT_BY_ALIGNMENT(.__static_thread_data.static.*)))
                0x0000000020000110                __static_thread_data_list_end = .

k_timer_area    0x0000000020000110        0x0 load address 0x0000000000005884
                0x0000000020000110                _k_timer_list_start = .
 *(SORT_BY_NAME(SORT_BY_ALIGNMENT(._k_timer.static.*)))
                0x0000000020000110                _k_timer_list_end = .

k_mem_slab_area
                0x0000000020000110        0x0 load address 0x0000000000005884
                0x0000000020000110                _k_mem_slab_list_start = .
 *(SORT_BY_NAME(SORT_BY_ALIGNMENT(._k_mem_slab.static.*)))
                0x0000000020000110                _k_mem_slab_list_end = .

k_mem_pool_area
                0x0000000020000110        0x0 load address 0x0000000000005884
                0x0000000020000110                _k_mem_pool_list_start = .
 *(SORT_BY_NAME(SORT_BY_ALIGNMENT(._k_mem_pool.static.*)))
                0x0000000020000110                _k_mem_pool_list_end = .

k_heap_area     0x0000000020000110        0x0 load address 0x0000000000005884
                0x0000000020000110                _k_heap_list_start = .
 *(SORT_BY_NAME(SORT_BY_ALIGNMENT(._k_heap.static.*)))
                0x0000000020000110                _k_heap_list_end = .

k_mutex_area    0x0000000020000110       0x50 load address 0x0000000000005884
                0x0000000020000110                _k_mutex_list_start = .
 *(SORT_BY_NAME(SORT_BY_ALIGNMENT(._k_mutex.static.*)))
 ._k_mutex.static.asym_mutex_int
                0x0000000020000110       0x14 zephyr/libzephyr.a(nrf_cc3xx_platform_mutex_zephyr.c.obj)
                0x0000000020000110                asym_mutex_int
 ._k_mutex.static.power_mutex_int
                0x0000000020000124       0x14 zephyr/libzephyr.a(nrf_cc3xx_platform_mutex_zephyr.c.obj)
                0x0000000020000124                power_mutex_int
 ._k_mutex.static.rng_mutex_int
                0x0000000020000138       0x14 zephyr/libzephyr.a(nrf_cc3xx_platform_mutex_zephyr.c.obj)
                0x0000000020000138                rng_mutex_int
 ._k_mutex.static.sym_mutex_int
                0x000000002000014c       0x14 zephyr/libzephyr.a(nrf_cc3xx_platform_mutex_zephyr.c.obj)
                0x000000002000014c                sym_mutex_int
                0x0000000020000160                _k_mutex_list_end = .

k_stack_area    0x0000000020000160        0x0 load address 0x00000000000058d4
                0x0000000020000160                _k_stack_list_start = .
 *(SORT_BY_NAME(SORT_BY_ALIGNMENT(._k_stack.static.*)))
                0x0000000020000160                _k_stack_list_end = .

k_msgq_area     0x0000000020000160        0x0 load address 0x00000000000058d4
                0x0000000020000160                _k_msgq_list_start = .
 *(SORT_BY_NAME(SORT_BY_ALIGNMENT(._k_msgq.static.*)))
                0x0000000020000160                _k_msgq_list_end = .

k_mbox_area     0x0000000020000160        0x0 load address 0x00000000000058d4
                0x0000000020000160                _k_mbox_list_start = .
 *(SORT_BY_NAME(SORT_BY_ALIGNMENT(._k_mbox.static.*)))
                0x0000000020000160                _k_mbox_list_end = .

k_pipe_area     0x0000000020000160        0x0 load address 0x00000000000058d4
                0x0000000020000160                _k_pipe_list_start = .
 *(SORT_BY_NAME(SORT_BY_ALIGNMENT(._k_pipe.static.*)))
                0x0000000020000160                _k_pipe_list_end = .

k_sem_area      0x0000000020000160        0x0 load address 0x00000000000058d4
                0x0000000020000160                _k_sem_list_start = .
 *(SORT_BY_NAME(SORT_BY_ALIGNMENT(._k_sem.static.*)))
                0x0000000020000160                _k_sem_list_end = .

k_queue_area    0x0000000020000160        0x0 load address 0x00000000000058d4
                0x0000000020000160                _k_queue_list_start = .
 *(SORT_BY_NAME(SORT_BY_ALIGNMENT(._k_queue.static.*)))
                0x0000000020000160                _k_queue_list_end = .

_net_buf_pool_area
                0x0000000020000160        0x0 load address 0x00000000000058d4
                0x0000000020000160                _net_buf_pool_list = .
 *(SORT_BY_NAME(SORT_BY_ALIGNMENT(._net_buf_pool.static.*)))
                0x0000000020000160                __data_ram_end = .

bss             0x0000000020000160      0x70e
                0x0000000020000160                . = ALIGN (0x4)
                0x0000000020000160                __bss_start = .
                0x0000000020000160                __kernel_ram_start = .
 *(SORT_BY_ALIGNMENT(.bss))
 *(SORT_BY_ALIGNMENT(.bss.*))
 .bss.z_idle_threads
                0x0000000020000160       0x80 zephyr/kernel/libkernel.a(init.c.obj)
                0x0000000020000160                z_idle_threads
 .bss.z_main_thread
                0x00000000200001e0       0x80 zephyr/kernel/libkernel.a(init.c.obj)
                0x00000000200001e0                z_main_thread
 .bss.curr_tick
                0x0000000020000260        0x8 zephyr/kernel/libkernel.a(timeout.c.obj)
 .bss.uart_console_dev
                0x0000000020000268        0x4 zephyr/libzephyr.a(uart_console.c.obj)
 .bss.cli.11517
                0x000000002000026c       0x10 zephyr/libzephyr.a(clock_control_nrf.c.obj)
 .bss.data      0x000000002000027c       0x50 zephyr/libzephyr.a(clock_control_nrf.c.obj)
 .bss.hfclk_users
                0x00000000200002cc        0x4 zephyr/libzephyr.a(clock_control_nrf.c.obj)
 .bss.on.11516  0x00000000200002d0        0x4 zephyr/libzephyr.a(clock_control_nrf.c.obj)
 .bss.last_count
                0x00000000200002d4        0x4 zephyr/libzephyr.a(nrf_rtc_timer.c.obj)
 .bss.mutex_slab
                0x00000000200002d8       0x1c zephyr/libzephyr.a(nrf_cc3xx_platform_mutex_zephyr.c.obj)
                0x00000000200002d8                mutex_slab
 .bss.mutex_slab_buffer
                0x00000000200002f4      0x500 zephyr/libzephyr.a(nrf_cc3xx_platform_mutex_zephyr.c.obj)
                0x00000000200002f4                mutex_slab_buffer
 .bss.dyn_reg_info
                0x00000000200007f4       0x14 zephyr/arch/arch/arm/core/aarch32/cortex_m/mpu/libarch__arm__core__aarch32__cortex_m__mpu.a(arm_mpu.c.obj)
 .bss.m_clock_cb
                0x0000000020000808        0x8 modules/nordic/lib..__modules__hal__nordic.a(nrfx_clock.c.obj)
 .bss._kernel   0x0000000020000810       0x30 zephyr/kernel/libkernel.a(sched.c.obj)
                0x0000000020000810                _kernel
 .bss.pending_current
                0x0000000020000840        0x4 zephyr/kernel/libkernel.a(sched.c.obj)
 .bss.slice_max_prio
                0x0000000020000844        0x4 zephyr/kernel/libkernel.a(sched.c.obj)
 .bss.slice_time
                0x0000000020000848        0x4 zephyr/kernel/libkernel.a(sched.c.obj)
 .bss.announce_remaining
                0x000000002000084c        0x4 zephyr/kernel/libkernel.a(timeout.c.obj)
 .bss.use_count
                0x0000000020000850        0x4 modules/nrfxlib/nrf_security/src/mbedtls/cc310/libmbedcrypto_cc3xx.a(cc_pal_pm.c.obj)
 .bss.nrf_cc3xx_platform_initialized
                0x0000000020000854        0x4 /home/skobec/Programs/ncs/nrfxlib/crypto/nrf_cc310_platform/lib/cortex-m33/hard-float/no-interrupts/libnrf_cc310_platform_0.9.4.a(nrf_cc3xx_platform.c.obj)
 .bss.nrf_cc3xx_platform_rng_initialized
                0x0000000020000858        0x4 /home/skobec/Programs/ncs/nrfxlib/crypto/nrf_cc310_platform/lib/cortex-m33/hard-float/no-interrupts/libnrf_cc310_platform_0.9.4.a(nrf_cc3xx_platform.c.obj)
 .bss.asym_mutex_int
                0x000000002000085c        0x4 /home/skobec/Programs/ncs/nrfxlib/crypto/nrf_cc310_platform/lib/cortex-m33/hard-float/no-interrupts/libnrf_cc310_platform_0.9.4.a(nrf_cc3xx_platform_mutex.c.obj)
 .bss.power_mutex_int
                0x0000000020000860        0x4 /home/skobec/Programs/ncs/nrfxlib/crypto/nrf_cc310_platform/lib/cortex-m33/hard-float/no-interrupts/libnrf_cc310_platform_0.9.4.a(nrf_cc3xx_platform_mutex.c.obj)
 .bss.rng_mutex_int
                0x0000000020000864        0x4 /home/skobec/Programs/ncs/nrfxlib/crypto/nrf_cc310_platform/lib/cortex-m33/hard-float/no-interrupts/libnrf_cc310_platform_0.9.4.a(nrf_cc3xx_platform_mutex.c.obj)
 .bss.sym_mutex_int
                0x0000000020000868        0x4 /home/skobec/Programs/ncs/nrfxlib/crypto/nrf_cc310_platform/lib/cortex-m33/hard-float/no-interrupts/libnrf_cc310_platform_0.9.4.a(nrf_cc3xx_platform_mutex.c.obj)
 .bss.static_regions_num
                0x000000002000086c        0x1 zephyr/arch/arch/arm/core/aarch32/cortex_m/mpu/libarch__arm__core__aarch32__cortex_m__mpu.a(arm_mpu.c.obj)
 .bss.z_sys_post_kernel
                0x000000002000086d        0x1 zephyr/kernel/libkernel.a(init.c.obj)
                0x000000002000086d                z_sys_post_kernel
 .bss.lock      0x000000002000086e        0x0 zephyr/kernel/libkernel.a(mem_slab.c.obj)
 .bss.lock      0x000000002000086e        0x0 zephyr/kernel/libkernel.a(mutex.c.obj)
 .bss.sched_spinlock
                0x000000002000086e        0x0 zephyr/kernel/libkernel.a(sched.c.obj)
 .bss.lock      0x000000002000086e        0x0 zephyr/kernel/libkernel.a(sem.c.obj)
 *(SORT_BY_ALIGNMENT(COMMON))
 *(SORT_BY_ALIGNMENT(.kernel_bss.*))
                0x0000000020000870                __bss_end = ALIGN (0x4)

noinit          0x0000000020000870      0xd40
 *(SORT_BY_ALIGNMENT(.noinit))
 *(SORT_BY_ALIGNMENT(.noinit.*))
 .noinit."WEST_TOPDIR/zephyr/kernel/init.c".2
                0x0000000020000870      0x400 zephyr/kernel/libkernel.a(init.c.obj)
                0x0000000020000870                z_main_stack
 .noinit."WEST_TOPDIR/zephyr/kernel/init.c".3
                0x0000000020000c70      0x140 zephyr/kernel/libkernel.a(init.c.obj)
 .noinit."WEST_TOPDIR/zephyr/kernel/init.c".4
                0x0000000020000db0      0x800 zephyr/kernel/libkernel.a(init.c.obj)
                0x0000000020000db0                z_interrupt_stacks
 *(SORT_BY_ALIGNMENT(.kernel_noinit.*))
                0x00000000200015b0                _image_ram_end = .
                0x00000000200015b0                _end = .
                0x0000000020010000                __kernel_ram_end = 0x20010000
                0x000000000000fea0                __kernel_ram_size = (__kernel_ram_end - __kernel_ram_start)
                0x0000000000000001                ASSERT (((((_image_rom_start + _flash_used) - 0x1) / 0x8000) < 0x1), SPM and app are sharing an SPU region. Cannot partition flash correctly into secure and non-secure. Adjust partitions sizes so they are placed in separate regions.)

.intList        0x0000000020010000       0x28
 *(SORT_BY_ALIGNMENT(.irq_info*))
 .irq_info      0x0000000020010000        0x8 zephyr/arch/common/libisr_tables.a(isr_tables.c.obj)
                0x0000000020010000                _iheader
 *(SORT_BY_ALIGNMENT(.intList*))
 .intList       0x0000000020010008       0x10 zephyr/libzephyr.a(clock_control_nrf.c.obj)
 .intList       0x0000000020010018       0x10 zephyr/libzephyr.a(nrf_rtc_timer.c.obj)

.gnu.sgstubs    0x00000000000058e0     0x2720
                0x0000000000007fe0                . = ((ALIGN (0x8000) - MAX (0x20, (0x1 << LOG2CEIL (__sg_size)))) + (ABSOLUTE (.) > (ALIGN (0x8000) - MAX (0x20, (0x1 << LOG2CEIL (__sg_size)))))?0x8000:0x0)
 *fill*         0x00000000000058e0     0x2700 
                0x0000000000007fe0                __sg_start = .
 .gnu.sgstubs.__stub
                0x0000000000007fe0       0x18 linker stubs
                0x0000000000007fe0                spm_firmware_info_nse
                0x0000000000007fe8                spm_request_random_number_nse
                0x0000000000007ff0                spm_request_read_nse
                0x0000000000008000                __sg_end = .
                0x0000000000000020                __sg_size = (__sg_end - __sg_start)
                0x0000000000008000                . = ALIGN (0x8000)
                0x0000000000000020                __nsc_size = (. - __sg_start)
                0x0000000000000001                ASSERT (((__sg_size == 0x0) || ((((0x1 << LOG2CEIL ((0x8000 - (__sg_start % 0x8000)))) == (0x8000 - (__sg_start % 0x8000))) && ((0x8000 - (__sg_start % 0x8000)) >= 0x20)) && ((0x8000 - (__sg_start % 0x8000)) <= 0x1000))), The Non-Secure Callable region size must be a power of 2 between 32 and 4096 bytes.)

.stab
 *(SORT_BY_ALIGNMENT(.stab))

.stabstr
 *(SORT_BY_ALIGNMENT(.stabstr))

.stab.excl
 *(SORT_BY_ALIGNMENT(.stab.excl))

.stab.exclstr
 *(SORT_BY_ALIGNMENT(.stab.exclstr))

.stab.index
 *(SORT_BY_ALIGNMENT(.stab.index))

.stab.indexstr
 *(SORT_BY_ALIGNMENT(.stab.indexstr))

.gnu.build.attributes
 *(SORT_BY_ALIGNMENT(.gnu.build.attributes) SORT_BY_ALIGNMENT(.gnu.build.attributes.*))

.comment        0x0000000000000000       0xef
 *(SORT_BY_ALIGNMENT(.comment))
 .comment       0x0000000000000000       0x76 app/libapp.a(main.c.obj)
                                         0x77 (size before relaxing)
 .comment       0x0000000000000076       0x77 zephyr/libzephyr.a(notify.c.obj)
 .comment       0x0000000000000076       0x77 zephyr/libzephyr.a(printk.c.obj)
 .comment       0x0000000000000076       0x77 zephyr/libzephyr.a(onoff.c.obj)
 .comment       0x0000000000000076       0x77 zephyr/libzephyr.a(thread_entry.c.obj)
 .comment       0x0000000000000076       0x77 zephyr/libzephyr.a(heap.c.obj)
 .comment       0x0000000000000076       0x77 zephyr/libzephyr.a(configs.c.obj)
 .comment       0x0000000000000076       0x77 zephyr/libzephyr.a(soc.c.obj)
 .comment       0x0000000000000076       0x77 zephyr/libzephyr.a(reboot.c.obj)
 .comment       0x0000000000000076       0x77 zephyr/libzephyr.a(uart_console.c.obj)
 .comment       0x0000000000000076       0x77 zephyr/libzephyr.a(clock_control_nrf.c.obj)
 .comment       0x0000000000000076       0x77 zephyr/libzephyr.a(sys_clock_init.c.obj)
 .comment       0x0000000000000076       0x77 zephyr/libzephyr.a(nrf_rtc_timer.c.obj)
 .comment       0x0000000000000076       0x77 zephyr/libzephyr.a(spm.c.obj)
 .comment       0x0000000000000076       0x77 zephyr/libzephyr.a(secure_services.c.obj)
 .comment       0x0000000000000076       0x77 zephyr/libzephyr.a(nrf_cc3xx_platform_abort_zephyr.c.obj)
 .comment       0x0000000000000076       0x77 zephyr/libzephyr.a(nrf_cc3xx_platform_mutex_zephyr.c.obj)
 .comment       0x0000000000000076       0x77 zephyr/arch/arch/arm/core/aarch32/libarch__arm__core__aarch32.a(swap.c.obj)
 .comment       0x0000000000000076       0x77 zephyr/arch/arch/arm/core/aarch32/libarch__arm__core__aarch32.a(irq_manage.c.obj)
 .comment       0x0000000000000076       0x77 zephyr/arch/arch/arm/core/aarch32/libarch__arm__core__aarch32.a(thread.c.obj)
 .comment       0x0000000000000076       0x77 zephyr/arch/arch/arm/core/aarch32/libarch__arm__core__aarch32.a(fatal.c.obj)
 .comment       0x0000000000000076       0x77 zephyr/arch/arch/arm/core/aarch32/libarch__arm__core__aarch32.a(nmi.c.obj)
 .comment       0x0000000000000076       0x77 zephyr/arch/arch/arm/core/aarch32/libarch__arm__core__aarch32.a(prep_c.c.obj)
 .comment       0x0000000000000076       0x77 zephyr/arch/arch/arm/core/aarch32/cortex_m/libarch__arm__core__aarch32__cortex_m.a(fault.c.obj)
 .comment       0x0000000000000076       0x77 zephyr/arch/arch/arm/core/aarch32/cortex_m/libarch__arm__core__aarch32__cortex_m.a(scb.c.obj)
 .comment       0x0000000000000076       0x77 zephyr/arch/arch/arm/core/aarch32/cortex_m/libarch__arm__core__aarch32__cortex_m.a(irq_init.c.obj)
 .comment       0x0000000000000076       0x77 zephyr/arch/arch/arm/core/aarch32/cortex_m/libarch__arm__core__aarch32__cortex_m.a(thread_abort.c.obj)
 .comment       0x0000000000000076       0x77 zephyr/arch/arch/arm/core/aarch32/cortex_m/mpu/libarch__arm__core__aarch32__cortex_m__mpu.a(arm_core_mpu.c.obj)
 .comment       0x0000000000000076       0x77 zephyr/arch/arch/arm/core/aarch32/cortex_m/mpu/libarch__arm__core__aarch32__cortex_m__mpu.a(arm_mpu.c.obj)
 .comment       0x0000000000000076       0x77 zephyr/arch/arch/arm/core/aarch32/cortex_m/cmse/libarch__arm__core__aarch32__cortex_m__cmse.a(arm_core_cmse.c.obj)
 .comment       0x0000000000000076       0x77 zephyr/arch/arch/arm/core/aarch32/cortex_m/tz/libarch__arm__core__aarch32__cortex_m__tz.a(arm_core_tz.c.obj)
 .comment       0x0000000000000076       0x77 zephyr/lib/libc/minimal/liblib__libc__minimal.a(string.c.obj)
 .comment       0x0000000000000076       0x77 zephyr/lib/libc/minimal/liblib__libc__minimal.a(stdout_console.c.obj)
 .comment       0x0000000000000076       0x77 zephyr/soc/arm/common/cortex_m/libsoc__arm__common__cortex_m.a(arm_mpu_regions.c.obj)
 .comment       0x0000000000000076       0x77 zephyr/drivers/serial/libdrivers__serial.a(uart_nrfx_uarte.c.obj)
 .comment       0x0000000000000076       0x77 modules/nrf/lib/fatal_error/lib..__nrf__lib__fatal_error.a(fatal_error.c.obj)
 .comment       0x0000000000000076       0x77 modules/nrf/subsys/fw_info/lib..__nrf__subsys__fw_info.a(fw_info.c.obj)
 .comment       0x0000000000000076       0x77 modules/nrf/drivers/hw_cc310/lib..__nrf__drivers__hw_cc310.a(hw_cc310.c.obj)
 .comment       0x0000000000000076       0x77 modules/nordic/lib..__modules__hal__nordic.a(system_nrf9160.c.obj)
 .comment       0x0000000000000076       0x77 modules/nordic/lib..__modules__hal__nordic.a(nrfx_glue.c.obj)
 .comment       0x0000000000000076       0x77 modules/nordic/lib..__modules__hal__nordic.a(nrfx_clock.c.obj)
 .comment       0x0000000000000076       0x77 zephyr/kernel/libkernel.a(device.c.obj)
 .comment       0x0000000000000076       0x77 zephyr/kernel/libkernel.a(errno.c.obj)
 .comment       0x0000000000000076       0x77 zephyr/kernel/libkernel.a(fatal.c.obj)
 .comment       0x0000000000000076       0x77 zephyr/kernel/libkernel.a(idle.c.obj)
 .comment       0x0000000000000076       0x77 zephyr/kernel/libkernel.a(init.c.obj)
 .comment       0x0000000000000076       0x77 zephyr/kernel/libkernel.a(mem_slab.c.obj)
 .comment       0x0000000000000076       0x77 zephyr/kernel/libkernel.a(mutex.c.obj)
 .comment       0x0000000000000076       0x77 zephyr/kernel/libkernel.a(sched.c.obj)
 .comment       0x0000000000000076       0x77 zephyr/kernel/libkernel.a(sem.c.obj)
 .comment       0x0000000000000076       0x77 zephyr/kernel/libkernel.a(thread.c.obj)
 .comment       0x0000000000000076       0x77 zephyr/kernel/libkernel.a(timeout.c.obj)
 .comment       0x0000000000000076       0x77 zephyr/kernel/libkernel.a(kheap.c.obj)
 .comment       0x0000000000000076       0x77 zephyr/CMakeFiles/offsets.dir/arch/arm/core/offsets/offsets.c.obj
 .comment       0x0000000000000076       0x77 zephyr/arch/common/libisr_tables.a(isr_tables.c.obj)
 .comment       0x0000000000000076       0x79 modules/nrfxlib/nrf_security/src/mbedtls/cc310/libmbedcrypto_cc3xx.a(cc_pal_mem.c.obj)
                                         0x7a (size before relaxing)